Testing Salmonidae with custom shapefile coordinate parsing...
==============================================
/Users/stesmith/opt/anaconda3/envs/boldgenotyper/lib/python3.10/site-packages/Bio/pairwise2.py:278: BiopythonDeprecationWarning: Bio.pairwise2 has been deprecated, and we intend to remove it in a future release of Biopython. As an alternative, please consider using Bio.Align.PairwiseAligner as a replacement, and contact the Biopython developers if you still need the Bio.pairwise2 module.
  warnings.warn(
[2026-02-05 17:24:56] INFO: Logging to file: /Users/stesmith/Documents/depredation/boldgenotyper/output/Salmonidae_full_test/Salmonidae_pipeline.log
================================================================================
BOLDGenotyper Pipeline
================================================================================
Organism: Salmonidae
Input: data/Salmonidae.tsv
Output: /Users/stesmith/Documents/depredation/boldgenotyper/output/Salmonidae_full_test

Parameters:
  Clustering threshold: 0.03 (97.0% identity)
  Similarity threshold: 0.5 (50% identity)
  Tie margin: 0.003 (0.3% difference)
  Tie threshold: 0.95 (95% identity)
  Threads: 8
  Build tree: True
  Phylo outgroup FASTA: None
  Phylo outgroup label: None
  Phylo outgroup taxon: None
  Geographic analysis: Custom shapefile
    Shapefile: hybas_pour_lev07_v1_shp/hybas_pour_lev07_v1.shp
    Field: HYBAS_ID
    Category: freshwater_basin
================================================================================

[2026-02-05 17:24:56] INFO: ================================================================================
[2026-02-05 17:24:56] INFO: BOLDGenotyper Pipeline - Salmonidae
[2026-02-05 17:24:56] INFO: ================================================================================
[2026-02-05 17:24:56] INFO: Input TSV: data/Salmonidae.tsv
[2026-02-05 17:24:56] INFO: Output directory: /Users/stesmith/Documents/depredation/boldgenotyper/output/Salmonidae_full_test
[2026-02-05 17:24:56] INFO: 
[2026-02-05 17:24:56] INFO: Saved pipeline parameters to /Users/stesmith/Documents/depredation/boldgenotyper/output/Salmonidae_full_test/Salmonidae_pipeline_parameters.json
[2026-02-05 17:24:56] INFO: PHASE 1: Data Loading and Quality Control
[2026-02-05 17:24:56] INFO: --------------------------------------------------------------------------------
[2026-02-05 17:24:56] INFO: 1.1: Parsing BOLD TSV metadata...
[2026-02-05 17:24:56] INFO: Reading BOLD TSV file: data/Salmonidae.tsv
[2026-02-05 17:24:56] INFO: Read 7068 rows and 93 columns
[2026-02-05 17:24:56] WARNING: Found 1154 duplicate processids. Examples: ['ARAZA001-22', 'ARAZA447-22', 'CFF021-16', 'CFF041-16', 'CFF077-16']. Keeping only first occurrence of each duplicate.
[2026-02-05 17:24:56] INFO: After removing duplicates: 5914 rows remaining
[2026-02-05 17:24:56] INFO: Data quality summary:
[2026-02-05 17:24:56] INFO:   total_rows: 5914
[2026-02-05 17:24:56] INFO:   total_columns: 93
[2026-02-05 17:24:56] INFO:   unique_processids: 5914
[2026-02-05 17:24:56] INFO:   sequences_present: 5911
[2026-02-05 17:24:56] INFO:   sequences_missing: 3
[2026-02-05 17:24:56] INFO:   empty_sequences: 0
[2026-02-05 17:24:56] INFO:   coords_present: 2201
[2026-02-05 17:24:56] INFO:   coords_missing: 3713
[2026-02-05 17:24:56] INFO:   centroid_coords: 580
[2026-02-05 17:24:56] INFO:   ✓ Loaded 5914 samples with 93 columns
[2026-02-05 17:24:56] INFO: 1.2: Marking coordinate quality...
[2026-02-05 17:24:56] INFO: Marked 580 samples with centroid coordinates
[2026-02-05 17:24:56] INFO: Geographic quality: 5334/5914 samples (90.2%) suitable for ocean basin assignment
[2026-02-05 17:24:56] INFO: 1.3: Assigning geographic regions (freshwater_basin)...
[2026-02-05 17:24:56] INFO:   → Using custom shapefile: hybas_pour_lev07_v1_shp/hybas_pour_lev07_v1.shp
[2026-02-05 17:24:56] INFO:   → Shapefile field: HYBAS_ID
[2026-02-05 17:24:56] INFO:   → Geographic category: freshwater_basin
[2026-02-05 17:24:56] INFO:   → 5334/5914 samples have geographic-quality coordinates
[2026-02-05 17:24:56] INFO: Assigning regions from shapefile: hybas_pour_lev07_v1_shp/hybas_pour_lev07_v1.shp
[2026-02-05 17:24:56] INFO:   Shapefile field: HYBAS_ID
[2026-02-05 17:24:56] INFO:   Output column: freshwater_basin
[2026-02-05 17:24:56] INFO: Parsing coordinates from 'coord' column
[2026-02-05 17:24:56] INFO: Parsed 1621 coordinate pairs from 'coord'
[2026-02-05 17:24:56] INFO: Processing 1621 samples with coordinates
[2026-02-05 17:25:08] INFO: Loaded shapefile with 4334513 regions
[2026-02-05 17:25:08] INFO: Creating point geometries for 1621/1621 samples with coordinates
[2026-02-05 17:25:08] INFO: Region assignment complete:
[2026-02-05 17:25:08] INFO:   0 samples assigned to 0 regions
[2026-02-05 17:25:08] INFO:   5334 samples could not be assigned
[2026-02-05 17:25:09] INFO:   ✓ Assigned freshwater_basin to 1154 samples
[2026-02-05 17:25:09] INFO:   → 4760 samples marked as 'Unknown' (missing coordinates)
[2026-02-05 17:25:09] INFO: 
[2026-02-05 17:25:09] INFO: PHASE 2: Pre-processing Quality Control
[2026-02-05 17:25:09] INFO: --------------------------------------------------------------------------------
[2026-02-05 17:25:09] INFO: 2.1: Generating initial FASTA from raw sequences...
[2026-02-05 17:25:09] INFO:   Processing 5914 samples
[2026-02-05 17:25:09] INFO:   Loaded 5911 sequences
[2026-02-05 17:25:09] WARNING:   Skipped 3 samples with missing/empty sequences
[2026-02-05 17:25:09] INFO: 2.2: Normalizing sequence orientation and validating ORF...
[2026-02-05 17:25:09] INFO:   Using genetic code: 2 (vertebrate mitochondrial)
[2026-02-05 17:25:09] INFO:   Minimum ORF coverage: 50%
[2026-02-05 17:25:09] INFO:   Maximum internal stops: 2
[2026-02-05 17:25:14] INFO: Orientation normalization complete:
[2026-02-05 17:25:14] INFO:   Total sequences: 5911
[2026-02-05 17:25:14] INFO:   Reverse complemented: 22 (0.4%)
[2026-02-05 17:25:14] INFO:   Reading frame distribution:
[2026-02-05 17:25:14] INFO:     Frame +0: 1857 (31.4%)
[2026-02-05 17:25:14] INFO:     Frame +1: 3342 (56.5%)
[2026-02-05 17:25:14] INFO:     Frame +2: 712 (12.0%)
[2026-02-05 17:25:14] INFO:   Invalid ORF: 113 (1.9%)
[2026-02-05 17:25:14] WARNING:   113 sequences failed ORF validation. These may be contamination, NUMTs, or sequencing errors.
[2026-02-05 17:25:15] INFO:   Saved ORF validation results: /Users/stesmith/Documents/depredation/boldgenotyper/output/Salmonidae_full_test/intermediate/quality_control/Salmonidae_orf_validation.csv
[2026-02-05 17:25:15] INFO:   Saved oriented sequences: /Users/stesmith/Documents/depredation/boldgenotyper/output/Salmonidae_full_test/intermediate/quality_control/Salmonidae_oriented.fasta
[2026-02-05 17:25:15] INFO: 2.3: Applying dynamic quality control filters...
[2026-02-05 17:25:15] INFO:   Absolute minimum length: 200 bp
[2026-02-05 17:25:15] INFO:   Median-based minimum: 70% of median
[2026-02-05 17:25:15] INFO:   Maximum N fraction: 5.0%
[2026-02-05 17:25:15] INFO:   Require valid ORF: True
[2026-02-05 17:25:15] INFO: Dynamic QC thresholds:
[2026-02-05 17:25:15] INFO:   Median sequence length: 652 bp
[2026-02-05 17:25:15] INFO:   Absolute minimum: 200 bp
[2026-02-05 17:25:15] INFO:   Adaptive minimum: 456 bp (70% of median)
[2026-02-05 17:25:15] INFO:   Max N fraction: 5.0%
/Users/stesmith/Documents/depredation/boldgenotyper/boldgenotyper/quality_control.py:303: FutureWarning: Downcasting object dtype arrays on .fillna, .ffill, .bfill is deprecated and will change in a future version. Call result.infer_objects(copy=False) instead. To opt-in to the future behavior, set `pd.set_option('future.no_silent_downcasting', True)`
  qc_df['orf_valid'] = qc_df['orf_valid'].fillna(False)
[2026-02-05 17:25:15] INFO: QC filtering results:
[2026-02-05 17:25:15] INFO:   Total samples: 5914
[2026-02-05 17:25:15] INFO:   Passed QC: 5546 (93.8%)
[2026-02-05 17:25:15] INFO:   Failed QC: 368 (6.2%)
[2026-02-05 17:25:15] INFO:     - Failed absolute thresholds: 103
[2026-02-05 17:25:15] INFO:     - Failed median-based thresholds: 331
[2026-02-05 17:25:15] INFO:     - Failed ORF validation: 116
[2026-02-05 17:25:15] WARNING:   116 sequences excluded as likely NUMTs, contamination, or pseudogenes
[2026-02-05 17:25:15] INFO: Retained 5546 samples after QC filtering
[2026-02-05 17:25:15] INFO:   Saved QC-passed metadata: /Users/stesmith/Documents/depredation/boldgenotyper/output/Salmonidae_full_test/intermediate/quality_control/Salmonidae_qc_passed.tsv
[2026-02-05 17:25:15] INFO: 2.4: Generating FASTA from QC-passed samples...
[2026-02-05 17:25:15] INFO:   Created 5546 QC-passed FASTA records
[2026-02-05 17:25:15] INFO:   Saved: /Users/stesmith/Documents/depredation/boldgenotyper/output/Salmonidae_full_test/intermediate/quality_control/Salmonidae_qc_passed.fasta
[2026-02-05 17:25:15] INFO: QC Summary:
[2026-02-05 17:25:15] INFO:   Total input sequences: 5914
[2026-02-05 17:25:15] INFO:   Passed all QC filters: 5546 (93.8%)
[2026-02-05 17:25:15] INFO:   Failed QC filters: 368 (6.2%)
[2026-02-05 17:25:15] INFO: 
[2026-02-05 17:25:15] INFO: PHASE 3: Haplotype Discovery
[2026-02-05 17:25:15] INFO: --------------------------------------------------------------------------------
[2026-02-05 17:25:15] INFO: 3.1: Identifying haplotypes using ESV approach...
[2026-02-05 17:25:15] INFO:   Core region minimum coverage: 80%
[2026-02-05 17:25:15] INFO:   Gap masking threshold: 50%
[2026-02-05 17:25:15] INFO:   Minimum core length: 150 bp
[2026-02-05 17:25:15] INFO:   Singleton error filter threshold: >0.5% divergence
[2026-02-05 17:25:15] INFO:   Singleton suspect flag threshold: >5.0% divergence
[2026-02-05 17:25:15] INFO: ======================================================================
[2026-02-05 17:25:15] INFO: Starting haplotype-first workflow
[2026-02-05 17:25:15] INFO: ======================================================================
[2026-02-05 17:25:15] INFO: Step 1: Aligning sequences with MAFFT...
[2026-02-05 17:25:15] INFO: Running MAFFT alignment: mafft --auto /Users/stesmith/Documents/depredation/boldgenotyper/output/Salmonidae_full_test/intermediate/quality_control/Salmonidae_qc_passed.fasta
[2026-02-05 17:28:12] INFO: MAFFT alignment completed: /Users/stesmith/Documents/depredation/boldgenotyper/output/Salmonidae_full_test/intermediate/haplotype_discovery/Salmonidae_qc_passed_aligned.fasta
[2026-02-05 17:28:12] INFO: Step 2: Loading alignment...
[2026-02-05 17:28:12] INFO: Loaded alignment: 5546 sequences, 1758 positions
[2026-02-05 17:28:12] INFO: Step 3: Extracting core shared region...
[2026-02-05 17:29:31] INFO: Identified core region: positions 31-652 (621 bp)
[2026-02-05 17:29:31] INFO: Core region coverage filter: reference length = 621 bp, minimum required = 590 bp (95%)
[2026-02-05 17:29:31] INFO: Filtered 624 sequences with insufficient core coverage
[2026-02-05 17:29:31] INFO: Core region extracted: 4922 sequences, 621 positions
[2026-02-05 17:29:31] INFO: Core region: 4922 sequences, 621 positions
[2026-02-05 17:29:31] INFO: Step 4: Identifying unique haplotypes...
[2026-02-05 17:29:31] INFO: Identified 952 unique haplotypes from 4922 sequences
[2026-02-05 17:29:31] INFO:   Singletons: 595 (62.5%)
[2026-02-05 17:29:31] INFO: Step 4.5: Filtering error-derived singletons...
[2026-02-05 17:29:31] INFO: Calculating pairwise distances for 952 sequences
[2026-02-05 17:30:09] INFO: Distance calculation complete: 452676 pairwise distances
[2026-02-05 17:30:10] INFO: Singleton error filtering (threshold: >0.5%):
[2026-02-05 17:30:10] INFO:   Total haplotypes: 952
[2026-02-05 17:30:10] INFO:   Singletons: 595 (62.5%)
[2026-02-05 17:30:10] INFO:   Filtered (likely errors): 574 (96.5% of singletons)
[2026-02-05 17:30:10] INFO:   Retained haplotypes: 378 (39.7%)
[2026-02-05 17:30:10] INFO: Step 5: Flagging suspect haplotypes...
[2026-02-05 17:30:10] INFO: Calculating pairwise distances for 378 sequences
[2026-02-05 17:30:15] INFO: Distance calculation complete: 71253 pairwise distances
[2026-02-05 17:30:15] INFO: Distance-based flagging thresholds:
[2026-02-05 17:30:15] INFO:   Singleton distance threshold: 0.050
[2026-02-05 17:30:15] INFO:   Outlier absolute threshold: 0.100
[2026-02-05 17:30:15] INFO:   Outlier quantile threshold (95%): 0.010
[2026-02-05 17:30:15] INFO: Suspect haplotype flagging:
[2026-02-05 17:30:15] INFO:   Total haplotypes: 378
[2026-02-05 17:30:15] INFO:   Suspect haplotypes: 4 (1.1%)
[2026-02-05 17:30:15] INFO:     - Distance-based: 4
[2026-02-05 17:30:15] INFO:     - ORF-based: 0
[2026-02-05 17:30:15] INFO: Step 5.5: Merging zero-divergence haplotypes...
[2026-02-05 17:30:15] INFO: Checking for zero-divergence haplotypes to merge...
[2026-02-05 17:30:15] INFO: Calculating pairwise distances for 378 sequences
[2026-02-05 17:30:21] INFO: Distance calculation complete: 71253 pairwise distances
[2026-02-05 17:30:21] INFO:   Merging 4 haplotypes into h1_n248:
[2026-02-05 17:30:21] INFO:     → h110_n7 (n=7) merged into h1_n248
[2026-02-05 17:30:21] INFO:     → h163_n4 (n=4) merged into h1_n248
[2026-02-05 17:30:21] INFO:     ✓ h1_n248 (representative, n=248)
[2026-02-05 17:30:21] INFO:     → h252_n2 (n=2) merged into h1_n248
[2026-02-05 17:30:21] INFO:   Merging 3 haplotypes into h2_n232:
[2026-02-05 17:30:21] INFO:     → h277_n2 (n=2) merged into h2_n232
[2026-02-05 17:30:21] INFO:     ✓ h2_n232 (representative, n=232)
[2026-02-05 17:30:21] INFO:     → h95_n8 (n=8) merged into h2_n232
[2026-02-05 17:30:21] INFO:   Merging 2 haplotypes into h3_n223:
[2026-02-05 17:30:21] INFO:     → h160_n4 (n=4) merged into h3_n223
[2026-02-05 17:30:21] INFO:     ✓ h3_n223 (representative, n=223)
[2026-02-05 17:30:21] INFO:   Merging 13 haplotypes into h4_n200:
[2026-02-05 17:30:21] INFO:     → h107_n7 (n=7) merged into h4_n200
[2026-02-05 17:30:21] INFO:     → h116_n6 (n=6) merged into h4_n200
[2026-02-05 17:30:21] INFO:     → h178_n4 (n=4) merged into h4_n200
[2026-02-05 17:30:21] INFO:     → h279_n2 (n=2) merged into h4_n200
[2026-02-05 17:30:21] INFO:     → h303_n2 (n=2) merged into h4_n200
[2026-02-05 17:30:21] INFO:     → h304_n2 (n=2) merged into h4_n200
[2026-02-05 17:30:21] INFO:     → h314_n2 (n=2) merged into h4_n200
[2026-02-05 17:30:21] INFO:     → h320_n2 (n=2) merged into h4_n200
[2026-02-05 17:30:21] INFO:     → h329_n2 (n=2) merged into h4_n200
[2026-02-05 17:30:21] INFO:     → h331_n2 (n=2) merged into h4_n200
[2026-02-05 17:30:21] INFO:     → h355_n2 (n=2) merged into h4_n200
[2026-02-05 17:30:21] INFO:     ✓ h4_n200 (representative, n=200)
[2026-02-05 17:30:21] INFO:     → h64_n11 (n=11) merged into h4_n200
[2026-02-05 17:30:21] INFO:   Merging 6 haplotypes into h6_n128:
[2026-02-05 17:30:21] INFO:     → h176_n4 (n=4) merged into h6_n128
[2026-02-05 17:30:21] INFO:     → h205_n3 (n=3) merged into h6_n128
[2026-02-05 17:30:21] INFO:     → h241_n2 (n=2) merged into h6_n128
[2026-02-05 17:30:21] INFO:     → h281_n2 (n=2) merged into h6_n128
[2026-02-05 17:30:21] INFO:     → h306_n2 (n=2) merged into h6_n128
[2026-02-05 17:30:21] INFO:     ✓ h6_n128 (representative, n=128)
[2026-02-05 17:30:21] INFO:   Merging 4 haplotypes into h7_n101:
[2026-02-05 17:30:21] INFO:     → h122_n6 (n=6) merged into h7_n101
[2026-02-05 17:30:21] INFO:     → h347_n2 (n=2) merged into h7_n101
[2026-02-05 17:30:21] INFO:     ✓ h7_n101 (representative, n=101)
[2026-02-05 17:30:21] INFO:     → h86_n9 (n=9) merged into h7_n101
[2026-02-05 17:30:21] INFO:   Merging 2 haplotypes into h8_n92:
[2026-02-05 17:30:21] INFO:     → h87_n9 (n=9) merged into h8_n92
[2026-02-05 17:30:21] INFO:     ✓ h8_n92 (representative, n=92)
[2026-02-05 17:30:21] INFO:   Merging 3 haplotypes into h9_n83:
[2026-02-05 17:30:21] INFO:     → h40_n23 (n=23) merged into h9_n83
[2026-02-05 17:30:21] INFO:     → h52_n15 (n=15) merged into h9_n83
[2026-02-05 17:30:21] INFO:     ✓ h9_n83 (representative, n=83)
[2026-02-05 17:30:21] INFO:   Merging 2 haplotypes into h12_n72:
[2026-02-05 17:30:21] INFO:     ✓ h12_n72 (representative, n=72)
[2026-02-05 17:30:21] INFO:     → h285_n2 (n=2) merged into h12_n72
[2026-02-05 17:30:21] INFO:   Merging 3 haplotypes into h13_n68:
[2026-02-05 17:30:21] INFO:     → h109_n7 (n=7) merged into h13_n68
[2026-02-05 17:30:21] INFO:     → h130_n5 (n=5) merged into h13_n68
[2026-02-05 17:30:21] INFO:     ✓ h13_n68 (representative, n=68)
[2026-02-05 17:30:21] INFO:   Merging 4 haplotypes into h14_n60:
[2026-02-05 17:30:21] INFO:     → h125_n6 (n=6) merged into h14_n60
[2026-02-05 17:30:21] INFO:     ✓ h14_n60 (representative, n=60)
[2026-02-05 17:30:21] INFO:     → h227_n3 (n=3) merged into h14_n60
[2026-02-05 17:30:21] INFO:     → h97_n8 (n=8) merged into h14_n60
[2026-02-05 17:30:21] INFO:   Merging 5 haplotypes into h15_n58:
[2026-02-05 17:30:21] INFO:     ✓ h15_n58 (representative, n=58)
[2026-02-05 17:30:21] INFO:     → h228_n3 (n=3) merged into h15_n58
[2026-02-05 17:30:21] INFO:     → h246_n2 (n=2) merged into h15_n58
[2026-02-05 17:30:21] INFO:     → h286_n2 (n=2) merged into h15_n58
[2026-02-05 17:30:21] INFO:     → h340_n2 (n=2) merged into h15_n58
[2026-02-05 17:30:21] INFO:   Merging 2 haplotypes into h17_n56:
[2026-02-05 17:30:21] INFO:     ✓ h17_n56 (representative, n=56)
[2026-02-05 17:30:21] INFO:     → h219_n3 (n=3) merged into h17_n56
[2026-02-05 17:30:21] INFO:   Merging 6 haplotypes into h18_n53:
[2026-02-05 17:30:21] INFO:     → h111_n7 (n=7) merged into h18_n53
[2026-02-05 17:30:21] INFO:     → h151_n5 (n=5) merged into h18_n53
[2026-02-05 17:30:21] INFO:     → h185_n4 (n=4) merged into h18_n53
[2026-02-05 17:30:21] INFO:     ✓ h18_n53 (representative, n=53)
[2026-02-05 17:30:21] INFO:     → h341_n2 (n=2) merged into h18_n53
[2026-02-05 17:30:21] INFO:     → h343_n2 (n=2) merged into h18_n53
[2026-02-05 17:30:21] INFO:   Merging 5 haplotypes into h20_n50:
[2026-02-05 17:30:21] INFO:     → h183_n4 (n=4) merged into h20_n50
[2026-02-05 17:30:21] INFO:     ✓ h20_n50 (representative, n=50)
[2026-02-05 17:30:21] INFO:     → h231_n3 (n=3) merged into h20_n50
[2026-02-05 17:30:21] INFO:     → h234_n3 (n=3) merged into h20_n50
[2026-02-05 17:30:21] INFO:     → h342_n2 (n=2) merged into h20_n50
[2026-02-05 17:30:21] INFO:   Merging 3 haplotypes into h21_n49:
[2026-02-05 17:30:21] INFO:     ✓ h21_n49 (representative, n=49)
[2026-02-05 17:30:21] INFO:     → h308_n2 (n=2) merged into h21_n49
[2026-02-05 17:30:21] INFO:     → h321_n2 (n=2) merged into h21_n49
[2026-02-05 17:30:21] INFO:   Merging 2 haplotypes into h26_n41:
[2026-02-05 17:30:21] INFO:     ✓ h26_n41 (representative, n=41)
[2026-02-05 17:30:21] INFO:     → h330_n2 (n=2) merged into h26_n41
[2026-02-05 17:30:21] INFO:   Merging 2 haplotypes into h27_n40:
[2026-02-05 17:30:21] INFO:     → h101_n7 (n=7) merged into h27_n40
[2026-02-05 17:30:21] INFO:     ✓ h27_n40 (representative, n=40)
[2026-02-05 17:30:21] INFO:   Merging 3 haplotypes into h28_n38:
[2026-02-05 17:30:21] INFO:     → h233_n3 (n=3) merged into h28_n38
[2026-02-05 17:30:21] INFO:     ✓ h28_n38 (representative, n=38)
[2026-02-05 17:30:21] INFO:     → h356_n2 (n=2) merged into h28_n38
[2026-02-05 17:30:21] INFO:   Merging 6 haplotypes into h29_n36:
[2026-02-05 17:30:21] INFO:     → h184_n4 (n=4) merged into h29_n36
[2026-02-05 17:30:21] INFO:     → h235_n3 (n=3) merged into h29_n36
[2026-02-05 17:30:21] INFO:     ✓ h29_n36 (representative, n=36)
[2026-02-05 17:30:21] INFO:     → h344_n2 (n=2) merged into h29_n36
[2026-02-05 17:30:21] INFO:     → h345_n2 (n=2) merged into h29_n36
[2026-02-05 17:30:21] INFO:     → h346_n2 (n=2) merged into h29_n36
[2026-02-05 17:30:21] INFO:   Merging 2 haplotypes into h30_n31:
[2026-02-05 17:30:21] INFO:     → h179_n4 (n=4) merged into h30_n31
[2026-02-05 17:30:21] INFO:     ✓ h30_n31 (representative, n=31)
[2026-02-05 17:30:21] INFO:   Merging 2 haplotypes into h33_n28:
[2026-02-05 17:30:21] INFO:     → h221_n3 (n=3) merged into h33_n28
[2026-02-05 17:30:21] INFO:     ✓ h33_n28 (representative, n=28)
[2026-02-05 17:30:21] INFO:   Merging 2 haplotypes into h34_n28:
[2026-02-05 17:30:21] INFO:     → h339_n2 (n=2) merged into h34_n28
[2026-02-05 17:30:21] INFO:     ✓ h34_n28 (representative, n=28)
[2026-02-05 17:30:21] INFO:   Merging 3 haplotypes into h39_n23:
[2026-02-05 17:30:21] INFO:     → h218_n3 (n=3) merged into h39_n23
[2026-02-05 17:30:21] INFO:     → h232_n3 (n=3) merged into h39_n23
[2026-02-05 17:30:21] INFO:     ✓ h39_n23 (representative, n=23)
[2026-02-05 17:30:21] INFO:   Merging 2 haplotypes into h41_n22:
[2026-02-05 17:30:21] INFO:     → h338_n2 (n=2) merged into h41_n22
[2026-02-05 17:30:21] INFO:     ✓ h41_n22 (representative, n=22)
[2026-02-05 17:30:21] INFO:   Merging 2 haplotypes into h44_n19:
[2026-02-05 17:30:21] INFO:     → h182_n4 (n=4) merged into h44_n19
[2026-02-05 17:30:21] INFO:     ✓ h44_n19 (representative, n=19)
[2026-02-05 17:30:21] INFO:   Merging 2 haplotypes into h46_n18:
[2026-02-05 17:30:21] INFO:     ✓ h46_n18 (representative, n=18)
[2026-02-05 17:30:21] INFO:     → h77_n9 (n=9) merged into h46_n18
[2026-02-05 17:30:21] INFO:   Merging 2 haplotypes into h53_n15:
[2026-02-05 17:30:21] INFO:     → h147_n5 (n=5) merged into h53_n15
[2026-02-05 17:30:21] INFO:     ✓ h53_n15 (representative, n=15)
[2026-02-05 17:30:21] INFO:   Merging 2 haplotypes into h55_n14:
[2026-02-05 17:30:21] INFO:     → h191_n3 (n=3) merged into h55_n14
[2026-02-05 17:30:21] INFO:     ✓ h55_n14 (representative, n=14)
[2026-02-05 17:30:21] INFO:   Merging 3 haplotypes into h56_n14:
[2026-02-05 17:30:21] INFO:     → h203_n3 (n=3) merged into h56_n14
[2026-02-05 17:30:21] INFO:     → h223_n3 (n=3) merged into h56_n14
[2026-02-05 17:30:21] INFO:     ✓ h56_n14 (representative, n=14)
[2026-02-05 17:30:21] INFO:   Merging 2 haplotypes into h60_n12:
[2026-02-05 17:30:21] INFO:     → h318_n2 (n=2) merged into h60_n12
[2026-02-05 17:30:21] INFO:     ✓ h60_n12 (representative, n=12)
[2026-02-05 17:30:21] INFO:   Merging 2 haplotypes into h62_n11:
[2026-02-05 17:30:21] INFO:     → h254_n2 (n=2) merged into h62_n11
[2026-02-05 17:30:21] INFO:     ✓ h62_n11 (representative, n=11)
[2026-02-05 17:30:21] INFO:   Merging 2 haplotypes into h68_n11:
[2026-02-05 17:30:21] INFO:     → h177_n4 (n=4) merged into h68_n11
[2026-02-05 17:30:21] INFO:     ✓ h68_n11 (representative, n=11)
[2026-02-05 17:30:21] INFO:   Merging 3 haplotypes into h74_n9:
[2026-02-05 17:30:21] INFO:     → h146_n5 (n=5) merged into h74_n9
[2026-02-05 17:30:21] INFO:     → h243_n2 (n=2) merged into h74_n9
[2026-02-05 17:30:21] INFO:     ✓ h74_n9 (representative, n=9)
[2026-02-05 17:30:21] INFO:   Merging 2 haplotypes into h78_n9:
[2026-02-05 17:30:21] INFO:     → h305_n2 (n=2) merged into h78_n9
[2026-02-05 17:30:21] INFO:     ✓ h78_n9 (representative, n=9)
[2026-02-05 17:30:21] INFO:   Merging 2 haplotypes into h85_n9:
[2026-02-05 17:30:21] INFO:     → h307_n2 (n=2) merged into h85_n9
[2026-02-05 17:30:21] INFO:     ✓ h85_n9 (representative, n=9)
[2026-02-05 17:30:21] INFO:   Merging 2 haplotypes into h92_n8:
[2026-02-05 17:30:21] INFO:     → h190_n3 (n=3) merged into h92_n8
[2026-02-05 17:30:21] INFO:     ✓ h92_n8 (representative, n=8)
[2026-02-05 17:30:21] INFO:   Merging 3 haplotypes into h93_n8:
[2026-02-05 17:30:21] INFO:     → h132_n5 (n=5) merged into h93_n8
[2026-02-05 17:30:21] INFO:     → h156_n4 (n=4) merged into h93_n8
[2026-02-05 17:30:21] INFO:     ✓ h93_n8 (representative, n=8)
[2026-02-05 17:30:21] INFO:   Merging 2 haplotypes into h94_n8:
[2026-02-05 17:30:21] INFO:     → h117_n6 (n=6) merged into h94_n8
[2026-02-05 17:30:21] INFO:     ✓ h94_n8 (representative, n=8)
[2026-02-05 17:30:21] INFO:   Merging 3 haplotypes into h96_n8:
[2026-02-05 17:30:21] INFO:     → h333_n2 (n=2) merged into h96_n8
[2026-02-05 17:30:21] INFO:     → h334_n2 (n=2) merged into h96_n8
[2026-02-05 17:30:21] INFO:     ✓ h96_n8 (representative, n=8)
[2026-02-05 17:30:21] INFO:   Merging 2 haplotypes into h99_n7:
[2026-02-05 17:30:21] INFO:     → h181_n4 (n=4) merged into h99_n7
[2026-02-05 17:30:21] INFO:     ✓ h99_n7 (representative, n=7)
[2026-02-05 17:30:21] INFO:   Merging 2 haplotypes into h100_n7:
[2026-02-05 17:30:21] INFO:     ✓ h100_n7 (representative, n=7)
[2026-02-05 17:30:21] INFO:     → h173_n4 (n=4) merged into h100_n7
[2026-02-05 17:30:21] INFO:   Merging 2 haplotypes into h108_n7:
[2026-02-05 17:30:21] INFO:     ✓ h108_n7 (representative, n=7)
[2026-02-05 17:30:21] INFO:     → h195_n3 (n=3) merged into h108_n7
[2026-02-05 17:30:21] INFO:   Merging 2 haplotypes into h119_n6:
[2026-02-05 17:30:21] INFO:     ✓ h119_n6 (representative, n=6)
[2026-02-05 17:30:21] INFO:     → h317_n2 (n=2) merged into h119_n6
[2026-02-05 17:30:21] INFO:   Merging 2 haplotypes into h120_n6:
[2026-02-05 17:30:21] INFO:     ✓ h120_n6 (representative, n=6)
[2026-02-05 17:30:21] INFO:     → h229_n3 (n=3) merged into h120_n6
[2026-02-05 17:30:21] INFO:   Merging 2 haplotypes into h123_n6:
[2026-02-05 17:30:21] INFO:     ✓ h123_n6 (representative, n=6)
[2026-02-05 17:30:21] INFO:     → h282_n2 (n=2) merged into h123_n6
[2026-02-05 17:30:21] INFO:   Merging 3 haplotypes into h127_n5:
[2026-02-05 17:30:21] INFO:     ✓ h127_n5 (representative, n=5)
[2026-02-05 17:30:21] INFO:     → h204_n3 (n=3) merged into h127_n5
[2026-02-05 17:30:21] INFO:     → h249_n2 (n=2) merged into h127_n5
[2026-02-05 17:30:21] INFO:   Merging 3 haplotypes into h139_n5:
[2026-02-05 17:30:21] INFO:     ✓ h139_n5 (representative, n=5)
[2026-02-05 17:30:21] INFO:     → h263_n2 (n=2) merged into h139_n5
[2026-02-05 17:30:21] INFO:     → h264_n2 (n=2) merged into h139_n5
[2026-02-05 17:30:21] INFO:   Merging 2 haplotypes into h145_n5:
[2026-02-05 17:30:21] INFO:     ✓ h145_n5 (representative, n=5)
[2026-02-05 17:30:21] INFO:     → h312_n2 (n=2) merged into h145_n5
[2026-02-05 17:30:21] INFO:   Merging 2 haplotypes into h180_n4:
[2026-02-05 17:30:21] INFO:     ✓ h180_n4 (representative, n=4)
[2026-02-05 17:30:21] INFO:     → h271_n2 (n=2) merged into h180_n4
[2026-02-05 17:30:21] INFO:   Merging 2 haplotypes into h200_n3:
[2026-02-05 17:30:21] INFO:     ✓ h200_n3 (representative, n=3)
[2026-02-05 17:30:21] INFO:     → h222_n3 (n=3) merged into h200_n3
[2026-02-05 17:30:21] INFO:   Merging 2 haplotypes into h210_n3:
[2026-02-05 17:30:21] INFO:     ✓ h210_n3 (representative, n=3)
[2026-02-05 17:30:21] INFO:     → h316_n2 (n=2) merged into h210_n3
[2026-02-05 17:30:21] INFO:   Merging 2 haplotypes into h220_n3:
[2026-02-05 17:30:21] INFO:     ✓ h220_n3 (representative, n=3)
[2026-02-05 17:30:21] INFO:     → h258_n2 (n=2) merged into h220_n3
[2026-02-05 17:30:21] INFO:   Merging 2 haplotypes into h230_n3:
[2026-02-05 17:30:21] INFO:     ✓ h230_n3 (representative, n=3)
[2026-02-05 17:30:21] INFO:     → h242_n2 (n=2) merged into h230_n3
[2026-02-05 17:30:21] INFO:   Merging 2 haplotypes into h240_n2:
[2026-02-05 17:30:21] INFO:     ✓ h240_n2 (representative, n=2)
[2026-02-05 17:30:21] INFO:     → h289_n2 (n=2) merged into h240_n2
[2026-02-05 17:30:21] INFO:   Merged 102 haplotypes with zero divergence
[2026-02-05 17:30:21] INFO:   Output: 276 unique haplotypes
[2026-02-05 17:30:21] INFO:   Recalculating haplotype statistics after merging...
[2026-02-05 17:30:21] INFO: Calculating pairwise distances for 276 sequences
[2026-02-05 17:30:25] INFO: Distance calculation complete: 37950 pairwise distances
[2026-02-05 17:30:25] INFO: Distance-based flagging thresholds:
[2026-02-05 17:30:25] INFO:   Singleton distance threshold: 0.050
[2026-02-05 17:30:25] INFO:   Outlier absolute threshold: 0.100
[2026-02-05 17:30:25] INFO:   Outlier quantile threshold (95%): 0.013
[2026-02-05 17:30:25] INFO: Suspect haplotype flagging:
[2026-02-05 17:30:25] INFO:   Total haplotypes: 276
[2026-02-05 17:30:25] INFO:   Suspect haplotypes: 4 (1.4%)
[2026-02-05 17:30:25] INFO:     - Distance-based: 4
[2026-02-05 17:30:25] INFO:     - ORF-based: 0
[2026-02-05 17:30:25] INFO: Wrote 276 haplotypes to /Users/stesmith/Documents/depredation/boldgenotyper/output/Salmonidae_full_test/intermediate/haplotype_discovery/Salmonidae_haplotypes.fasta
[2026-02-05 17:30:25] INFO: Wrote haplotype mapping to /Users/stesmith/Documents/depredation/boldgenotyper/output/Salmonidae_full_test/intermediate/haplotype_discovery/Salmonidae_haplotype_mapping.csv
[2026-02-05 17:30:25] INFO: Wrote haplotype statistics to /Users/stesmith/Documents/depredation/boldgenotyper/output/Salmonidae_full_test/intermediate/haplotype_discovery/Salmonidae_haplotype_stats.csv
[2026-02-05 17:30:25] INFO: ======================================================================
[2026-02-05 17:30:25] INFO: Haplotype-first workflow completed successfully
[2026-02-05 17:30:25] INFO: ======================================================================
[2026-02-05 17:30:25] INFO:   Identified 276 high-confidence haplotypes (after error filtering)
[2026-02-05 17:30:25] INFO:   Saved haplotypes: /Users/stesmith/Documents/depredation/boldgenotyper/output/Salmonidae_full_test/haplotypes/Salmonidae_haplotypes.fasta
[2026-02-05 17:30:25] INFO:   Saved haplotype mapping: /Users/stesmith/Documents/depredation/boldgenotyper/output/Salmonidae_full_test/haplotypes/Salmonidae_haplotype_mapping.csv
[2026-02-05 17:30:25] INFO:   Saved haplotype statistics: /Users/stesmith/Documents/depredation/boldgenotyper/output/Salmonidae_full_test/haplotypes/Salmonidae_haplotype_stats.csv
[2026-02-05 17:30:25] INFO: Haplotype Summary:
[2026-02-05 17:30:25] INFO:   Total haplotypes: 276
[2026-02-05 17:30:25] INFO:   Singletons: 21
[2026-02-05 17:30:25] INFO:   Suspect haplotypes: 4
[2026-02-05 17:30:25] INFO: 
[2026-02-05 17:30:25] INFO: PHASE 4: Haplotype Assignment
[2026-02-05 17:30:25] INFO: --------------------------------------------------------------------------------
[2026-02-05 17:30:25] INFO: 4.1: Assigning samples to haplotypes...
[2026-02-05 17:30:25] INFO:   Using 5546 QC-passed samples
[2026-02-05 17:30:25] INFO:   Method: Direct mapping from ESV haplotype discovery (no tie detection)
[2026-02-05 17:30:25] INFO:   ✓ Wrote annotated metadata: /Users/stesmith/Documents/depredation/boldgenotyper/output/Salmonidae_full_test/intermediate/haplotype_assignments/Salmonidae_with_haplotypes.tsv
[2026-02-05 17:30:25] INFO:   ✓ Wrote diagnostics: /Users/stesmith/Documents/depredation/boldgenotyper/output/Salmonidae_full_test/haplotype_assignments/Salmonidae_diagnostics.csv
[2026-02-05 17:30:25] INFO:   ✓ Assigned 4348/5546 samples to haplotypes
[2026-02-05 17:30:25] INFO:   ✓ Assignment rate: 78.4%
[2026-02-05 17:30:25] INFO:   ✓ Ties: 0 (ESV direct mapping - no ambiguous assignments)
[2026-02-05 17:30:25] INFO: 
[2026-02-05 17:30:25] INFO: PHASE 5: Taxonomy Assignment to Haplotypes
[2026-02-05 17:30:25] INFO: --------------------------------------------------------------------------------
[2026-02-05 17:30:25] INFO: 5.1: Assigning taxonomy to haplotypes...
[2026-02-05 17:30:26] INFO:   ✓ Assigned taxonomy to 276 haplotypes
[2026-02-05 17:30:26] INFO:   ✓ Saved annotated dataset: /Users/stesmith/Documents/depredation/boldgenotyper/output/Salmonidae_full_test/Salmonidae_annotated.csv
[2026-02-05 17:30:26] INFO: 
[2026-02-05 17:30:26] INFO: PHASE 6: Post-assignment Quality Control
[2026-02-05 17:30:26] INFO: --------------------------------------------------------------------------------
[2026-02-05 17:30:26] INFO: 6.1: Adding contamination analysis columns to main output...
[2026-02-05 17:30:27] INFO:   ✓ Enhanced annotated dataset with QC columns: /Users/stesmith/Documents/depredation/boldgenotyper/output/Salmonidae_full_test/Salmonidae_annotated.csv
[2026-02-05 17:30:27] INFO: 6.2: Generating quality control reports...
[2026-02-05 17:31:03] INFO: Contamination heatmap saved to /Users/stesmith/Documents/depredation/boldgenotyper/output/Salmonidae_full_test/quality_control/contamination_heatmap.pdf
[2026-02-05 17:31:03] INFO: Purity distribution saved to /Users/stesmith/Documents/depredation/boldgenotyper/output/Salmonidae_full_test/quality_control/purity_distribution.pdf
[2026-02-05 17:31:03] INFO: Quality control report generated in /Users/stesmith/Documents/depredation/boldgenotyper/output/Salmonidae_full_test/quality_control
[2026-02-05 17:31:03] INFO:   ✓ Quality control reports saved to: /Users/stesmith/Documents/depredation/boldgenotyper/output/Salmonidae_full_test/quality_control

======================================================================
⚠️  QUALITY CONTROL ALERTS
======================================================================

🔬 53 of 185 haplotypes contain multiple species (28.6%)
   → See: quality_control/mixed_species_summary.csv

🚨 124 samples flagged as potential misidentifications
   → See: quality_control/potential_misidentifications.csv

📝 8 samples have depositor notes indicating uncertainty
   → See: quality_control/depositor_flags_summary.csv

💡 TIP: Consider running family-level analysis for quality control
   Run: boldgenotyper-compare --help
======================================================================

[2026-02-05 17:31:03] INFO: 
[2026-02-05 17:31:03] INFO: PHASE 6.5: Species-Level Aggregation
[2026-02-05 17:31:03] INFO: --------------------------------------------------------------------------------
[2026-02-05 17:31:03] INFO: 6.5.1: Aggregating samples by assigned species...
[2026-02-05 17:31:03] INFO: Aggregating samples by species (min_confidence=70%)
/Users/stesmith/Documents/depredation/boldgenotyper/boldgenotyper/species_analysis.py:83: FutureWarning: Downcasting object dtype arrays on .fillna, .ffill, .bfill is deprecated and will change in a future version. Call result.infer_objects(copy=False) instead. To opt-in to the future behavior, set `pd.set_option('future.no_silent_downcasting', True)`
  is_not_ambiguous = species_assignments['is_ambiguous'].fillna(False) == False
[2026-02-05 17:31:03] INFO:   Samples with confident species: 3520/5546 (63.5%)
[2026-02-05 17:31:03] INFO:   Number of species: 71
[2026-02-05 17:31:04] INFO:   ✓ Saved species assignments: /Users/stesmith/Documents/depredation/boldgenotyper/output/Salmonidae_full_test/species_analysis/species_assignments.csv
[2026-02-05 17:31:04] INFO:   ✓ Saved species summary: /Users/stesmith/Documents/depredation/boldgenotyper/output/Salmonidae_full_test/species_analysis/species_summary.csv
[2026-02-05 17:31:04] INFO: 6.5.2: Calculating species-level diversity metrics...
[2026-02-05 17:31:04] INFO: Calculating species-level diversity metrics...
/Users/stesmith/Documents/depredation/boldgenotyper/boldgenotyper/species_analysis.py:162: FutureWarning: Downcasting object dtype arrays on .fillna, .ffill, .bfill is deprecated and will change in a future version. Call result.infer_objects(copy=False) instead. To opt-in to the future behavior, set `pd.set_option('future.no_silent_downcasting', True)`
  is_not_ambiguous = species_assignments['is_ambiguous'].fillna(False) == False if 'is_ambiguous' in species_assignments.columns else True
[2026-02-05 17:31:04] INFO:   ✓ Saved species diversity metrics: /Users/stesmith/Documents/depredation/boldgenotyper/output/Salmonidae_full_test/species_analysis/species_diversity.csv
[2026-02-05 17:31:04] INFO: 6.5.3: Generating species-level geographic summary...
[2026-02-05 17:31:04] INFO: Generating species-level geographic summary...
[2026-02-05 17:31:04] WARNING: Species-level aggregation failed (non-critical): bad operand type for unary ~: 'float'
[2026-02-05 17:31:04] INFO: 
[2026-02-05 17:31:04] INFO: PHASE 7: Geographic Analysis Enhancement
[2026-02-05 17:31:04] INFO: --------------------------------------------------------------------------------
[2026-02-05 17:31:04] INFO: 7.1: Assessing geographic data coverage and quality...
[2026-02-05 17:31:04] INFO: Enhancing geographic analysis...
[2026-02-05 17:31:04] INFO:   Assessing geographic coverage...
[2026-02-05 17:31:04] WARNING: Geographic enhancement failed (non-critical): 0
[2026-02-05 17:31:04] INFO: 
[2026-02-05 17:31:04] INFO: PHASE 8: Phylogenetic Analysis
[2026-02-05 17:31:04] INFO: --------------------------------------------------------------------------------
[2026-02-05 17:31:04] INFO: 8.1: Building phylogenetic tree from haplotypes...
[2026-02-05 17:31:04] INFO:   Step 1/4: Filtering consensus sequences...
[2026-02-05 17:31:04] INFO: Consensus filtering: 184/276 sequences retained for phylogenetics (66.7%)
[2026-02-05 17:31:04] INFO:   Filtered out 92 sequences: h239_n2, h240_n2, h244_n2, h245_n2, h247_n2 ...
[2026-02-05 17:31:04] INFO:   Step 2/4: Aligning sequences with MAFFT...
[2026-02-05 17:31:04] INFO: Running MAFFT alignment: mafft --auto --thread 8 /Users/stesmith/Documents/depredation/boldgenotyper/output/Salmonidae_full_test/intermediate/phylogenetic/Salmonidae_filtered.fasta
[2026-02-05 17:31:24] INFO: MAFFT alignment completed: /Users/stesmith/Documents/depredation/boldgenotyper/output/Salmonidae_full_test/intermediate/phylogenetic/Salmonidae_aligned.fasta
[2026-02-05 17:31:24] INFO:   Step 3/4: Trimming alignment with trimAl...
[2026-02-05 17:31:24] INFO: Running trimAl: trimal -in /Users/stesmith/Documents/depredation/boldgenotyper/output/Salmonidae_full_test/intermediate/phylogenetic/Salmonidae_aligned.fasta -out /Users/stesmith/Documents/depredation/boldgenotyper/output/Salmonidae_full_test/intermediate/phylogenetic/Salmonidae_aligned_trimmed.fasta -gappyout
[2026-02-05 17:31:24] INFO: trimAl completed: /Users/stesmith/Documents/depredation/boldgenotyper/output/Salmonidae_full_test/intermediate/phylogenetic/Salmonidae_aligned_trimmed.fasta
[2026-02-05 17:31:24] INFO:   Step 4/4: Building phylogenetic tree with FastTree...
[2026-02-05 17:31:24] INFO: Running FastTree: fasttree -nt -gtr -gamma /Users/stesmith/Documents/depredation/boldgenotyper/output/Salmonidae_full_test/intermediate/phylogenetic/Salmonidae_aligned_trimmed.fasta
[2026-02-05 17:31:26] INFO: FastTree completed: /Users/stesmith/Documents/depredation/boldgenotyper/output/Salmonidae_full_test/intermediate/phylogenetic/Salmonidae_tree.nwk
[2026-02-05 17:31:26] INFO:   ✓ Phylogenetic tree built successfully
[2026-02-05 17:31:26] INFO:     - 184/276 consensus sequences used
[2026-02-05 17:31:26] INFO:     - Filtered out: h239_n2, h240_n2, h244_n2 ...
[2026-02-05 17:31:26] INFO:   ✓ Built phylogenetic tree: /Users/stesmith/Documents/depredation/boldgenotyper/output/Salmonidae_full_test/phylogenetic/Salmonidae_tree.nwk
[2026-02-05 17:31:26] INFO: 8.2: Creating relabeled tree and alignment files...
[2026-02-05 17:31:26] INFO: Relabeling tree and alignment with haplotype_sp labels
[2026-02-05 17:31:26] INFO: Loaded 276 label mappings from taxonomy CSV
[2026-02-05 17:31:26] INFO: Created 0 base name mappings
[2026-02-05 17:31:26] INFO: Relabeled 184 tree tips, wrote to: /Users/stesmith/Documents/depredation/boldgenotyper/output/Salmonidae_full_test/phylogenetic/Salmonidae_tree_relabeled.nwk
[2026-02-05 17:31:26] INFO: Relabeled 184 sequences, wrote to: /Users/stesmith/Documents/depredation/boldgenotyper/output/Salmonidae_full_test/intermediate/phylogenetic/Salmonidae_aligned_relabeled.fasta
[2026-02-05 17:31:26] INFO:   ✓ Created relabeled tree: /Users/stesmith/Documents/depredation/boldgenotyper/output/Salmonidae_full_test/phylogenetic/Salmonidae_tree_relabeled.nwk
[2026-02-05 17:31:26] INFO:   ✓ Created relabeled alignment (intermediate): /Users/stesmith/Documents/depredation/boldgenotyper/output/Salmonidae_full_test/intermediate/phylogenetic/Salmonidae_aligned_relabeled.fasta
[2026-02-05 17:31:26] INFO: 8.3: Generating MSA visualization...
[2026-02-05 17:31:26] INFO: Generating MSA visualization for Salmonidae
[2026-02-05 17:31:26] INFO:   Loaded alignment: 184 sequences, 587 bp
[2026-02-05 17:31:26] WARNING: Downsampling from 184 to 50 sequences. Using simple truncation for now.
[2026-02-05 17:31:26] INFO:   Downsampled to 50 sequences
[2026-02-05 17:31:26] INFO:   Creating 6 chunks
[2026-02-05 17:31:31] INFO:   Saved chunk 1 (1-100 bp): /Users/stesmith/Documents/depredation/boldgenotyper/output/Salmonidae_full_test/phylogenetic/Salmonidae_MSA_chunk1.pdf
[2026-02-05 17:31:35] INFO:   Saved chunk 1 (1-100 bp): /Users/stesmith/Documents/depredation/boldgenotyper/output/Salmonidae_full_test/phylogenetic/Salmonidae_MSA_chunk1.png
[2026-02-05 17:31:40] INFO:   Saved chunk 2 (101-200 bp): /Users/stesmith/Documents/depredation/boldgenotyper/output/Salmonidae_full_test/phylogenetic/Salmonidae_MSA_chunk2.pdf
[2026-02-05 17:31:45] INFO:   Saved chunk 2 (101-200 bp): /Users/stesmith/Documents/depredation/boldgenotyper/output/Salmonidae_full_test/phylogenetic/Salmonidae_MSA_chunk2.png
[2026-02-05 17:31:49] INFO:   Saved chunk 3 (201-300 bp): /Users/stesmith/Documents/depredation/boldgenotyper/output/Salmonidae_full_test/phylogenetic/Salmonidae_MSA_chunk3.pdf
[2026-02-05 17:31:55] INFO:   Saved chunk 3 (201-300 bp): /Users/stesmith/Documents/depredation/boldgenotyper/output/Salmonidae_full_test/phylogenetic/Salmonidae_MSA_chunk3.png
[2026-02-05 17:32:03] INFO:   Saved chunk 4 (301-400 bp): /Users/stesmith/Documents/depredation/boldgenotyper/output/Salmonidae_full_test/phylogenetic/Salmonidae_MSA_chunk4.pdf
[2026-02-05 17:32:08] INFO:   Saved chunk 4 (301-400 bp): /Users/stesmith/Documents/depredation/boldgenotyper/output/Salmonidae_full_test/phylogenetic/Salmonidae_MSA_chunk4.png
[2026-02-05 17:32:13] INFO:   Saved chunk 5 (401-500 bp): /Users/stesmith/Documents/depredation/boldgenotyper/output/Salmonidae_full_test/phylogenetic/Salmonidae_MSA_chunk5.pdf
[2026-02-05 17:32:18] INFO:   Saved chunk 5 (401-500 bp): /Users/stesmith/Documents/depredation/boldgenotyper/output/Salmonidae_full_test/phylogenetic/Salmonidae_MSA_chunk5.png
[2026-02-05 17:32:22] INFO:   Saved chunk 6 (501-587 bp): /Users/stesmith/Documents/depredation/boldgenotyper/output/Salmonidae_full_test/phylogenetic/Salmonidae_MSA_chunk6.pdf
[2026-02-05 17:32:27] INFO:   Saved chunk 6 (501-587 bp): /Users/stesmith/Documents/depredation/boldgenotyper/output/Salmonidae_full_test/phylogenetic/Salmonidae_MSA_chunk6.png
[2026-02-05 17:32:27] INFO:   ✓ Generated 12 MSA plot(s)
[2026-02-05 17:32:27] INFO: 
[2026-02-05 17:32:27] INFO: PHASE 9: Divergence Analysis
[2026-02-05 17:32:27] INFO: --------------------------------------------------------------------------------
[2026-02-05 17:32:27] INFO: 9.1: Calculating pairwise divergence between haplotypes...
[2026-02-05 17:32:27] INFO: Generating divergence analysis...
[2026-02-05 17:32:27] INFO:   Aligning consensus sequences with MAFFT...
[2026-02-05 17:32:32] INFO:   ✓ Aligned sequences saved to /Users/stesmith/Documents/depredation/boldgenotyper/output/Salmonidae_full_test/divergence_analysis/Salmonidae_consensus_aligned.fasta
[2026-02-05 17:32:32] INFO:   Calculating pairwise divergence matrix...
[2026-02-05 17:32:35] INFO:   ✓ Saved divergence matrix: /Users/stesmith/Documents/depredation/boldgenotyper/output/Salmonidae_full_test/divergence_analysis/pairwise_divergence_matrix.csv
[2026-02-05 17:32:35] INFO:   Generating divergence summary...
[2026-02-05 17:32:36] INFO:   ✓ Saved divergence summary: /Users/stesmith/Documents/depredation/boldgenotyper/output/Salmonidae_full_test/divergence_analysis/divergence_summary.csv
[2026-02-05 17:32:36] INFO:   Analyzing barcoding gap...
[2026-02-05 17:32:36] INFO:   ✓ Saved barcoding gap analysis: /Users/stesmith/Documents/depredation/boldgenotyper/output/Salmonidae_full_test/divergence_analysis/within_vs_between_species.csv
[2026-02-05 17:32:36] INFO:   Creating divergence heatmap with dendrograms...
[2026-02-05 17:33:55] INFO:   ✓ Divergence heatmap saved to /Users/stesmith/Documents/depredation/boldgenotyper/output/Salmonidae_full_test/divergence_analysis/divergence_heatmap.pdf
[2026-02-05 17:33:55] INFO:   Creating barcoding gap plot...
[2026-02-05 17:33:56] INFO:   ✓ Barcoding gap plot saved to /Users/stesmith/Documents/depredation/boldgenotyper/output/Salmonidae_full_test/divergence_analysis/barcoding_gap.pdf
[2026-02-05 17:33:56] INFO:   ✓ Divergence analysis complete
[2026-02-05 17:33:56] INFO:   ✓ Divergence analysis complete: /Users/stesmith/Documents/depredation/boldgenotyper/output/Salmonidae_full_test/divergence_analysis

======================================================================
DIVERGENCE ANALYSIS
======================================================================

n28:
  Within-species divergence: 0.140 (max: 0.140)
  Between-species divergence: 0.134 (min: 0.002)
  ⚠️  WARNING: Within-species divergence >2.0% suggests potential cryptic lineages
      Consider:
      1. Nuclear marker validation
      2. Morphological examination
      3. Biogeographic context
  ✗ Barcoding gap absent (overlap: 0.138)

n26:
  Within-species divergence: 0.124 (max: 0.124)
  Between-species divergence: 0.126 (min: 0.002)
  ⚠️  WARNING: Within-species divergence >2.0% suggests potential cryptic lineages
      Consider:
      1. Nuclear marker validation
      2. Morphological examination
      3. Biogeographic context
  ✗ Barcoding gap absent (overlap: 0.122)

n22:
  Within-species divergence: 0.106 (max: 0.106)
  Between-species divergence: 0.128 (min: 0.002)
  ⚠️  WARNING: Within-species divergence >2.0% suggests potential cryptic lineages
      Consider:
      1. Nuclear marker validation
      2. Morphological examination
      3. Biogeographic context
  ✗ Barcoding gap absent (overlap: 0.105)

n19:
  Within-species divergence: 0.134 (max: 0.167)
  Between-species divergence: 0.127 (min: 0.002)
  ⚠️  WARNING: Within-species divergence >2.0% suggests potential cryptic lineages
      Consider:
      1. Nuclear marker validation
      2. Morphological examination
      3. Biogeographic context
  ✗ Barcoding gap absent (overlap: 0.166)

n18:
  Within-species divergence: 0.112 (max: 0.112)
  Between-species divergence: 0.119 (min: 0.002)
  ⚠️  WARNING: Within-species divergence >2.0% suggests potential cryptic lineages
      Consider:
      1. Nuclear marker validation
      2. Morphological examination
      3. Biogeographic context
  ✗ Barcoding gap absent (overlap: 0.111)

n16:
  Within-species divergence: 0.108 (max: 0.164)
  Between-species divergence: 0.125 (min: 0.002)
  ⚠️  WARNING: Within-species divergence >2.0% suggests potential cryptic lineages
      Consider:
      1. Nuclear marker validation
      2. Morphological examination
      3. Biogeographic context
  ✗ Barcoding gap absent (overlap: 0.163)

n15:
  Within-species divergence: 0.161 (max: 0.161)
  Between-species divergence: 0.137 (min: 0.003)
  ⚠️  WARNING: Within-species divergence >2.0% suggests potential cryptic lineages
      Consider:
      1. Nuclear marker validation
      2. Morphological examination
      3. Biogeographic context
  ✗ Barcoding gap absent (overlap: 0.158)

n14:
  Within-species divergence: 0.136 (max: 0.166)
  Between-species divergence: 0.127 (min: 0.002)
  ⚠️  WARNING: Within-species divergence >2.0% suggests potential cryptic lineages
      Consider:
      1. Nuclear marker validation
      2. Morphological examination
      3. Biogeographic context
  ✗ Barcoding gap absent (overlap: 0.164)

n12:
  Within-species divergence: 0.118 (max: 0.124)
  Between-species divergence: 0.127 (min: 0.002)
  ⚠️  WARNING: Within-species divergence >2.0% suggests potential cryptic lineages
      Consider:
      1. Nuclear marker validation
      2. Morphological examination
      3. Biogeographic context
  ✗ Barcoding gap absent (overlap: 0.122)

n11:
  Within-species divergence: 0.127 (max: 0.169)
  Between-species divergence: 0.126 (min: 0.002)
  ⚠️  WARNING: Within-species divergence >2.0% suggests potential cryptic lineages
      Consider:
      1. Nuclear marker validation
      2. Morphological examination
      3. Biogeographic context
  ✗ Barcoding gap absent (overlap: 0.167)

n10:
  Within-species divergence: 0.118 (max: 0.166)
  Between-species divergence: 0.123 (min: 0.002)
  ⚠️  WARNING: Within-species divergence >2.0% suggests potential cryptic lineages
      Consider:
      1. Nuclear marker validation
      2. Morphological examination
      3. Biogeographic context
  ✗ Barcoding gap absent (overlap: 0.164)

n9:
  Within-species divergence: 0.119 (max: 0.176)
  Between-species divergence: 0.127 (min: 0.002)
  ⚠️  WARNING: Within-species divergence >2.0% suggests potential cryptic lineages
      Consider:
      1. Nuclear marker validation
      2. Morphological examination
      3. Biogeographic context
  ✗ Barcoding gap absent (overlap: 0.174)

n8:
  Within-species divergence: 0.127 (max: 0.179)
  Between-species divergence: 0.128 (min: 0.002)
  ⚠️  WARNING: Within-species divergence >2.0% suggests potential cryptic lineages
      Consider:
      1. Nuclear marker validation
      2. Morphological examination
      3. Biogeographic context
  ✗ Barcoding gap absent (overlap: 0.177)

n7:
  Within-species divergence: 0.114 (max: 0.181)
  Between-species divergence: 0.125 (min: 0.002)
  ⚠️  WARNING: Within-species divergence >2.0% suggests potential cryptic lineages
      Consider:
      1. Nuclear marker validation
      2. Morphological examination
      3. Biogeographic context
  ✗ Barcoding gap absent (overlap: 0.179)

n6:
  Within-species divergence: 0.115 (max: 0.158)
  Between-species divergence: 0.126 (min: 0.002)
  ⚠️  WARNING: Within-species divergence >2.0% suggests potential cryptic lineages
      Consider:
      1. Nuclear marker validation
      2. Morphological examination
      3. Biogeographic context
  ✗ Barcoding gap absent (overlap: 0.156)

n5:
  Within-species divergence: 0.128 (max: 0.174)
  Between-species divergence: 0.128 (min: 0.002)
  ⚠️  WARNING: Within-species divergence >2.0% suggests potential cryptic lineages
      Consider:
      1. Nuclear marker validation
      2. Morphological examination
      3. Biogeographic context
  ✗ Barcoding gap absent (overlap: 0.172)

n4:
  Within-species divergence: 0.129 (max: 0.180)
  Between-species divergence: 0.131 (min: 0.002)
  ⚠️  WARNING: Within-species divergence >2.0% suggests potential cryptic lineages
      Consider:
      1. Nuclear marker validation
      2. Morphological examination
      3. Biogeographic context
  ✗ Barcoding gap absent (overlap: 0.179)

n3:
  Within-species divergence: 0.130 (max: 0.187)
  Between-species divergence: 0.130 (min: 0.002)
  ⚠️  WARNING: Within-species divergence >2.0% suggests potential cryptic lineages
      Consider:
      1. Nuclear marker validation
      2. Morphological examination
      3. Biogeographic context
  ✗ Barcoding gap absent (overlap: 0.185)

n2:
  Within-species divergence: 0.130 (max: 0.214)
  Between-species divergence: 0.131 (min: 0.002)
  ⚠️  WARNING: Within-species divergence >2.0% suggests potential cryptic lineages
      Consider:
      1. Nuclear marker validation
      2. Morphological examination
      3. Biogeographic context
  ✗ Barcoding gap absent (overlap: 0.213)

n1:
  Within-species divergence: 0.159 (max: 0.251)
  Between-species divergence: 0.144 (min: 0.006)
  ⚠️  WARNING: Within-species divergence >2.0% suggests potential cryptic lineages
      Consider:
      1. Nuclear marker validation
      2. Morphological examination
      3. Biogeographic context
  ✗ Barcoding gap absent (overlap: 0.245)
======================================================================

[2026-02-05 17:33:56] INFO: 9.2: Calculating species-level divergence...
[2026-02-05 17:33:56] INFO: Generating species-level divergence analysis...
[2026-02-05 17:33:56] INFO:   ✓ Saved species divergence summary: /Users/stesmith/Documents/depredation/boldgenotyper/output/Salmonidae_full_test/species_analysis/species_divergence_summary.csv
[2026-02-05 17:33:56] INFO:   ✓ Species-level divergence analysis complete
[2026-02-05 17:33:56] INFO: 9.3: Calculating within-species divergence matrices...
[2026-02-05 17:33:56] INFO: Generating within-species divergence matrices...
[2026-02-05 17:33:56] INFO:   ✓ Salmo trutta: 11 haplotypes, mean divergence = 0.0080
[2026-02-05 17:33:56] INFO:   ✓ Salmo salar: 10 haplotypes, mean divergence = 0.1138
[2026-02-05 17:33:56] INFO:   ✓ Oncorhynchus tshawytscha: 10 haplotypes, mean divergence = 0.0045
[2026-02-05 17:33:56] INFO:   ✓ Coregonus clupeaformis: 6 haplotypes, mean divergence = 0.0048
[2026-02-05 17:33:56] INFO:   ✓ Oncorhynchus sp.: 5 haplotypes, mean divergence = 0.0048
[2026-02-05 17:33:56] INFO:   ✓ Oncorhynchus mykiss: 18 haplotypes, mean divergence = 0.0111
[2026-02-05 17:33:56] INFO:   ✓ Oncorhynchus kisutch: 7 haplotypes, mean divergence = 0.0038
[2026-02-05 17:33:56] INFO:   ✓ Oncorhynchus nerka: 6 haplotypes, mean divergence = 0.0077
[2026-02-05 17:33:56] INFO:   ✓ Oncorhynchus keta: 9 haplotypes, mean divergence = 0.0516
[2026-02-05 17:33:56] INFO:   ✓ Oncorhynchus gorbuscha: 8 haplotypes, mean divergence = 0.0043
[2026-02-05 17:33:56] INFO:   ✓ Salvelinus malma: 3 haplotypes, mean divergence = 0.0023
[2026-02-05 17:33:56] INFO:   ✓ Oncorhynchus masou: 9 haplotypes, mean divergence = 0.0036
[2026-02-05 17:33:56] INFO:   ✓ Salvelinus alpinus: 4 haplotypes, mean divergence = 0.0064
[2026-02-05 17:33:56] INFO:   ✓ Oncorhynchus clarkii: 12 haplotypes, mean divergence = 0.0134
[2026-02-05 17:33:56] INFO:   ✓ Thymallus thymallus: 9 haplotypes, mean divergence = 0.0099
[2026-02-05 17:33:56] INFO:   ✓ Hucho taimen: 5 haplotypes, mean divergence = 0.0079
[2026-02-05 17:33:56] INFO:   ✓ Parahucho perryi: 5 haplotypes, mean divergence = 0.0055
[2026-02-05 17:33:56] INFO:   ✓ Salvelinus fontinalis: 6 haplotypes, mean divergence = 0.0071
[2026-02-05 17:33:56] INFO:   ✓ Salvelinus confluentus: 2 haplotypes, mean divergence = 0.0034
[2026-02-05 17:33:56] INFO:   ✓ Prosopium cylindraceum: 5 haplotypes, mean divergence = 0.0039
[2026-02-05 17:33:56] INFO:   ✓ Salvelinus namaycush: 4 haplotypes, mean divergence = 0.0033
[2026-02-05 17:33:56] INFO:   ✓ Thymallus arcticus: 9 haplotypes, mean divergence = 0.0145
[2026-02-05 17:33:56] INFO:   ✓ Prosopium coulterii: 3 haplotypes, mean divergence = 0.0133
[2026-02-05 17:33:56] INFO:   ✓ Hucho hucho: 3 haplotypes, mean divergence = 0.0021
[2026-02-05 17:33:56] INFO:   ✓ Salmo labrax: 4 haplotypes, mean divergence = 0.0024
[2026-02-05 17:33:56] INFO:   ✓ Stenodus leucichthys: 2 haplotypes, mean divergence = 0.0016
[2026-02-05 17:33:56] INFO:   ✓ Coregonus albula: 3 haplotypes, mean divergence = 0.0032
[2026-02-05 17:33:56] INFO:   ✓ Prosopium williamsoni: 3 haplotypes, mean divergence = 0.0032
[2026-02-05 17:33:56] INFO:   ✓ Salvelinus leucomaenis: 4 haplotypes, mean divergence = 0.0274
[2026-02-05 17:33:56] INFO:   ✓ Thymallus grubii: 5 haplotypes, mean divergence = 0.0269
[2026-02-05 17:33:56] INFO:   ✓ Coregonus laurettae: 2 haplotypes, mean divergence = 0.0016
[2026-02-05 17:33:56] INFO:   ✓ Thymallus ligericus: 2 haplotypes, mean divergence = 0.0016
[2026-02-05 17:33:56] INFO:   ✓ Thymallus brevirostris: 3 haplotypes, mean divergence = 0.0075
[2026-02-05 17:33:56] INFO:   ✓ Oncorhynchus gilae: 2 haplotypes, mean divergence = 0.0032
[2026-02-05 17:33:56] INFO:   ✓ Thymallus aeliani: 2 haplotypes, mean divergence = 0.0016
[2026-02-05 17:33:56] INFO:   ✓ Brachymystax lenok: 2 haplotypes, mean divergence = 0.0081
[2026-02-05 17:33:56] INFO:   ✓ Coregonus sardinella: 3 haplotypes, mean divergence = 0.0043
[2026-02-05 17:33:56] INFO:   ✓ Saved divergence summary: /Users/stesmith/Documents/depredation/boldgenotyper/output/Salmonidae_full_test/species_analysis/species_divergence_matrices/within_species_divergence_summary.csv
[2026-02-05 17:33:56] INFO:   ✓ Created matrices for 37 species
[2026-02-05 17:33:56] INFO:   ✓ Generated within-species divergence matrices for 3 species
[2026-02-05 17:33:56] INFO: 
[2026-02-05 17:33:56] INFO: PHASE 9.5: Metadata Analysis
[2026-02-05 17:33:56] INFO: --------------------------------------------------------------------------------
[2026-02-05 17:33:56] INFO: Starting metadata analysis...
[2026-02-05 17:33:56] INFO: Normalizing sex values...
[2026-02-05 17:33:56] INFO: Sex normalization: Male=179, Female=191, Other=2705
[2026-02-05 17:33:56] INFO: Analyzing metadata coverage...
[2026-02-05 17:33:57] INFO: Saved metadata coverage plot: /Users/stesmith/Documents/depredation/boldgenotyper/output/Salmonidae_full_test/visualization/metadata/pdf/Salmonidae_metadata_coverage
[2026-02-05 17:33:57] INFO: Analyzing categorical fields...
[2026-02-05 17:34:00] INFO: Saved categorical plot: /Users/stesmith/Documents/depredation/boldgenotyper/output/Salmonidae_full_test/visualization/metadata/pdf/Salmonidae_sex_by_haplotype
[2026-02-05 17:34:03] INFO: Saved categorical plot: /Users/stesmith/Documents/depredation/boldgenotyper/output/Salmonidae_full_test/visualization/metadata/pdf/Salmonidae_life_stage_by_haplotype
[2026-02-05 17:34:03] INFO: Limiting to top 20 categories for country/ocean
[2026-02-05 17:34:13] INFO: Saved categorical plot: /Users/stesmith/Documents/depredation/boldgenotyper/output/Salmonidae_full_test/visualization/metadata/pdf/Salmonidae_country_ocean_by_haplotype
[2026-02-05 17:34:13] INFO: Limiting to top 20 categories for country_iso
[2026-02-05 17:34:23] INFO: Saved categorical plot: /Users/stesmith/Documents/depredation/boldgenotyper/output/Salmonidae_full_test/visualization/metadata/pdf/Salmonidae_country_iso_by_haplotype
[2026-02-05 17:34:23] INFO: Limiting to top 20 categories for province/state
[2026-02-05 17:34:29] INFO: Saved categorical plot: /Users/stesmith/Documents/depredation/boldgenotyper/output/Salmonidae_full_test/visualization/metadata/pdf/Salmonidae_province_state_by_haplotype
[2026-02-05 17:34:34] INFO: Saved categorical plot: /Users/stesmith/Documents/depredation/boldgenotyper/output/Salmonidae_full_test/visualization/metadata/pdf/Salmonidae_realm_by_haplotype
[2026-02-05 17:34:36] INFO: Saved categorical plot: /Users/stesmith/Documents/depredation/boldgenotyper/output/Salmonidae_full_test/visualization/metadata/pdf/Salmonidae_biome_by_haplotype
[2026-02-05 17:34:36] INFO: Limiting to top 20 categories for ecoregion
[2026-02-05 17:34:42] INFO: Saved categorical plot: /Users/stesmith/Documents/depredation/boldgenotyper/output/Salmonidae_full_test/visualization/metadata/pdf/Salmonidae_ecoregion_by_haplotype
[2026-02-05 17:34:44] INFO: Saved categorical plot: /Users/stesmith/Documents/depredation/boldgenotyper/output/Salmonidae_full_test/visualization/metadata/pdf/Salmonidae_habitat_by_haplotype
[2026-02-05 17:34:44] INFO: Limiting to top 20 categories for geoid
[2026-02-05 17:35:04] INFO: Saved categorical plot: /Users/stesmith/Documents/depredation/boldgenotyper/output/Salmonidae_full_test/visualization/metadata/pdf/Salmonidae_geoid_by_haplotype
[2026-02-05 17:35:18] INFO: Saved metadata heatmap: /Users/stesmith/Documents/depredation/boldgenotyper/output/Salmonidae_full_test/visualization/metadata/pdf/Salmonidae_metadata_heatmap
[2026-02-05 17:35:18] INFO: Analyzing temporal patterns...
[2026-02-05 17:35:18] INFO: Date parsing: 2986/2986 dates parsed successfully (100.0%)
[2026-02-05 17:35:24] INFO: Saved emergence timeline: /Users/stesmith/Documents/depredation/boldgenotyper/output/Salmonidae_full_test/visualization/metadata/pdf/Salmonidae_haplotype_emergence_timeline
[2026-02-05 17:35:28] INFO: Saved temporal composition: /Users/stesmith/Documents/depredation/boldgenotyper/output/Salmonidae_full_test/visualization/metadata/pdf/Salmonidae_temporal_composition
[2026-02-05 17:35:28] INFO: Generating species-faceted temporal plots for 77 species...
[2026-02-05 17:35:36] INFO: Saved species-faceted temporal composition: /Users/stesmith/Documents/depredation/boldgenotyper/output/Salmonidae_full_test/visualization/metadata/pdf/Salmonidae_temporal_composition_species_faceted
[2026-02-05 17:35:43] INFO: Saved species-faceted emergence timeline: /Users/stesmith/Documents/depredation/boldgenotyper/output/Salmonidae_full_test/visualization/metadata/pdf/Salmonidae_emergence_timeline_species_faceted
[2026-02-05 17:35:43] INFO: Generating country/ocean-faceted temporal plots for 56 regions...
[2026-02-05 17:35:52] INFO: Saved country-faceted temporal composition: /Users/stesmith/Documents/depredation/boldgenotyper/output/Salmonidae_full_test/visualization/metadata/pdf/Salmonidae_temporal_composition_country_faceted
[2026-02-05 17:36:05] INFO: Saved country-faceted emergence timeline: /Users/stesmith/Documents/depredation/boldgenotyper/output/Salmonidae_full_test/visualization/metadata/pdf/Salmonidae_emergence_timeline_country_faceted
[2026-02-05 17:36:05] INFO: Metadata analysis complete. 36 files exported to /Users/stesmith/Documents/depredation/boldgenotyper/output/Salmonidae_full_test/metadata_analysis
[2026-02-05 17:36:05] INFO: Metadata analysis complete: 11 fields analyzed, 17 visualizations created
[2026-02-05 17:36:05] INFO:   ✓ Metadata analysis complete
[2026-02-05 17:36:05] INFO:     - Fields analyzed: 11
[2026-02-05 17:36:05] INFO:     - Visualizations created: 17
[2026-02-05 17:36:05] INFO:     - Temporal analysis: enabled
[2026-02-05 17:36:05] INFO: 
[2026-02-05 17:36:05] INFO: PHASE 10: Visualization
[2026-02-05 17:36:05] INFO: --------------------------------------------------------------------------------
[2026-02-05 17:36:05] INFO: 10.1: Generating plots...
[2026-02-05 17:36:07] INFO:   → Generating species-faceted haplotype distribution maps...
[2026-02-05 17:36:07] INFO: Creating haplotype distribution maps for each species (min_haplotypes=2)...
[2026-02-05 17:36:07] INFO:   → Generating species-faceted haplotype basin charts...
[2026-02-05 17:36:07] INFO: Creating haplotype basin bar charts for each species (min_haplotypes=2)...
[2026-02-05 17:36:07] INFO: Creating faceted distribution map with cartopy backgrounds, faceting by species
[2026-02-05 17:36:17] INFO: Saved faceted distribution map: /Users/stesmith/Documents/depredation/boldgenotyper/output/Salmonidae_full_test/visualization/pdf/Salmonidae_distribution_map_faceted.pdf
[2026-02-05 17:36:17] INFO: Creating faceted distribution map with cartopy backgrounds, faceting by species
[2026-02-05 17:36:28] INFO: Saved faceted distribution map: /Users/stesmith/Documents/depredation/boldgenotyper/output/Salmonidae_full_test/visualization/pdf/Salmonidae_distribution_map_species_faceted.pdf
[2026-02-05 17:36:28] WARNING: Identity column not found in diagnostics. Skipping identity distribution plot (ESV-based workflow uses exact matching).
[2026-02-05 17:36:28] INFO: Using relabeled tree for visualization: /Users/stesmith/Documents/depredation/boldgenotyper/output/Salmonidae_full_test/phylogenetic/Salmonidae_tree_relabeled.nwk
[2026-02-05 17:36:28] INFO: Auto-scaled tree figure size to (14, 25) for 184 tips
[2026-02-05 17:36:29] INFO:   ✓ Generated phylogenetic tree plot: Salmonidae_tree.pdf
[2026-02-05 17:36:31] INFO:   → Generating species-faceted haplotype distribution maps...
[2026-02-05 17:36:31] INFO: Creating haplotype distribution maps for each species (min_haplotypes=2)...
[2026-02-05 17:36:31] INFO:   → Generating species-faceted haplotype basin charts...
[2026-02-05 17:36:31] INFO: Creating haplotype basin bar charts for each species (min_haplotypes=2)...
[2026-02-05 17:36:31] INFO: Creating faceted distribution map with cartopy backgrounds, faceting by species
[2026-02-05 17:36:41] INFO: Saved faceted distribution map: /Users/stesmith/Documents/depredation/boldgenotyper/output/Salmonidae_full_test/visualization/svg/Salmonidae_distribution_map_faceted.svg
[2026-02-05 17:36:41] INFO: Creating faceted distribution map with cartopy backgrounds, faceting by species
[2026-02-05 17:36:51] INFO: Saved faceted distribution map: /Users/stesmith/Documents/depredation/boldgenotyper/output/Salmonidae_full_test/visualization/svg/Salmonidae_distribution_map_species_faceted.svg
[2026-02-05 17:36:51] WARNING: Identity column not found in diagnostics. Skipping identity distribution plot (ESV-based workflow uses exact matching).
[2026-02-05 17:36:51] INFO: Using relabeled tree for visualization: /Users/stesmith/Documents/depredation/boldgenotyper/output/Salmonidae_full_test/phylogenetic/Salmonidae_tree_relabeled.nwk
[2026-02-05 17:36:51] INFO: Auto-scaled tree figure size to (14, 25) for 184 tips
[2026-02-05 17:36:52] INFO:   ✓ Generated phylogenetic tree plot: Salmonidae_tree.svg
[2026-02-05 17:36:52] INFO:   ✓ Generated visualization plots
[2026-02-05 17:36:52] INFO: 
[2026-02-05 17:36:52] INFO: PHASE 6.5: Plot Data Export
[2026-02-05 17:36:52] INFO: --------------------------------------------------------------------------------
[2026-02-05 17:36:52] INFO: Exporting plot data and regeneration kit...
[2026-02-05 17:36:52] INFO:   Exporting identity distribution data...
[2026-02-05 17:36:52] WARNING: Plot data export failed (non-critical): "['consensus_group'] not in index"
[2026-02-05 17:36:52] INFO: 
[2026-02-05 17:36:52] INFO: PHASE 12: Generating Reports
[2026-02-05 17:36:52] INFO: --------------------------------------------------------------------------------
[2026-02-05 17:36:52] INFO: Assignment summary saved: /Users/stesmith/Documents/depredation/boldgenotyper/output/Salmonidae_full_test/reports/Salmonidae_assignment_summary.csv
[2026-02-05 17:36:52] INFO:   ✓ Generated assignment summary: /Users/stesmith/Documents/depredation/boldgenotyper/output/Salmonidae_full_test/reports/Salmonidae_assignment_summary.csv
[2026-02-05 17:36:52] INFO: 
[2026-02-05 17:36:52] INFO: Cleaning up empty directories...
[2026-02-05 17:36:52] INFO:   ✓ Removed empty directories
[2026-02-05 17:36:52] INFO: 
[2026-02-05 17:36:52] INFO: Generating HTML summary report...
[2026-02-05 17:36:52] INFO: Generating HTML summary report for Salmonidae...
[2026-02-05 17:36:53] INFO: HTML report saved: /Users/stesmith/Documents/depredation/boldgenotyper/output/Salmonidae_full_test/Salmonidae_summary_report.html
[2026-02-05 17:36:53] INFO:   ✓ Generated HTML report: /Users/stesmith/Documents/depredation/boldgenotyper/output/Salmonidae_full_test/Salmonidae_summary_report.html
[2026-02-05 17:36:53] INFO: 
[2026-02-05 17:36:53] INFO: Removed intermediate directory
[2026-02-05 17:36:53] INFO: 
[2026-02-05 17:36:53] INFO: ================================================================================
[2026-02-05 17:36:53] INFO: ✓ Pipeline completed successfully for Salmonidae
[2026-02-05 17:36:53] INFO:   Output directory: /Users/stesmith/Documents/depredation/boldgenotyper/output/Salmonidae_full_test
[2026-02-05 17:36:53] INFO:   Key files:
[2026-02-05 17:36:53] INFO:     - Annotated data: /Users/stesmith/Documents/depredation/boldgenotyper/output/Salmonidae_full_test/Salmonidae_annotated.csv
[2026-02-05 17:36:53] INFO:     - Haplotype sequences: /Users/stesmith/Documents/depredation/boldgenotyper/output/Salmonidae_full_test/haplotypes/Salmonidae_haplotypes.fasta
[2026-02-05 17:36:53] INFO:     - Phylogenetic tree: /Users/stesmith/Documents/depredation/boldgenotyper/output/Salmonidae_full_test/phylogenetic/Salmonidae_tree.nwk
[2026-02-05 17:36:53] INFO:     - HTML summary report: /Users/stesmith/Documents/depredation/boldgenotyper/output/Salmonidae_full_test/Salmonidae_summary_report.html
[2026-02-05 17:36:53] INFO: ================================================================================

==============================================
Checking results...
==============================================

Total samples: 5546
Samples with lat: 1060 (19.1%)
Samples with lon: 1060 (19.1%)
Samples with freshwater_basin: 4403 (79.4%)

Unique basins: freshwater_basin
Unknown    4403
Name: count, dtype: int64

Sample data:
       processid  lat  lon freshwater_basin
0  ANGBF10407-12  NaN  NaN          Unknown
1  ANGBF10408-12  NaN  NaN          Unknown
2  ANGBF10409-12  NaN  NaN          Unknown
3  ANGBF10410-12  NaN  NaN          Unknown
4  ANGBF10411-12  NaN  NaN          Unknown
5  ANGBF10412-12  NaN  NaN          Unknown
6  ANGBF10413-12  NaN  NaN          Unknown
7  ANGBF10414-12  NaN  NaN          Unknown
8  ANGBF10415-12  NaN  NaN          Unknown
9  ANGBF10416-12  NaN  NaN          Unknown

Visualization directory contents:
total 0
drwxr-xr-x  3 stesmith  staff    96B Feb  5 17:36 metadata
drwxr-xr-x  5 stesmith  staff   160B Feb  5 17:36 pdf
drwxr-xr-x  5 stesmith  staff   160B Feb  5 17:36 svg

Done!
