[2025-11-04 07:37:59] INFO: Logging to file: tests/test_run.log

======================================================================
  BOLDGenotyper Pipeline Test
======================================================================
Test data: tests/data/Carcharhinus.tsv
Output directory: tests/Carcharhinus_output

======================================================================
  STEP 1: Load Configuration
======================================================================
✓ Configuration loaded
  Clustering threshold: 0.01
  Min identity (similarity threshold): 0.8
  Exclude centroids: True

======================================================================
  STEP 2: Parse BOLD Metadata
======================================================================
✓ Input TSV: tests/data/Carcharhinus.tsv (4.3 MB)

Parsing TSV...
[2025-11-04 07:37:59] INFO: Reading BOLD TSV file: tests/data/Carcharhinus.tsv
[2025-11-04 07:37:59] INFO: Read 3061 rows and 90 columns
[2025-11-04 07:37:59] INFO: Data quality summary:
[2025-11-04 07:37:59] INFO:   total_rows: 3061
[2025-11-04 07:37:59] INFO:   total_columns: 90
[2025-11-04 07:37:59] INFO:   unique_processids: 3061
[2025-11-04 07:37:59] INFO:   sequences_present: 3060
[2025-11-04 07:37:59] INFO:   sequences_missing: 1
[2025-11-04 07:37:59] INFO:   empty_sequences: 0
[2025-11-04 07:37:59] INFO:   coords_present: 873
[2025-11-04 07:37:59] INFO:   coords_missing: 2188
[2025-11-04 07:37:59] INFO:   centroid_coords: 471

Parsed data:
  Rows: 3061
  Columns: 90
  Columns: processid, sampleid, fieldid, museumid, record_id, specimenid, processid_minted_date, bin_uri, bin_created_date, collection_code...
  First row sample:
    processid: AMS002-06
    species: Carcharhinus obscurus
    coord: [-32.933, 151.75]
    nuc: CCTTTACCTGATTTTTGGTGCATGAGCAGGTATAGTTGGAACAGCCCTAA...
✓ All required columns present
✓ Saved parsed data: tests/Carcharhinus_output/01_parsed_metadata.tsv

======================================================================
  STEP 3: Filter Coordinates
======================================================================
Samples before filtering: 3061
[2025-11-04 07:37:59] INFO: Excluded 471 samples with centroid coordinates
[2025-11-04 07:37:59] INFO: Coordinate filtering: 2590/3061 samples retained (84.6%), 471 excluded
Samples after filtering: 2590
Removed: 471 samples

Extracting lat/lon coordinates...
  Warning: Could not parse coord for ANGBF1032-12: cannot unpack non-iterable NoneType object
  Warning: Could not parse coord for ANGBF11743-15: cannot unpack non-iterable NoneType object
  Warning: Could not parse coord for ANGBF11744-15: cannot unpack non-iterable NoneType object
  Warning: Could not parse coord for ANGBF11745-15: cannot unpack non-iterable NoneType object
  Warning: Could not parse coord for ANGBF11746-15: cannot unpack non-iterable NoneType object
  Warning: Could not parse coord for ANGBF11747-15: cannot unpack non-iterable NoneType object
  Warning: Could not parse coord for ANGBF11748-15: cannot unpack non-iterable NoneType object
  Warning: Could not parse coord for ANGBF11749-15: cannot unpack non-iterable NoneType object
  Warning: Could not parse coord for ANGBF11750-15: cannot unpack non-iterable NoneType object
  Warning: Could not parse coord for ANGBF11751-15: cannot unpack non-iterable NoneType object
  Warning: Could not parse coord for ANGBF11752-15: cannot unpack non-iterable NoneType object
  Warning: Could not parse coord for ANGBF11786-15: cannot unpack non-iterable NoneType object
  Warning: Could not parse coord for ANGBF11787-15: cannot unpack non-iterable NoneType object
  Warning: Could not parse coord for ANGBF11803-15: cannot unpack non-iterable NoneType object
  Warning: Could not parse coord for ANGBF11810-15: cannot unpack non-iterable NoneType object
  Warning: Could not parse coord for ANGBF11811-15: cannot unpack non-iterable NoneType object
  Warning: Could not parse coord for ANGBF11812-15: cannot unpack non-iterable NoneType object
  Warning: Could not parse coord for ANGBF11813-15: cannot unpack non-iterable NoneType object
  Warning: Could not parse coord for ANGBF11814-15: cannot unpack non-iterable NoneType object
  Warning: Could not parse coord for ANGBF11815-15: cannot unpack non-iterable NoneType object
  Warning: Could not parse coord for ANGBF11816-15: cannot unpack non-iterable NoneType object
  Warning: Could not parse coord for ANGBF11817-15: cannot unpack non-iterable NoneType object
  Warning: Could not parse coord for ANGBF11818-15: cannot unpack non-iterable NoneType object
  Warning: Could not parse coord for ANGBF11819-15: cannot unpack non-iterable NoneType object
  Warning: Could not parse coord for ANGBF11820-15: cannot unpack non-iterable NoneType object
  Warning: Could not parse coord for ANGBF11821-15: cannot unpack non-iterable NoneType object
  Warning: Could not parse coord for ANGBF11822-15: cannot unpack non-iterable NoneType object
  Warning: Could not parse coord for ANGBF11823-15: cannot unpack non-iterable NoneType object
  Warning: Could not parse coord for ANGBF11824-15: cannot unpack non-iterable NoneType object
  Warning: Could not parse coord for ANGBF11825-15: cannot unpack non-iterable NoneType object
  Warning: Could not parse coord for ANGBF11826-15: cannot unpack non-iterable NoneType object
  Warning: Could not parse coord for ANGBF11827-15: cannot unpack non-iterable NoneType object
  Warning: Could not parse coord for ANGBF11828-15: cannot unpack non-iterable NoneType object
  Warning: Could not parse coord for ANGBF11829-15: cannot unpack non-iterable NoneType object
  Warning: Could not parse coord for ANGBF11830-15: cannot unpack non-iterable NoneType object
  Warning: Could not parse coord for ANGBF11831-15: cannot unpack non-iterable NoneType object
  Warning: Could not parse coord for ANGBF11832-15: cannot unpack non-iterable NoneType object
  Warning: Could not parse coord for ANGBF11833-15: cannot unpack non-iterable NoneType object
  Warning: Could not parse coord for ANGBF11834-15: cannot unpack non-iterable NoneType object
  Warning: Could not parse coord for ANGBF11835-15: cannot unpack non-iterable NoneType object
  Warning: Could not parse coord for ANGBF11836-15: cannot unpack non-iterable NoneType object
  Warning: Could not parse coord for ANGBF11837-15: cannot unpack non-iterable NoneType object
  Warning: Could not parse coord for ANGBF11838-15: cannot unpack non-iterable NoneType object
  Warning: Could not parse coord for ANGBF11839-15: cannot unpack non-iterable NoneType object
  Warning: Could not parse coord for ANGBF11840-15: cannot unpack non-iterable NoneType object
  Warning: Could not parse coord for ANGBF11841-15: cannot unpack non-iterable NoneType object
  Warning: Could not parse coord for ANGBF11842-15: cannot unpack non-iterable NoneType object
  Warning: Could not parse coord for ANGBF11843-15: cannot unpack non-iterable NoneType object
  Warning: Could not parse coord for ANGBF11844-15: cannot unpack non-iterable NoneType object
  Warning: Could not parse coord for ANGBF11845-15: cannot unpack non-iterable NoneType object
  Warning: Could not parse coord for ANGBF11846-15: cannot unpack non-iterable NoneType object
  Warning: Could not parse coord for ANGBF11847-15: cannot unpack non-iterable NoneType object
  Warning: Could not parse coord for ANGBF11848-15: cannot unpack non-iterable NoneType object
  Warning: Could not parse coord for ANGBF11849-15: cannot unpack non-iterable NoneType object
  Warning: Could not parse coord for ANGBF11858-15: cannot unpack non-iterable NoneType object
  Warning: Could not parse coord for ANGBF11859-15: cannot unpack non-iterable NoneType object
  Warning: Could not parse coord for ANGBF11860-15: cannot unpack non-iterable NoneType object
  Warning: Could not parse coord for ANGBF11861-15: cannot unpack non-iterable NoneType object
  Warning: Could not parse coord for ANGBF11862-15: cannot unpack non-iterable NoneType object
  Warning: Could not parse coord for ANGBF11863-15: cannot unpack non-iterable NoneType object
  Warning: Could not parse coord for ANGBF11864-15: cannot unpack non-iterable NoneType object
  Warning: Could not parse coord for ANGBF11865-15: cannot unpack non-iterable NoneType object
  Warning: Could not parse coord for ANGBF11866-15: cannot unpack non-iterable NoneType object
  Warning: Could not parse coord for ANGBF11867-15: cannot unpack non-iterable NoneType object
  Warning: Could not parse coord for ANGBF11868-15: cannot unpack non-iterable NoneType object
  Warning: Could not parse coord for ANGBF11869-15: cannot unpack non-iterable NoneType object
  Warning: Could not parse coord for ANGBF11870-15: cannot unpack non-iterable NoneType object
  Warning: Could not parse coord for ANGBF11871-15: cannot unpack non-iterable NoneType object
  Warning: Could not parse coord for ANGBF11872-15: cannot unpack non-iterable NoneType object
  Warning: Could not parse coord for ANGBF11873-15: cannot unpack non-iterable NoneType object
  Warning: Could not parse coord for ANGBF11874-15: cannot unpack non-iterable NoneType object
  Warning: Could not parse coord for ANGBF11875-15: cannot unpack non-iterable NoneType object
  Warning: Could not parse coord for ANGBF11876-15: cannot unpack non-iterable NoneType object
  Warning: Could not parse coord for ANGBF11877-15: cannot unpack non-iterable NoneType object
  Warning: Could not parse coord for ANGBF11878-15: cannot unpack non-iterable NoneType object
  Warning: Could not parse coord for ANGBF11879-15: cannot unpack non-iterable NoneType object
  Warning: Could not parse coord for ANGBF11880-15: cannot unpack non-iterable NoneType object
  Warning: Could not parse coord for ANGBF11881-15: cannot unpack non-iterable NoneType object
  Warning: Could not parse coord for ANGBF11882-15: cannot unpack non-iterable NoneType object
  Warning: Could not parse coord for ANGBF11883-15: cannot unpack non-iterable NoneType object
  Warning: Could not parse coord for ANGBF11884-15: cannot unpack non-iterable NoneType object
  Warning: Could not parse coord for ANGBF11885-15: cannot unpack non-iterable NoneType object
  Warning: Could not parse coord for ANGBF11886-15: cannot unpack non-iterable NoneType object
  Warning: Could not parse coord for ANGBF11887-15: cannot unpack non-iterable NoneType object
  Warning: Could not parse coord for ANGBF11888-15: cannot unpack non-iterable NoneType object
  Warning: Could not parse coord for ANGBF11889-15: cannot unpack non-iterable NoneType object
  Warning: Could not parse coord for ANGBF11890-15: cannot unpack non-iterable NoneType object
  Warning: Could not parse coord for ANGBF11891-15: cannot unpack non-iterable NoneType object
  Warning: Could not parse coord for ANGBF11892-15: cannot unpack non-iterable NoneType object
  Warning: Could not parse coord for ANGBF11893-15: cannot unpack non-iterable NoneType object
  Warning: Could not parse coord for ANGBF11894-15: cannot unpack non-iterable NoneType object
  Warning: Could not parse coord for ANGBF11895-15: cannot unpack non-iterable NoneType object
  Warning: Could not parse coord for ANGBF11896-15: cannot unpack non-iterable NoneType object
  Warning: Could not parse coord for ANGBF11897-15: cannot unpack non-iterable NoneType object
  Warning: Could not parse coord for ANGBF11898-15: cannot unpack non-iterable NoneType object
  Warning: Could not parse coord for ANGBF11899-15: cannot unpack non-iterable NoneType object
  Warning: Could not parse coord for ANGBF11900-15: cannot unpack non-iterable NoneType object
  Warning: Could not parse coord for ANGBF11901-15: cannot unpack non-iterable NoneType object
  Warning: Could not parse coord for ANGBF11902-15: cannot unpack non-iterable NoneType object
  Warning: Could not parse coord for ANGBF11903-15: cannot unpack non-iterable NoneType object
  Warning: Could not parse coord for ANGBF11904-15: cannot unpack non-iterable NoneType object
  Warning: Could not parse coord for ANGBF11905-15: cannot unpack non-iterable NoneType object
  Warning: Could not parse coord for ANGBF11906-15: cannot unpack non-iterable NoneType object
  Warning: Could not parse coord for ANGBF11907-15: cannot unpack non-iterable NoneType object
  Warning: Could not parse coord for ANGBF11908-15: cannot unpack non-iterable NoneType object
  Warning: Could not parse coord for ANGBF11909-15: cannot unpack non-iterable NoneType object
  Warning: Could not parse coord for ANGBF11910-15: cannot unpack non-iterable NoneType object
  Warning: Could not parse coord for ANGBF11911-15: cannot unpack non-iterable NoneType object
  Warning: Could not parse coord for ANGBF11912-15: cannot unpack non-iterable NoneType object
  Warning: Could not parse coord for ANGBF11913-15: cannot unpack non-iterable NoneType object
  Warning: Could not parse coord for ANGBF11914-15: cannot unpack non-iterable NoneType object
  Warning: Could not parse coord for ANGBF11915-15: cannot unpack non-iterable NoneType object
  Warning: Could not parse coord for ANGBF11916-15: cannot unpack non-iterable NoneType object
  Warning: Could not parse coord for ANGBF11917-15: cannot unpack non-iterable NoneType object
  Warning: Could not parse coord for ANGBF11918-15: cannot unpack non-iterable NoneType object
  Warning: Could not parse coord for ANGBF11919-15: cannot unpack non-iterable NoneType object
  Warning: Could not parse coord for ANGBF11920-15: cannot unpack non-iterable NoneType object
  Warning: Could not parse coord for ANGBF11921-15: cannot unpack non-iterable NoneType object
  Warning: Could not parse coord for ANGBF11922-15: cannot unpack non-iterable NoneType object
  Warning: Could not parse coord for ANGBF11923-15: cannot unpack non-iterable NoneType object
  Warning: Could not parse coord for ANGBF11924-15: cannot unpack non-iterable NoneType object
  Warning: Could not parse coord for ANGBF11925-15: cannot unpack non-iterable NoneType object
  Warning: Could not parse coord for ANGBF11926-15: cannot unpack non-iterable NoneType object
  Warning: Could not parse coord for ANGBF11927-15: cannot unpack non-iterable NoneType object
  Warning: Could not parse coord for ANGBF11939-15: cannot unpack non-iterable NoneType object
  Warning: Could not parse coord for ANGBF11940-15: cannot unpack non-iterable NoneType object
  Warning: Could not parse coord for ANGBF11941-15: cannot unpack non-iterable NoneType object
  Warning: Could not parse coord for ANGBF11942-15: cannot unpack non-iterable NoneType object
  Warning: Could not parse coord for ANGBF11943-15: cannot unpack non-iterable NoneType object
  Warning: Could not parse coord for ANGBF11944-15: cannot unpack non-iterable NoneType object
  Warning: Could not parse coord for ANGBF11945-15: cannot unpack non-iterable NoneType object
  Warning: Could not parse coord for ANGBF11946-15: cannot unpack non-iterable NoneType object
  Warning: Could not parse coord for ANGBF11947-15: cannot unpack non-iterable NoneType object
  Warning: Could not parse coord for ANGBF11948-15: cannot unpack non-iterable NoneType object
  Warning: Could not parse coord for ANGBF11949-15: cannot unpack non-iterable NoneType object
  Warning: Could not parse coord for ANGBF11950-15: cannot unpack non-iterable NoneType object
  Warning: Could not parse coord for ANGBF11951-15: cannot unpack non-iterable NoneType object
  Warning: Could not parse coord for ANGBF11952-15: cannot unpack non-iterable NoneType object
  Warning: Could not parse coord for ANGBF11953-15: cannot unpack non-iterable NoneType object
  Warning: Could not parse coord for ANGBF11954-15: cannot unpack non-iterable NoneType object
  Warning: Could not parse coord for ANGBF11955-15: cannot unpack non-iterable NoneType object
  Warning: Could not parse coord for ANGBF11956-15: cannot unpack non-iterable NoneType object
  Warning: Could not parse coord for ANGBF11957-15: cannot unpack non-iterable NoneType object
  Warning: Could not parse coord for ANGBF11963-15: cannot unpack non-iterable NoneType object
  Warning: Could not parse coord for ANGBF11964-15: cannot unpack non-iterable NoneType object
  Warning: Could not parse coord for ANGBF11965-15: cannot unpack non-iterable NoneType object
  Warning: Could not parse coord for ANGBF11966-15: cannot unpack non-iterable NoneType object
  Warning: Could not parse coord for ANGBF11967-15: cannot unpack non-iterable NoneType object
  Warning: Could not parse coord for ANGBF11968-15: cannot unpack non-iterable NoneType object
  Warning: Could not parse coord for ANGBF11969-15: cannot unpack non-iterable NoneType object
  Warning: Could not parse coord for ANGBF11970-15: cannot unpack non-iterable NoneType object
  Warning: Could not parse coord for ANGBF11971-15: cannot unpack non-iterable NoneType object
  Warning: Could not parse coord for ANGBF11972-15: cannot unpack non-iterable NoneType object
  Warning: Could not parse coord for ANGBF11973-15: cannot unpack non-iterable NoneType object
  Warning: Could not parse coord for ANGBF11974-15: cannot unpack non-iterable NoneType object
  Warning: Could not parse coord for ANGBF11975-15: cannot unpack non-iterable NoneType object
  Warning: Could not parse coord for ANGBF11976-15: cannot unpack non-iterable NoneType object
  Warning: Could not parse coord for ANGBF11977-15: cannot unpack non-iterable NoneType object
  Warning: Could not parse coord for ANGBF11978-15: cannot unpack non-iterable NoneType object
  Warning: Could not parse coord for ANGBF11979-15: cannot unpack non-iterable NoneType object
  Warning: Could not parse coord for ANGBF11980-15: cannot unpack non-iterable NoneType object
  Warning: Could not parse coord for ANGBF11981-15: cannot unpack non-iterable NoneType object
  Warning: Could not parse coord for ANGBF11982-15: cannot unpack non-iterable NoneType object
  Warning: Could not parse coord for ANGBF11983-15: cannot unpack non-iterable NoneType object
  Warning: Could not parse coord for ANGBF11984-15: cannot unpack non-iterable NoneType object
  Warning: Could not parse coord for ANGBF11985-15: cannot unpack non-iterable NoneType object
  Warning: Could not parse coord for ANGBF11986-15: cannot unpack non-iterable NoneType object
  Warning: Could not parse coord for ANGBF11987-15: cannot unpack non-iterable NoneType object
  Warning: Could not parse coord for ANGBF11988-15: cannot unpack non-iterable NoneType object
  Warning: Could not parse coord for ANGBF11989-15: cannot unpack non-iterable NoneType object
  Warning: Could not parse coord for ANGBF11990-15: cannot unpack non-iterable NoneType object
  Warning: Could not parse coord for ANGBF11991-15: cannot unpack non-iterable NoneType object
  Warning: Could not parse coord for ANGBF11992-15: cannot unpack non-iterable NoneType object
  Warning: Could not parse coord for ANGBF11993-15: cannot unpack non-iterable NoneType object
  Warning: Could not parse coord for ANGBF11994-15: cannot unpack non-iterable NoneType object
  Warning: Could not parse coord for ANGBF12007-15: cannot unpack non-iterable NoneType object
  Warning: Could not parse coord for ANGBF12008-15: cannot unpack non-iterable NoneType object
  Warning: Could not parse coord for ANGBF12009-15: cannot unpack non-iterable NoneType object
  Warning: Could not parse coord for ANGBF12010-15: cannot unpack non-iterable NoneType object
  Warning: Could not parse coord for ANGBF12011-15: cannot unpack non-iterable NoneType object
  Warning: Could not parse coord for ANGBF12012-15: cannot unpack non-iterable NoneType object
  Warning: Could not parse coord for ANGBF12013-15: cannot unpack non-iterable NoneType object
  Warning: Could not parse coord for ANGBF12014-15: cannot unpack non-iterable NoneType object
  Warning: Could not parse coord for ANGBF12020-15: cannot unpack non-iterable NoneType object
  Warning: Could not parse coord for ANGBF12021-15: cannot unpack non-iterable NoneType object
  Warning: Could not parse coord for ANGBF12022-15: cannot unpack non-iterable NoneType object
  Warning: Could not parse coord for ANGBF12023-15: cannot unpack non-iterable NoneType object
  Warning: Could not parse coord for ANGBF12024-15: cannot unpack non-iterable NoneType object
  Warning: Could not parse coord for ANGBF12025-15: cannot unpack non-iterable NoneType object
  Warning: Could not parse coord for ANGBF12026-15: cannot unpack non-iterable NoneType object
  Warning: Could not parse coord for ANGBF12027-15: cannot unpack non-iterable NoneType object
  Warning: Could not parse coord for ANGBF12028-15: cannot unpack non-iterable NoneType object
  Warning: Could not parse coord for ANGBF12029-15: cannot unpack non-iterable NoneType object
  Warning: Could not parse coord for ANGBF12030-15: cannot unpack non-iterable NoneType object
  Warning: Could not parse coord for ANGBF12031-15: cannot unpack non-iterable NoneType object
  Warning: Could not parse coord for ANGBF12032-15: cannot unpack non-iterable NoneType object
  Warning: Could not parse coord for ANGBF12033-15: cannot unpack non-iterable NoneType object
  Warning: Could not parse coord for ANGBF12884-18: cannot unpack non-iterable NoneType object
  Warning: Could not parse coord for ANGBF12898-18: cannot unpack non-iterable NoneType object
  Warning: Could not parse coord for ANGBF12899-18: cannot unpack non-iterable NoneType object
  Warning: Could not parse coord for ANGBF12900-18: cannot unpack non-iterable NoneType object
  Warning: Could not parse coord for ANGBF12901-18: cannot unpack non-iterable NoneType object
  Warning: Could not parse coord for ANGBF12902-18: cannot unpack non-iterable NoneType object
  Warning: Could not parse coord for ANGBF12903-18: cannot unpack non-iterable NoneType object
  Warning: Could not parse coord for ANGBF48268-19: cannot unpack non-iterable NoneType object
  Warning: Could not parse coord for ANGBF48270-19: cannot unpack non-iterable NoneType object
  Warning: Could not parse coord for ANGBF48271-19: cannot unpack non-iterable NoneType object
  Warning: Could not parse coord for ANGBF48272-19: cannot unpack non-iterable NoneType object
  Warning: Could not parse coord for ANGBF48273-19: cannot unpack non-iterable NoneType object
  Warning: Could not parse coord for ANGBF48274-19: cannot unpack non-iterable NoneType object
  Warning: Could not parse coord for ANGBF48275-19: cannot unpack non-iterable NoneType object
  Warning: Could not parse coord for ANGBF48276-19: cannot unpack non-iterable NoneType object
  Warning: Could not parse coord for ANGBF48277-19: cannot unpack non-iterable NoneType object
  Warning: Could not parse coord for ANGBF48278-19: cannot unpack non-iterable NoneType object
  Warning: Could not parse coord for ANGBF48279-19: cannot unpack non-iterable NoneType object
  Warning: Could not parse coord for ANGBF48280-19: cannot unpack non-iterable NoneType object
  Warning: Could not parse coord for ANGBF48281-19: cannot unpack non-iterable NoneType object
  Warning: Could not parse coord for ANGBF48282-19: cannot unpack non-iterable NoneType object
  Warning: Could not parse coord for ANGBF48283-19: cannot unpack non-iterable NoneType object
  Warning: Could not parse coord for ANGBF48284-19: cannot unpack non-iterable NoneType object
  Warning: Could not parse coord for ANGBF48285-19: cannot unpack non-iterable NoneType object
  Warning: Could not parse coord for ANGBF48286-19: cannot unpack non-iterable NoneType object
  Warning: Could not parse coord for ANGBF48287-19: cannot unpack non-iterable NoneType object
  Warning: Could not parse coord for ANGBF48288-19: cannot unpack non-iterable NoneType object
  Warning: Could not parse coord for ANGBF48289-19: cannot unpack non-iterable NoneType object
  Warning: Could not parse coord for ANGBF48290-19: cannot unpack non-iterable NoneType object
  Warning: Could not parse coord for ANGBF48291-19: cannot unpack non-iterable NoneType object
  Warning: Could not parse coord for ANGBF48292-19: cannot unpack non-iterable NoneType object
  Warning: Could not parse coord for ANGBF48293-19: cannot unpack non-iterable NoneType object
  Warning: Could not parse coord for ANGBF48294-19: cannot unpack non-iterable NoneType object
  Warning: Could not parse coord for ANGBF48295-19: cannot unpack non-iterable NoneType object
  Warning: Could not parse coord for ANGBF48296-19: cannot unpack non-iterable NoneType object
  Warning: Could not parse coord for ANGBF48297-19: cannot unpack non-iterable NoneType object
  Warning: Could not parse coord for ANGBF48298-19: cannot unpack non-iterable NoneType object
  Warning: Could not parse coord for ANGBF48299-19: cannot unpack non-iterable NoneType object
  Warning: Could not parse coord for ANGBF48300-19: cannot unpack non-iterable NoneType object
  Warning: Could not parse coord for ANGBF48301-19: cannot unpack non-iterable NoneType object
  Warning: Could not parse coord for ANGBF48302-19: cannot unpack non-iterable NoneType object
  Warning: Could not parse coord for ANGBF48303-19: cannot unpack non-iterable NoneType object
  Warning: Could not parse coord for ANGBF48304-19: cannot unpack non-iterable NoneType object
  Warning: Could not parse coord for ANGBF48305-19: cannot unpack non-iterable NoneType object
  Warning: Could not parse coord for ANGBF48306-19: cannot unpack non-iterable NoneType object
  Warning: Could not parse coord for ANGBF48307-19: cannot unpack non-iterable NoneType object
  Warning: Could not parse coord for ANGBF48308-19: cannot unpack non-iterable NoneType object
  Warning: Could not parse coord for ANGBF48309-19: cannot unpack non-iterable NoneType object
  Warning: Could not parse coord for ANGBF48310-19: cannot unpack non-iterable NoneType object
  Warning: Could not parse coord for ANGBF48311-19: cannot unpack non-iterable NoneType object
  Warning: Could not parse coord for ANGBF48312-19: cannot unpack non-iterable NoneType object
  Warning: Could not parse coord for ANGBF48313-19: cannot unpack non-iterable NoneType object
  Warning: Could not parse coord for ANGBF48314-19: cannot unpack non-iterable NoneType object
  Warning: Could not parse coord for ANGBF48315-19: cannot unpack non-iterable NoneType object
  Warning: Could not parse coord for ANGBF48316-19: cannot unpack non-iterable NoneType object
  Warning: Could not parse coord for ANGBF48317-19: cannot unpack non-iterable NoneType object
  Warning: Could not parse coord for ANGBF48318-19: cannot unpack non-iterable NoneType object
  Warning: Could not parse coord for ANGBF48319-19: cannot unpack non-iterable NoneType object
  Warning: Could not parse coord for ANGBF48320-19: cannot unpack non-iterable NoneType object
  Warning: Could not parse coord for ANGBF48321-19: cannot unpack non-iterable NoneType object
  Warning: Could not parse coord for ANGBF48322-19: cannot unpack non-iterable NoneType object
  Warning: Could not parse coord for ANGBF48323-19: cannot unpack non-iterable NoneType object
  Warning: Could not parse coord for ANGBF48324-19: cannot unpack non-iterable NoneType object
  Warning: Could not parse coord for ANGBF48325-19: cannot unpack non-iterable NoneType object
  Warning: Could not parse coord for ANGBF48326-19: cannot unpack non-iterable NoneType object
  Warning: Could not parse coord for ANGBF48327-19: cannot unpack non-iterable NoneType object
  Warning: Could not parse coord for ANGBF48329-19: cannot unpack non-iterable NoneType object
  Warning: Could not parse coord for ANGBF48330-19: cannot unpack non-iterable NoneType object
  Warning: Could not parse coord for ANGBF48331-19: cannot unpack non-iterable NoneType object
  Warning: Could not parse coord for ANGBF48332-19: cannot unpack non-iterable NoneType object
  Warning: Could not parse coord for ANGBF48333-19: cannot unpack non-iterable NoneType object
  Warning: Could not parse coord for ANGBF48334-19: cannot unpack non-iterable NoneType object
  Warning: Could not parse coord for ANGBF48335-19: cannot unpack non-iterable NoneType object
  Warning: Could not parse coord for ANGBF48336-19: cannot unpack non-iterable NoneType object
  Warning: Could not parse coord for ANGBF48337-19: cannot unpack non-iterable NoneType object
  Warning: Could not parse coord for ANGBF48338-19: cannot unpack non-iterable NoneType object
  Warning: Could not parse coord for ANGBF48339-19: cannot unpack non-iterable NoneType object
  Warning: Could not parse coord for ANGBF48340-19: cannot unpack non-iterable NoneType object
  Warning: Could not parse coord for ANGBF48341-19: cannot unpack non-iterable NoneType object
  Warning: Could not parse coord for ANGBF48342-19: cannot unpack non-iterable NoneType object
  Warning: Could not parse coord for ANGBF48343-19: cannot unpack non-iterable NoneType object
  Warning: Could not parse coord for ANGBF48344-19: cannot unpack non-iterable NoneType object
  Warning: Could not parse coord for ANGBF48345-19: cannot unpack non-iterable NoneType object
  Warning: Could not parse coord for ANGBF48346-19: cannot unpack non-iterable NoneType object
  Warning: Could not parse coord for ANGBF48347-19: cannot unpack non-iterable NoneType object
  Warning: Could not parse coord for ANGBF48348-19: cannot unpack non-iterable NoneType object
  Warning: Could not parse coord for ANGBF48349-19: cannot unpack non-iterable NoneType object
  Warning: Could not parse coord for ANGBF48350-19: cannot unpack non-iterable NoneType object
  Warning: Could not parse coord for ANGBF48351-19: cannot unpack non-iterable NoneType object
  Warning: Could not parse coord for ANGBF48352-19: cannot unpack non-iterable NoneType object
  Warning: Could not parse coord for ANGBF48353-19: cannot unpack non-iterable NoneType object
  Warning: Could not parse coord for ANGBF48354-19: cannot unpack non-iterable NoneType object
  Warning: Could not parse coord for ANGBF48355-19: cannot unpack non-iterable NoneType object
  Warning: Could not parse coord for ANGBF48356-19: cannot unpack non-iterable NoneType object
  Warning: Could not parse coord for ANGBF48357-19: cannot unpack non-iterable NoneType object
  Warning: Could not parse coord for ANGBF48358-19: cannot unpack non-iterable NoneType object
  Warning: Could not parse coord for ANGBF48359-19: cannot unpack non-iterable NoneType object
  Warning: Could not parse coord for ANGBF48360-19: cannot unpack non-iterable NoneType object
  Warning: Could not parse coord for ANGBF48361-19: cannot unpack non-iterable NoneType object
  Warning: Could not parse coord for ANGBF48362-19: cannot unpack non-iterable NoneType object
  Warning: Could not parse coord for ANGBF48363-19: cannot unpack non-iterable NoneType object
  Warning: Could not parse coord for ANGBF48364-19: cannot unpack non-iterable NoneType object
  Warning: Could not parse coord for ANGBF48365-19: cannot unpack non-iterable NoneType object
  Warning: Could not parse coord for ANGBF48366-19: cannot unpack non-iterable NoneType object
  Warning: Could not parse coord for ANGBF48367-19: cannot unpack non-iterable NoneType object
  Warning: Could not parse coord for ANGBF48368-19: cannot unpack non-iterable NoneType object
  Warning: Could not parse coord for ANGBF48369-19: cannot unpack non-iterable NoneType object
  Warning: Could not parse coord for ANGBF48370-19: cannot unpack non-iterable NoneType object
  Warning: Could not parse coord for ANGBF48371-19: cannot unpack non-iterable NoneType object
  Warning: Could not parse coord for ANGBF48372-19: cannot unpack non-iterable NoneType object
  Warning: Could not parse coord for ANGBF48373-19: cannot unpack non-iterable NoneType object
  Warning: Could not parse coord for ANGBF48374-19: cannot unpack non-iterable NoneType object
  Warning: Could not parse coord for ANGBF48375-19: cannot unpack non-iterable NoneType object
  Warning: Could not parse coord for ANGBF48376-19: cannot unpack non-iterable NoneType object
  Warning: Could not parse coord for ANGBF48377-19: cannot unpack non-iterable NoneType object
  Warning: Could not parse coord for ANGBF48378-19: cannot unpack non-iterable NoneType object
  Warning: Could not parse coord for ANGBF48379-19: cannot unpack non-iterable NoneType object
  Warning: Could not parse coord for ANGBF48380-19: cannot unpack non-iterable NoneType object
  Warning: Could not parse coord for ANGBF48381-19: cannot unpack non-iterable NoneType object
  Warning: Could not parse coord for ANGBF48382-19: cannot unpack non-iterable NoneType object
  Warning: Could not parse coord for ANGBF48383-19: cannot unpack non-iterable NoneType object
  Warning: Could not parse coord for ANGBF48384-19: cannot unpack non-iterable NoneType object
  Warning: Could not parse coord for ANGBF48385-19: cannot unpack non-iterable NoneType object
  Warning: Could not parse coord for ANGBF48386-19: cannot unpack non-iterable NoneType object
  Warning: Could not parse coord for ANGBF48387-19: cannot unpack non-iterable NoneType object
  Warning: Could not parse coord for ANGBF48388-19: cannot unpack non-iterable NoneType object
  Warning: Could not parse coord for ANGBF48389-19: cannot unpack non-iterable NoneType object
  Warning: Could not parse coord for ANGBF48390-19: cannot unpack non-iterable NoneType object
  Warning: Could not parse coord for ANGBF48391-19: cannot unpack non-iterable NoneType object
  Warning: Could not parse coord for ANGBF48392-19: cannot unpack non-iterable NoneType object
  Warning: Could not parse coord for ANGBF48393-19: cannot unpack non-iterable NoneType object
  Warning: Could not parse coord for ANGBF48394-19: cannot unpack non-iterable NoneType object
  Warning: Could not parse coord for ANGBF48395-19: cannot unpack non-iterable NoneType object
  Warning: Could not parse coord for ANGBF48396-19: cannot unpack non-iterable NoneType object
  Warning: Could not parse coord for ANGBF48397-19: cannot unpack non-iterable NoneType object
  Warning: Could not parse coord for ANGBF48398-19: cannot unpack non-iterable NoneType object
  Warning: Could not parse coord for ANGBF48399-19: cannot unpack non-iterable NoneType object
  Warning: Could not parse coord for ANGBF48400-19: cannot unpack non-iterable NoneType object
  Warning: Could not parse coord for ANGBF48401-19: cannot unpack non-iterable NoneType object
  Warning: Could not parse coord for ANGBF48402-19: cannot unpack non-iterable NoneType object
  Warning: Could not parse coord for ANGBF48403-19: cannot unpack non-iterable NoneType object
  Warning: Could not parse coord for ANGBF48404-19: cannot unpack non-iterable NoneType object
  Warning: Could not parse coord for ANGBF48405-19: cannot unpack non-iterable NoneType object
  Warning: Could not parse coord for ANGBF48406-19: cannot unpack non-iterable NoneType object
  Warning: Could not parse coord for ANGBF48407-19: cannot unpack non-iterable NoneType object
  Warning: Could not parse coord for ANGBF48408-19: cannot unpack non-iterable NoneType object
  Warning: Could not parse coord for ANGBF48409-19: cannot unpack non-iterable NoneType object
  Warning: Could not parse coord for ANGBF48410-19: cannot unpack non-iterable NoneType object
  Warning: Could not parse coord for ANGBF48411-19: cannot unpack non-iterable NoneType object
  Warning: Could not parse coord for ANGBF48412-19: cannot unpack non-iterable NoneType object
  Warning: Could not parse coord for ANGBF48413-19: cannot unpack non-iterable NoneType object
  Warning: Could not parse coord for ANGBF48414-19: cannot unpack non-iterable NoneType object
  Warning: Could not parse coord for ANGBF48415-19: cannot unpack non-iterable NoneType object
  Warning: Could not parse coord for ANGBF48416-19: cannot unpack non-iterable NoneType object
  Warning: Could not parse coord for ANGBF48417-19: cannot unpack non-iterable NoneType object
  Warning: Could not parse coord for ANGBF48418-19: cannot unpack non-iterable NoneType object
  Warning: Could not parse coord for ANGBF48419-19: cannot unpack non-iterable NoneType object
  Warning: Could not parse coord for ANGBF48420-19: cannot unpack non-iterable NoneType object
  Warning: Could not parse coord for ANGBF48421-19: cannot unpack non-iterable NoneType object
  Warning: Could not parse coord for ANGBF48422-19: cannot unpack non-iterable NoneType object
  Warning: Could not parse coord for ANGBF48423-19: cannot unpack non-iterable NoneType object
  Warning: Could not parse coord for ANGBF48424-19: cannot unpack non-iterable NoneType object
  Warning: Could not parse coord for ANGBF48425-19: cannot unpack non-iterable NoneType object
  Warning: Could not parse coord for ANGBF48426-19: cannot unpack non-iterable NoneType object
  Warning: Could not parse coord for ANGBF48427-19: cannot unpack non-iterable NoneType object
  Warning: Could not parse coord for ANGBF48428-19: cannot unpack non-iterable NoneType object
  Warning: Could not parse coord for ANGBF48429-19: cannot unpack non-iterable NoneType object
  Warning: Could not parse coord for ANGBF48430-19: cannot unpack non-iterable NoneType object
  Warning: Could not parse coord for ANGBF48431-19: cannot unpack non-iterable NoneType object
  Warning: Could not parse coord for ANGBF48432-19: cannot unpack non-iterable NoneType object
  Warning: Could not parse coord for ANGBF48433-19: cannot unpack non-iterable NoneType object
  Warning: Could not parse coord for ANGBF48434-19: cannot unpack non-iterable NoneType object
  Warning: Could not parse coord for ANGBF48435-19: cannot unpack non-iterable NoneType object
  Warning: Could not parse coord for ANGBF48436-19: cannot unpack non-iterable NoneType object
  Warning: Could not parse coord for ANGBF48437-19: cannot unpack non-iterable NoneType object
  Warning: Could not parse coord for ANGBF48438-19: cannot unpack non-iterable NoneType object
  Warning: Could not parse coord for ANGBF48439-19: cannot unpack non-iterable NoneType object
  Warning: Could not parse coord for ANGBF48440-19: cannot unpack non-iterable NoneType object
  Warning: Could not parse coord for ANGBF48441-19: cannot unpack non-iterable NoneType object
  Warning: Could not parse coord for ANGBF48442-19: cannot unpack non-iterable NoneType object
  Warning: Could not parse coord for ANGBF48443-19: cannot unpack non-iterable NoneType object
  Warning: Could not parse coord for ANGBF48444-19: cannot unpack non-iterable NoneType object
  Warning: Could not parse coord for ANGBF48445-19: cannot unpack non-iterable NoneType object
  Warning: Could not parse coord for ANGBF48446-19: cannot unpack non-iterable NoneType object
  Warning: Could not parse coord for ANGBF48447-19: cannot unpack non-iterable NoneType object
  Warning: Could not parse coord for ANGBF48448-19: cannot unpack non-iterable NoneType object
  Warning: Could not parse coord for ANGBF48449-19: cannot unpack non-iterable NoneType object
  Warning: Could not parse coord for ANGBF48450-19: cannot unpack non-iterable NoneType object
  Warning: Could not parse coord for ANGBF48451-19: cannot unpack non-iterable NoneType object
  Warning: Could not parse coord for ANGBF48452-19: cannot unpack non-iterable NoneType object
  Warning: Could not parse coord for ANGBF48453-19: cannot unpack non-iterable NoneType object
  Warning: Could not parse coord for ANGBF48454-19: cannot unpack non-iterable NoneType object
  Warning: Could not parse coord for ANGBF48455-19: cannot unpack non-iterable NoneType object
  Warning: Could not parse coord for ANGBF48456-19: cannot unpack non-iterable NoneType object
  Warning: Could not parse coord for ANGBF48457-19: cannot unpack non-iterable NoneType object
  Warning: Could not parse coord for ANGBF48458-19: cannot unpack non-iterable NoneType object
  Warning: Could not parse coord for ANGBF48459-19: cannot unpack non-iterable NoneType object
  Warning: Could not parse coord for ANGBF48460-19: cannot unpack non-iterable NoneType object
  Warning: Could not parse coord for ANGBF48461-19: cannot unpack non-iterable NoneType object
  Warning: Could not parse coord for ANGBF48462-19: cannot unpack non-iterable NoneType object
  Warning: Could not parse coord for ANGBF48463-19: cannot unpack non-iterable NoneType object
  Warning: Could not parse coord for ANGBF48464-19: cannot unpack non-iterable NoneType object
  Warning: Could not parse coord for ANGBF48465-19: cannot unpack non-iterable NoneType object
  Warning: Could not parse coord for ANGBF48466-19: cannot unpack non-iterable NoneType object
  Warning: Could not parse coord for ANGBF48467-19: cannot unpack non-iterable NoneType object
  Warning: Could not parse coord for ANGBF48468-19: cannot unpack non-iterable NoneType object
  Warning: Could not parse coord for ANGBF48469-19: cannot unpack non-iterable NoneType object
  Warning: Could not parse coord for ANGBF48470-19: cannot unpack non-iterable NoneType object
  Warning: Could not parse coord for ANGBF48471-19: cannot unpack non-iterable NoneType object
  Warning: Could not parse coord for ANGBF48472-19: cannot unpack non-iterable NoneType object
  Warning: Could not parse coord for ANGBF48474-19: cannot unpack non-iterable NoneType object
  Warning: Could not parse coord for ANGBF48475-19: cannot unpack non-iterable NoneType object
  Warning: Could not parse coord for ANGBF48476-19: cannot unpack non-iterable NoneType object
  Warning: Could not parse coord for ANGBF48477-19: cannot unpack non-iterable NoneType object
  Warning: Could not parse coord for ANGBF48478-19: cannot unpack non-iterable NoneType object
  Warning: Could not parse coord for ANGBF48479-19: cannot unpack non-iterable NoneType object
  Warning: Could not parse coord for ANGBF48480-19: cannot unpack non-iterable NoneType object
  Warning: Could not parse coord for ANGBF48482-19: cannot unpack non-iterable NoneType object
  Warning: Could not parse coord for ANGBF48483-19: cannot unpack non-iterable NoneType object
  Warning: Could not parse coord for ANGBF48484-19: cannot unpack non-iterable NoneType object
  Warning: Could not parse coord for ANGBF48485-19: cannot unpack non-iterable NoneType object
  Warning: Could not parse coord for ANGBF48486-19: cannot unpack non-iterable NoneType object
  Warning: Could not parse coord for ANGBF48487-19: cannot unpack non-iterable NoneType object
  Warning: Could not parse coord for ANGBF48488-19: cannot unpack non-iterable NoneType object
  Warning: Could not parse coord for ANGBF48489-19: cannot unpack non-iterable NoneType object
  Warning: Could not parse coord for ANGBF48490-19: cannot unpack non-iterable NoneType object
  Warning: Could not parse coord for ANGBF48491-19: cannot unpack non-iterable NoneType object
  Warning: Could not parse coord for ANGBF48492-19: cannot unpack non-iterable NoneType object
  Warning: Could not parse coord for ANGBF48493-19: cannot unpack non-iterable NoneType object
  Warning: Could not parse coord for ANGBF48494-19: cannot unpack non-iterable NoneType object
  Warning: Could not parse coord for ANGBF48495-19: cannot unpack non-iterable NoneType object
  Warning: Could not parse coord for ANGBF48496-19: cannot unpack non-iterable NoneType object
  Warning: Could not parse coord for ANGBF48497-19: cannot unpack non-iterable NoneType object
  Warning: Could not parse coord for ANGBF48498-19: cannot unpack non-iterable NoneType object
  Warning: Could not parse coord for ANGBF48499-19: cannot unpack non-iterable NoneType object
  Warning: Could not parse coord for ANGBF48500-19: cannot unpack non-iterable NoneType object
  Warning: Could not parse coord for ANGBF48502-19: cannot unpack non-iterable NoneType object
  Warning: Could not parse coord for ANGBF48503-19: cannot unpack non-iterable NoneType object
  Warning: Could not parse coord for ANGBF48504-19: cannot unpack non-iterable NoneType object
  Warning: Could not parse coord for ANGBF48505-19: cannot unpack non-iterable NoneType object
  Warning: Could not parse coord for ANGBF48506-19: cannot unpack non-iterable NoneType object
  Warning: Could not parse coord for ANGBF48507-19: cannot unpack non-iterable NoneType object
  Warning: Could not parse coord for ANGBF48508-19: cannot unpack non-iterable NoneType object
  Warning: Could not parse coord for ANGBF48509-19: cannot unpack non-iterable NoneType object
  Warning: Could not parse coord for ANGBF48510-19: cannot unpack non-iterable NoneType object
  Warning: Could not parse coord for ANGBF48511-19: cannot unpack non-iterable NoneType object
  Warning: Could not parse coord for ANGBF48512-19: cannot unpack non-iterable NoneType object
  Warning: Could not parse coord for ANGBF48513-19: cannot unpack non-iterable NoneType object
  Warning: Could not parse coord for ANGBF48514-19: cannot unpack non-iterable NoneType object
  Warning: Could not parse coord for ANGBF48515-19: cannot unpack non-iterable NoneType object
  Warning: Could not parse coord for ANGBF48516-19: cannot unpack non-iterable NoneType object
  Warning: Could not parse coord for ANGBF48517-19: cannot unpack non-iterable NoneType object
  Warning: Could not parse coord for ANGBF48518-19: cannot unpack non-iterable NoneType object
  Warning: Could not parse coord for ANGBF48519-19: cannot unpack non-iterable NoneType object
  Warning: Could not parse coord for ANGBF48520-19: cannot unpack non-iterable NoneType object
  Warning: Could not parse coord for ANGBF48521-19: cannot unpack non-iterable NoneType object
  Warning: Could not parse coord for ANGBF48522-19: cannot unpack non-iterable NoneType object
  Warning: Could not parse coord for ANGBF48523-19: cannot unpack non-iterable NoneType object
  Warning: Could not parse coord for ANGBF48524-19: cannot unpack non-iterable NoneType object
  Warning: Could not parse coord for ANGBF48525-19: cannot unpack non-iterable NoneType object
  Warning: Could not parse coord for ANGBF48526-19: cannot unpack non-iterable NoneType object
  Warning: Could not parse coord for ANGBF48527-19: cannot unpack non-iterable NoneType object
  Warning: Could not parse coord for ANGBF48528-19: cannot unpack non-iterable NoneType object
  Warning: Could not parse coord for ANGBF48529-19: cannot unpack non-iterable NoneType object
  Warning: Could not parse coord for ANGBF48530-19: cannot unpack non-iterable NoneType object
  Warning: Could not parse coord for ANGBF48531-19: cannot unpack non-iterable NoneType object
  Warning: Could not parse coord for ANGBF48532-19: cannot unpack non-iterable NoneType object
  Warning: Could not parse coord for ANGBF48533-19: cannot unpack non-iterable NoneType object
  Warning: Could not parse coord for ANGBF48534-19: cannot unpack non-iterable NoneType object
  Warning: Could not parse coord for ANGBF48535-19: cannot unpack non-iterable NoneType object
  Warning: Could not parse coord for ANGBF48536-19: cannot unpack non-iterable NoneType object
  Warning: Could not parse coord for ANGBF48537-19: cannot unpack non-iterable NoneType object
  Warning: Could not parse coord for ANGBF48538-19: cannot unpack non-iterable NoneType object
  Warning: Could not parse coord for ANGBF48539-19: cannot unpack non-iterable NoneType object
  Warning: Could not parse coord for ANGBF48540-19: cannot unpack non-iterable NoneType object
  Warning: Could not parse coord for ANGBF48541-19: cannot unpack non-iterable NoneType object
  Warning: Could not parse coord for ANGBF48542-19: cannot unpack non-iterable NoneType object
  Warning: Could not parse coord for ANGBF48543-19: cannot unpack non-iterable NoneType object
  Warning: Could not parse coord for ANGBF48544-19: cannot unpack non-iterable NoneType object
  Warning: Could not parse coord for ANGBF48545-19: cannot unpack non-iterable NoneType object
  Warning: Could not parse coord for ANGBF48546-19: cannot unpack non-iterable NoneType object
  Warning: Could not parse coord for ANGBF48547-19: cannot unpack non-iterable NoneType object
  Warning: Could not parse coord for ANGBF48548-19: cannot unpack non-iterable NoneType object
  Warning: Could not parse coord for ANGBF48549-19: cannot unpack non-iterable NoneType object
  Warning: Could not parse coord for ANGBF48550-19: cannot unpack non-iterable NoneType object
  Warning: Could not parse coord for ANGBF48551-19: cannot unpack non-iterable NoneType object
  Warning: Could not parse coord for ANGBF48552-19: cannot unpack non-iterable NoneType object
  Warning: Could not parse coord for ANGBF48553-19: cannot unpack non-iterable NoneType object
  Warning: Could not parse coord for ANGBF48554-19: cannot unpack non-iterable NoneType object
  Warning: Could not parse coord for ANGBF48555-19: cannot unpack non-iterable NoneType object
  Warning: Could not parse coord for ANGBF48558-19: cannot unpack non-iterable NoneType object
  Warning: Could not parse coord for ANGBF48559-19: cannot unpack non-iterable NoneType object
  Warning: Could not parse coord for ANGBF48560-19: cannot unpack non-iterable NoneType object
  Warning: Could not parse coord for ANGBF48561-19: cannot unpack non-iterable NoneType object
  Warning: Could not parse coord for ANGBF48562-19: cannot unpack non-iterable NoneType object
  Warning: Could not parse coord for ANGBF48563-19: cannot unpack non-iterable NoneType object
  Warning: Could not parse coord for ANGBF48564-19: cannot unpack non-iterable NoneType object
  Warning: Could not parse coord for ANGBF48565-19: cannot unpack non-iterable NoneType object
  Warning: Could not parse coord for ANGBF48566-19: cannot unpack non-iterable NoneType object
  Warning: Could not parse coord for ANGBF48567-19: cannot unpack non-iterable NoneType object
  Warning: Could not parse coord for ANGBF48568-19: cannot unpack non-iterable NoneType object
  Warning: Could not parse coord for ANGBF48569-19: cannot unpack non-iterable NoneType object
  Warning: Could not parse coord for ANGBF48570-19: cannot unpack non-iterable NoneType object
  Warning: Could not parse coord for ANGBF48571-19: cannot unpack non-iterable NoneType object
  Warning: Could not parse coord for ANGBF48572-19: cannot unpack non-iterable NoneType object
  Warning: Could not parse coord for ANGBF48573-19: cannot unpack non-iterable NoneType object
  Warning: Could not parse coord for ANGBF48574-19: cannot unpack non-iterable NoneType object
  Warning: Could not parse coord for ANGBF48575-19: cannot unpack non-iterable NoneType object
  Warning: Could not parse coord for ANGBF48576-19: cannot unpack non-iterable NoneType object
  Warning: Could not parse coord for ANGBF48577-19: cannot unpack non-iterable NoneType object
  Warning: Could not parse coord for ANGBF48578-19: cannot unpack non-iterable NoneType object
  Warning: Could not parse coord for ANGBF48579-19: cannot unpack non-iterable NoneType object
  Warning: Could not parse coord for ANGBF48580-19: cannot unpack non-iterable NoneType object
  Warning: Could not parse coord for ANGBF48581-19: cannot unpack non-iterable NoneType object
  Warning: Could not parse coord for ANGBF48582-19: cannot unpack non-iterable NoneType object
  Warning: Could not parse coord for ANGBF48583-19: cannot unpack non-iterable NoneType object
  Warning: Could not parse coord for ANGBF48584-19: cannot unpack non-iterable NoneType object
  Warning: Could not parse coord for ANGBF48585-19: cannot unpack non-iterable NoneType object
  Warning: Could not parse coord for ANGBF48586-19: cannot unpack non-iterable NoneType object
  Warning: Could not parse coord for ANGBF48587-19: cannot unpack non-iterable NoneType object
  Warning: Could not parse coord for ANGBF48588-19: cannot unpack non-iterable NoneType object
  Warning: Could not parse coord for ANGBF48589-19: cannot unpack non-iterable NoneType object
  Warning: Could not parse coord for ANGBF48590-19: cannot unpack non-iterable NoneType object
  Warning: Could not parse coord for ANGBF48591-19: cannot unpack non-iterable NoneType object
  Warning: Could not parse coord for ANGBF48592-19: cannot unpack non-iterable NoneType object
  Warning: Could not parse coord for ANGBF48593-19: cannot unpack non-iterable NoneType object
  Warning: Could not parse coord for ANGBF48594-19: cannot unpack non-iterable NoneType object
  Warning: Could not parse coord for ANGBF48595-19: cannot unpack non-iterable NoneType object
  Warning: Could not parse coord for ANGBF48596-19: cannot unpack non-iterable NoneType object
  Warning: Could not parse coord for ANGBF48597-19: cannot unpack non-iterable NoneType object
  Warning: Could not parse coord for ANGBF48598-19: cannot unpack non-iterable NoneType object
  Warning: Could not parse coord for ANGBF48599-19: cannot unpack non-iterable NoneType object
  Warning: Could not parse coord for ANGBF48600-19: cannot unpack non-iterable NoneType object
  Warning: Could not parse coord for ANGBF48601-19: cannot unpack non-iterable NoneType object
  Warning: Could not parse coord for ANGBF48602-19: cannot unpack non-iterable NoneType object
  Warning: Could not parse coord for ANGBF48603-19: cannot unpack non-iterable NoneType object
  Warning: Could not parse coord for ANGBF48604-19: cannot unpack non-iterable NoneType object
  Warning: Could not parse coord for ANGBF48605-19: cannot unpack non-iterable NoneType object
  Warning: Could not parse coord for ANGBF48606-19: cannot unpack non-iterable NoneType object
  Warning: Could not parse coord for ANGBF48607-19: cannot unpack non-iterable NoneType object
  Warning: Could not parse coord for ANGBF48608-19: cannot unpack non-iterable NoneType object
  Warning: Could not parse coord for ANGBF48609-19: cannot unpack non-iterable NoneType object
  Warning: Could not parse coord for ANGBF48610-19: cannot unpack non-iterable NoneType object
  Warning: Could not parse coord for ANGBF48611-19: cannot unpack non-iterable NoneType object
  Warning: Could not parse coord for ANGBF48612-19: cannot unpack non-iterable NoneType object
  Warning: Could not parse coord for ANGBF48613-19: cannot unpack non-iterable NoneType object
  Warning: Could not parse coord for ANGBF48614-19: cannot unpack non-iterable NoneType object
  Warning: Could not parse coord for ANGBF48615-19: cannot unpack non-iterable NoneType object
  Warning: Could not parse coord for ANGBF48616-19: cannot unpack non-iterable NoneType object
  Warning: Could not parse coord for ANGBF48617-19: cannot unpack non-iterable NoneType object
  Warning: Could not parse coord for ANGBF48618-19: cannot unpack non-iterable NoneType object
  Warning: Could not parse coord for ANGBF48619-19: cannot unpack non-iterable NoneType object
  Warning: Could not parse coord for ANGBF48620-19: cannot unpack non-iterable NoneType object
  Warning: Could not parse coord for ANGBF48621-19: cannot unpack non-iterable NoneType object
  Warning: Could not parse coord for ANGBF48622-19: cannot unpack non-iterable NoneType object
  Warning: Could not parse coord for ANGBF48623-19: cannot unpack non-iterable NoneType object
  Warning: Could not parse coord for ANGBF48624-19: cannot unpack non-iterable NoneType object
  Warning: Could not parse coord for ANGBF48625-19: cannot unpack non-iterable NoneType object
  Warning: Could not parse coord for ANGBF48626-19: cannot unpack non-iterable NoneType object
  Warning: Could not parse coord for ANGBF48627-19: cannot unpack non-iterable NoneType object
  Warning: Could not parse coord for ANGBF48628-19: cannot unpack non-iterable NoneType object
  Warning: Could not parse coord for ANGBF48629-19: cannot unpack non-iterable NoneType object
  Warning: Could not parse coord for ANGBF48630-19: cannot unpack non-iterable NoneType object
  Warning: Could not parse coord for ANGBF48631-19: cannot unpack non-iterable NoneType object
  Warning: Could not parse coord for ANGBF48632-19: cannot unpack non-iterable NoneType object
  Warning: Could not parse coord for ANGBF48633-19: cannot unpack non-iterable NoneType object
  Warning: Could not parse coord for ANGBF48634-19: cannot unpack non-iterable NoneType object
  Warning: Could not parse coord for ANGBF48635-19: cannot unpack non-iterable NoneType object
  Warning: Could not parse coord for ANGBF48636-19: cannot unpack non-iterable NoneType object
  Warning: Could not parse coord for ANGBF48637-19: cannot unpack non-iterable NoneType object
  Warning: Could not parse coord for ANGBF48638-19: cannot unpack non-iterable NoneType object
  Warning: Could not parse coord for ANGBF48639-19: cannot unpack non-iterable NoneType object
  Warning: Could not parse coord for ANGBF48640-19: cannot unpack non-iterable NoneType object
  Warning: Could not parse coord for ANGBF48641-19: cannot unpack non-iterable NoneType object
  Warning: Could not parse coord for ANGBF48642-19: cannot unpack non-iterable NoneType object
  Warning: Could not parse coord for ANGBF48643-19: cannot unpack non-iterable NoneType object
  Warning: Could not parse coord for ANGBF48644-19: cannot unpack non-iterable NoneType object
  Warning: Could not parse coord for ANGBF48645-19: cannot unpack non-iterable NoneType object
  Warning: Could not parse coord for ANGBF48646-19: cannot unpack non-iterable NoneType object
  Warning: Could not parse coord for ANGBF48647-19: cannot unpack non-iterable NoneType object
  Warning: Could not parse coord for ANGBF48648-19: cannot unpack non-iterable NoneType object
  Warning: Could not parse coord for ANGBF48649-19: cannot unpack non-iterable NoneType object
  Warning: Could not parse coord for ANGBF48650-19: cannot unpack non-iterable NoneType object
  Warning: Could not parse coord for ANGBF48651-19: cannot unpack non-iterable NoneType object
  Warning: Could not parse coord for ANGBF48652-19: cannot unpack non-iterable NoneType object
  Warning: Could not parse coord for ANGBF48653-19: cannot unpack non-iterable NoneType object
  Warning: Could not parse coord for ANGBF48654-19: cannot unpack non-iterable NoneType object
  Warning: Could not parse coord for ANGBF48655-19: cannot unpack non-iterable NoneType object
  Warning: Could not parse coord for ANGBF48656-19: cannot unpack non-iterable NoneType object
  Warning: Could not parse coord for ANGBF48657-19: cannot unpack non-iterable NoneType object
  Warning: Could not parse coord for ANGBF48658-19: cannot unpack non-iterable NoneType object
  Warning: Could not parse coord for ANGBF48659-19: cannot unpack non-iterable NoneType object
  Warning: Could not parse coord for ANGBF48660-19: cannot unpack non-iterable NoneType object
  Warning: Could not parse coord for ANGBF48661-19: cannot unpack non-iterable NoneType object
  Warning: Could not parse coord for ANGBF48662-19: cannot unpack non-iterable NoneType object
  Warning: Could not parse coord for ANGBF48663-19: cannot unpack non-iterable NoneType object
  Warning: Could not parse coord for ANGBF48664-19: cannot unpack non-iterable NoneType object
  Warning: Could not parse coord for ANGBF48665-19: cannot unpack non-iterable NoneType object
  Warning: Could not parse coord for ANGBF48666-19: cannot unpack non-iterable NoneType object
  Warning: Could not parse coord for ANGBF48667-19: cannot unpack non-iterable NoneType object
  Warning: Could not parse coord for ANGBF48668-19: cannot unpack non-iterable NoneType object
  Warning: Could not parse coord for ANGBF48669-19: cannot unpack non-iterable NoneType object
  Warning: Could not parse coord for ANGBF48670-19: cannot unpack non-iterable NoneType object
  Warning: Could not parse coord for ANGBF48671-19: cannot unpack non-iterable NoneType object
  Warning: Could not parse coord for ANGBF48672-19: cannot unpack non-iterable NoneType object
  Warning: Could not parse coord for ANGBF48673-19: cannot unpack non-iterable NoneType object
  Warning: Could not parse coord for ANGBF48674-19: cannot unpack non-iterable NoneType object
  Warning: Could not parse coord for ANGBF48675-19: cannot unpack non-iterable NoneType object
  Warning: Could not parse coord for ANGBF48676-19: cannot unpack non-iterable NoneType object
  Warning: Could not parse coord for ANGBF48677-19: cannot unpack non-iterable NoneType object
  Warning: Could not parse coord for ANGBF48678-19: cannot unpack non-iterable NoneType object
  Warning: Could not parse coord for ANGBF48679-19: cannot unpack non-iterable NoneType object
  Warning: Could not parse coord for ANGBF48680-19: cannot unpack non-iterable NoneType object
  Warning: Could not parse coord for ANGBF48681-19: cannot unpack non-iterable NoneType object
  Warning: Could not parse coord for ANGBF48682-19: cannot unpack non-iterable NoneType object
  Warning: Could not parse coord for ANGBF48683-19: cannot unpack non-iterable NoneType object
  Warning: Could not parse coord for ANGBF48685-19: cannot unpack non-iterable NoneType object
  Warning: Could not parse coord for ANGBF48687-19: cannot unpack non-iterable NoneType object
  Warning: Could not parse coord for ANGBF48688-19: cannot unpack non-iterable NoneType object
  Warning: Could not parse coord for ANGBF48689-19: cannot unpack non-iterable NoneType object
  Warning: Could not parse coord for ANGBF48690-19: cannot unpack non-iterable NoneType object
  Warning: Could not parse coord for ANGBF48691-19: cannot unpack non-iterable NoneType object
  Warning: Could not parse coord for ANGBF48692-19: cannot unpack non-iterable NoneType object
  Warning: Could not parse coord for ANGBF48693-19: cannot unpack non-iterable NoneType object
  Warning: Could not parse coord for ANGBF48694-19: cannot unpack non-iterable NoneType object
  Warning: Could not parse coord for ANGBF48695-19: cannot unpack non-iterable NoneType object
  Warning: Could not parse coord for ANGBF48696-19: cannot unpack non-iterable NoneType object
  Warning: Could not parse coord for ANGBF48697-19: cannot unpack non-iterable NoneType object
  Warning: Could not parse coord for ANGBF48698-19: cannot unpack non-iterable NoneType object
  Warning: Could not parse coord for ANGBF48699-19: cannot unpack non-iterable NoneType object
  Warning: Could not parse coord for ANGBF48700-19: cannot unpack non-iterable NoneType object
  Warning: Could not parse coord for ANGBF48701-19: cannot unpack non-iterable NoneType object
  Warning: Could not parse coord for ANGBF48704-19: cannot unpack non-iterable NoneType object
  Warning: Could not parse coord for ANGBF48705-19: cannot unpack non-iterable NoneType object
  Warning: Could not parse coord for ANGBF48706-19: cannot unpack non-iterable NoneType object
  Warning: Could not parse coord for ANGBF48707-19: cannot unpack non-iterable NoneType object
  Warning: Could not parse coord for ANGBF48708-19: cannot unpack non-iterable NoneType object
  Warning: Could not parse coord for ANGBF48709-19: cannot unpack non-iterable NoneType object
  Warning: Could not parse coord for ANGBF48710-19: cannot unpack non-iterable NoneType object
  Warning: Could not parse coord for ANGBF48711-19: cannot unpack non-iterable NoneType object
  Warning: Could not parse coord for ANGBF48712-19: cannot unpack non-iterable NoneType object
  Warning: Could not parse coord for ANGBF48713-19: cannot unpack non-iterable NoneType object
  Warning: Could not parse coord for ANGBF48714-19: cannot unpack non-iterable NoneType object
  Warning: Could not parse coord for ANGBF48715-19: cannot unpack non-iterable NoneType object
  Warning: Could not parse coord for BIM414-15: cannot unpack non-iterable NoneType object
  Warning: Could not parse coord for BIM415-15: cannot unpack non-iterable NoneType object
  Warning: Could not parse coord for CAG002-19: cannot unpack non-iterable NoneType object
  Warning: Could not parse coord for CAG003-19: cannot unpack non-iterable NoneType object
  Warning: Could not parse coord for CAG022-19: cannot unpack non-iterable NoneType object
  Warning: Could not parse coord for CAG023-19: cannot unpack non-iterable NoneType object
  Warning: Could not parse coord for CAG024-19: cannot unpack non-iterable NoneType object
  Warning: Could not parse coord for CAG025-19: cannot unpack non-iterable NoneType object
  Warning: Could not parse coord for CAG026-19: cannot unpack non-iterable NoneType object
  Warning: Could not parse coord for CAG027-19: cannot unpack non-iterable NoneType object
  Warning: Could not parse coord for CAG028-19: cannot unpack non-iterable NoneType object
  Warning: Could not parse coord for CAG029-19: cannot unpack non-iterable NoneType object
  Warning: Could not parse coord for CAG030-19: cannot unpack non-iterable NoneType object
  Warning: Could not parse coord for CAG031-19: cannot unpack non-iterable NoneType object
  Warning: Could not parse coord for CAG032-19: cannot unpack non-iterable NoneType object
  Warning: Could not parse coord for CAG033-19: cannot unpack non-iterable NoneType object
  Warning: Could not parse coord for CAG034-19: cannot unpack non-iterable NoneType object
  Warning: Could not parse coord for CAG035-19: cannot unpack non-iterable NoneType object
  Warning: Could not parse coord for CAG036-19: cannot unpack non-iterable NoneType object
  Warning: Could not parse coord for CAG037-19: cannot unpack non-iterable NoneType object
  Warning: Could not parse coord for CAG038-19: cannot unpack non-iterable NoneType object
  Warning: Could not parse coord for CAG039-19: cannot unpack non-iterable NoneType object
  Warning: Could not parse coord for CAG040-19: cannot unpack non-iterable NoneType object
  Warning: Could not parse coord for CAG041-19: cannot unpack non-iterable NoneType object
  Warning: Could not parse coord for CAG042-19: cannot unpack non-iterable NoneType object
  Warning: Could not parse coord for CAG124-19: cannot unpack non-iterable NoneType object
  Warning: Could not parse coord for CFSAN201-11: cannot unpack non-iterable NoneType object
  Warning: Could not parse coord for DOOR944-08: cannot unpack non-iterable NoneType object
  Warning: Could not parse coord for DOOR945-08: cannot unpack non-iterable NoneType object
  Warning: Could not parse coord for DOOR946-08: cannot unpack non-iterable NoneType object
  Warning: Could not parse coord for DSMIS328-12: cannot unpack non-iterable NoneType object
  Warning: Could not parse coord for DSMIS332-12: cannot unpack non-iterable NoneType object
  Warning: Could not parse coord for DSMIS333-12: cannot unpack non-iterable NoneType object
  Warning: Could not parse coord for DSMIS342-12: cannot unpack non-iterable NoneType object
  Warning: Could not parse coord for DSMIS345-12: cannot unpack non-iterable NoneType object
  Warning: Could not parse coord for DSMIS358-12: cannot unpack non-iterable NoneType object
  Warning: Could not parse coord for EGRYR001-07: cannot unpack non-iterable NoneType object
  Warning: Could not parse coord for EGRYR002-07: cannot unpack non-iterable NoneType object
  Warning: Could not parse coord for EGRYR003-07: cannot unpack non-iterable NoneType object
  Warning: Could not parse coord for EGRYR004-07: cannot unpack non-iterable NoneType object
  Warning: Could not parse coord for EGRYR005-07: cannot unpack non-iterable NoneType object
  Warning: Could not parse coord for EGRYR006-07: cannot unpack non-iterable NoneType object
  Warning: Could not parse coord for EGRYR007-07: cannot unpack non-iterable NoneType object
  Warning: Could not parse coord for EGRYR008-07: cannot unpack non-iterable NoneType object
  Warning: Could not parse coord for EGRYR009-07: cannot unpack non-iterable NoneType object
  Warning: Could not parse coord for EGRYR010-07: cannot unpack non-iterable NoneType object
  Warning: Could not parse coord for EGRYR011-07: cannot unpack non-iterable NoneType object
  Warning: Could not parse coord for EGRYR012-07: cannot unpack non-iterable NoneType object
  Warning: Could not parse coord for EGRYR013-07: cannot unpack non-iterable NoneType object
  Warning: Could not parse coord for EGRYR014-07: cannot unpack non-iterable NoneType object
  Warning: Could not parse coord for EGRYR015-07: cannot unpack non-iterable NoneType object
  Warning: Could not parse coord for EGRYR016-07: cannot unpack non-iterable NoneType object
  Warning: Could not parse coord for EGRYR017-07: cannot unpack non-iterable NoneType object
  Warning: Could not parse coord for EGRYR018-07: cannot unpack non-iterable NoneType object
  Warning: Could not parse coord for EGRYR019-07: cannot unpack non-iterable NoneType object
  Warning: Could not parse coord for EGRYR020-07: cannot unpack non-iterable NoneType object
  Warning: Could not parse coord for EGRYR021-07: cannot unpack non-iterable NoneType object
  Warning: Could not parse coord for EGRYR022-07: cannot unpack non-iterable NoneType object
  Warning: Could not parse coord for EGRYR024-07: cannot unpack non-iterable NoneType object
  Warning: Could not parse coord for EGRYR025-07: cannot unpack non-iterable NoneType object
  Warning: Could not parse coord for EGRYR026-07: cannot unpack non-iterable NoneType object
  Warning: Could not parse coord for EGRYR027-07: cannot unpack non-iterable NoneType object
  Warning: Could not parse coord for EGRYR028-07: cannot unpack non-iterable NoneType object
  Warning: Could not parse coord for EGRYR029-07: cannot unpack non-iterable NoneType object
  Warning: Could not parse coord for ELAMB010-23: cannot unpack non-iterable NoneType object
  Warning: Could not parse coord for ELAMB013-23: cannot unpack non-iterable NoneType object
  Warning: Could not parse coord for EMADA007-07: cannot unpack non-iterable NoneType object
  Warning: Could not parse coord for EMADA055-07: cannot unpack non-iterable NoneType object
  Warning: Could not parse coord for EMADA121-07: cannot unpack non-iterable NoneType object
  Warning: Could not parse coord for EMADA166-07: cannot unpack non-iterable NoneType object
  Warning: Could not parse coord for EMADA169-07: cannot unpack non-iterable NoneType object
  Warning: Could not parse coord for EMADA184-09: cannot unpack non-iterable NoneType object
  Warning: Could not parse coord for ESHKA001-07: cannot unpack non-iterable NoneType object
  Warning: Could not parse coord for ESHKA002-07: cannot unpack non-iterable NoneType object
  Warning: Could not parse coord for ESHKA003-07: cannot unpack non-iterable NoneType object
  Warning: Could not parse coord for ESHKA004-07: cannot unpack non-iterable NoneType object
  Warning: Could not parse coord for ESHKA005-07: cannot unpack non-iterable NoneType object
  Warning: Could not parse coord for ESHKA006-07: cannot unpack non-iterable NoneType object
  Warning: Could not parse coord for ESHKA007-07: cannot unpack non-iterable NoneType object
  Warning: Could not parse coord for ESHKA008-07: cannot unpack non-iterable NoneType object
  Warning: Could not parse coord for ESHKA009-07: cannot unpack non-iterable NoneType object
  Warning: Could not parse coord for ESHKA010-07: cannot unpack non-iterable NoneType object
  Warning: Could not parse coord for ESHKA021-07: cannot unpack non-iterable NoneType object
  Warning: Could not parse coord for ESHKA022-07: cannot unpack non-iterable NoneType object
  Warning: Could not parse coord for ESHKA023-07: cannot unpack non-iterable NoneType object
  Warning: Could not parse coord for ESHKA024-07: cannot unpack non-iterable NoneType object
  Warning: Could not parse coord for ESHKA025-07: cannot unpack non-iterable NoneType object
  Warning: Could not parse coord for ESHKA026-07: cannot unpack non-iterable NoneType object
  Warning: Could not parse coord for ESHKA031-07: cannot unpack non-iterable NoneType object
  Warning: Could not parse coord for ESHKA032-07: cannot unpack non-iterable NoneType object
  Warning: Could not parse coord for ESHKA033-07: cannot unpack non-iterable NoneType object
  Warning: Could not parse coord for ESHKA035-07: cannot unpack non-iterable NoneType object
  Warning: Could not parse coord for ESHKA036-07: cannot unpack non-iterable NoneType object
  Warning: Could not parse coord for ESHKA037-07: cannot unpack non-iterable NoneType object
  Warning: Could not parse coord for ESHKA038-07: cannot unpack non-iterable NoneType object
  Warning: Could not parse coord for ESHKA040-07: cannot unpack non-iterable NoneType object
  Warning: Could not parse coord for ESHKB013-07: cannot unpack non-iterable NoneType object
  Warning: Could not parse coord for ESHKB014-07: cannot unpack non-iterable NoneType object
  Warning: Could not parse coord for ESHKB015-07: cannot unpack non-iterable NoneType object
  Warning: Could not parse coord for ESHKB016-07: cannot unpack non-iterable NoneType object
  Warning: Could not parse coord for ESHKB017-07: cannot unpack non-iterable NoneType object
  Warning: Could not parse coord for ESHKB018-07: cannot unpack non-iterable NoneType object
  Warning: Could not parse coord for ESHKB019-07: cannot unpack non-iterable NoneType object
  Warning: Could not parse coord for ESHKB020-07: cannot unpack non-iterable NoneType object
  Warning: Could not parse coord for ESHKB021-07: cannot unpack non-iterable NoneType object
  Warning: Could not parse coord for ESHKB023-07: cannot unpack non-iterable NoneType object
  Warning: Could not parse coord for ESHKB024-07: cannot unpack non-iterable NoneType object
  Warning: Could not parse coord for ESHKC005-07: cannot unpack non-iterable NoneType object
  Warning: Could not parse coord for ESHKC009-07: cannot unpack non-iterable NoneType object
  Warning: Could not parse coord for ESHKC010-07: cannot unpack non-iterable NoneType object
  Warning: Could not parse coord for ESHKC014-07: cannot unpack non-iterable NoneType object
  Warning: Could not parse coord for ESHKC015-07: cannot unpack non-iterable NoneType object
  Warning: Could not parse coord for ESHKC016-07: cannot unpack non-iterable NoneType object
  Warning: Could not parse coord for ESHKC017-07: cannot unpack non-iterable NoneType object
  Warning: Could not parse coord for ESHKC018-07: cannot unpack non-iterable NoneType object
  Warning: Could not parse coord for ESHKC019-07: cannot unpack non-iterable NoneType object
  Warning: Could not parse coord for ESHKC020-07: cannot unpack non-iterable NoneType object
  Warning: Could not parse coord for ESHKC021-07: cannot unpack non-iterable NoneType object
  Warning: Could not parse coord for ESHKC022-07: cannot unpack non-iterable NoneType object
  Warning: Could not parse coord for ESHKC023-07: cannot unpack non-iterable NoneType object
  Warning: Could not parse coord for ESHKC027-07: cannot unpack non-iterable NoneType object
  Warning: Could not parse coord for ESHKC028-07: cannot unpack non-iterable NoneType object
  Warning: Could not parse coord for ESHKC030-07: cannot unpack non-iterable NoneType object
  Warning: Could not parse coord for ESHKC031-07: cannot unpack non-iterable NoneType object
  Warning: Could not parse coord for ESHKC032-07: cannot unpack non-iterable NoneType object
  Warning: Could not parse coord for ESHKC033-07: cannot unpack non-iterable NoneType object
  Warning: Could not parse coord for ESHKC039-07: cannot unpack non-iterable NoneType object
  Warning: Could not parse coord for ESHKC041-07: cannot unpack non-iterable NoneType object
  Warning: Could not parse coord for ESHKC043-07: cannot unpack non-iterable NoneType object
  Warning: Could not parse coord for ESHKC044-07: cannot unpack non-iterable NoneType object
  Warning: Could not parse coord for ESHKC045-07: cannot unpack non-iterable NoneType object
  Warning: Could not parse coord for ESHKC046-07: cannot unpack non-iterable NoneType object
  Warning: Could not parse coord for ESHKC047-07: cannot unpack non-iterable NoneType object
  Warning: Could not parse coord for ESHKC048-07: cannot unpack non-iterable NoneType object
  Warning: Could not parse coord for ESHKC049-07: cannot unpack non-iterable NoneType object
  Warning: Could not parse coord for ESHKC050-07: cannot unpack non-iterable NoneType object
  Warning: Could not parse coord for ESHKC051-07: cannot unpack non-iterable NoneType object
  Warning: Could not parse coord for ESHKC054-07: cannot unpack non-iterable NoneType object
  Warning: Could not parse coord for ESHKC056-07: cannot unpack non-iterable NoneType object
  Warning: Could not parse coord for ESHKC057-07: cannot unpack non-iterable NoneType object
  Warning: Could not parse coord for ESHKC058-07: cannot unpack non-iterable NoneType object
  Warning: Could not parse coord for ESHKC059-07: cannot unpack non-iterable NoneType object
  Warning: Could not parse coord for ESHKC060-07: cannot unpack non-iterable NoneType object
  Warning: Could not parse coord for ESHKC061-07: cannot unpack non-iterable NoneType object
  Warning: Could not parse coord for ESHKC062-07: cannot unpack non-iterable NoneType object
  Warning: Could not parse coord for ESHKC063-07: cannot unpack non-iterable NoneType object
  Warning: Could not parse coord for ESHKC064-07: cannot unpack non-iterable NoneType object
  Warning: Could not parse coord for ESHKC065-07: cannot unpack non-iterable NoneType object
  Warning: Could not parse coord for ESHKC067-07: cannot unpack non-iterable NoneType object
  Warning: Could not parse coord for ESHKC068-07: cannot unpack non-iterable NoneType object
  Warning: Could not parse coord for ESHKC070-07: cannot unpack non-iterable NoneType object
  Warning: Could not parse coord for ESHKC071-07: cannot unpack non-iterable NoneType object
  Warning: Could not parse coord for ESHKC072-07: cannot unpack non-iterable NoneType object
  Warning: Could not parse coord for ESHKC073-07: cannot unpack non-iterable NoneType object
  Warning: Could not parse coord for ESHKC077-07: cannot unpack non-iterable NoneType object
  Warning: Could not parse coord for ESHKC078-07: cannot unpack non-iterable NoneType object
  Warning: Could not parse coord for ESHKC079-07: cannot unpack non-iterable NoneType object
  Warning: Could not parse coord for ESHKC081-07: cannot unpack non-iterable NoneType object
  Warning: Could not parse coord for ESHKC083-07: cannot unpack non-iterable NoneType object
  Warning: Could not parse coord for ESHKC096-07: cannot unpack non-iterable NoneType object
  Warning: Could not parse coord for ESHKC097-07: cannot unpack non-iterable NoneType object
  Warning: Could not parse coord for ESHKC098-07: cannot unpack non-iterable NoneType object
  Warning: Could not parse coord for ESHKC099-07: cannot unpack non-iterable NoneType object
  Warning: Could not parse coord for ESHKC100-07: cannot unpack non-iterable NoneType object
  Warning: Could not parse coord for ESHKC103-07: cannot unpack non-iterable NoneType object
  Warning: Could not parse coord for ESHKC104-07: cannot unpack non-iterable NoneType object
  Warning: Could not parse coord for ESHKC106-07: cannot unpack non-iterable NoneType object
  Warning: Could not parse coord for ESHKC107-07: cannot unpack non-iterable NoneType object
  Warning: Could not parse coord for ESHKC108-07: cannot unpack non-iterable NoneType object
  Warning: Could not parse coord for ESHKC109-07: cannot unpack non-iterable NoneType object
  Warning: Could not parse coord for ESHKC110-07: cannot unpack non-iterable NoneType object
  Warning: Could not parse coord for ESHKC111-07: cannot unpack non-iterable NoneType object
  Warning: Could not parse coord for ESHKC112-07: cannot unpack non-iterable NoneType object
  Warning: Could not parse coord for ESHKC113-07: cannot unpack non-iterable NoneType object
  Warning: Could not parse coord for ESHKC114-07: cannot unpack non-iterable NoneType object
  Warning: Could not parse coord for ESHKC115-07: cannot unpack non-iterable NoneType object
  Warning: Could not parse coord for ESHKC116-07: cannot unpack non-iterable NoneType object
  Warning: Could not parse coord for ESHKC117-07: cannot unpack non-iterable NoneType object
  Warning: Could not parse coord for ESHKC118-07: cannot unpack non-iterable NoneType object
  Warning: Could not parse coord for ESHKC119-07: cannot unpack non-iterable NoneType object
  Warning: Could not parse coord for ESHKC120-07: cannot unpack non-iterable NoneType object
  Warning: Could not parse coord for ESHKC121-07: cannot unpack non-iterable NoneType object
  Warning: Could not parse coord for ESHKC123-07: cannot unpack non-iterable NoneType object
  Warning: Could not parse coord for ESHKC124-07: cannot unpack non-iterable NoneType object
  Warning: Could not parse coord for ESHKC129-07: cannot unpack non-iterable NoneType object
  Warning: Could not parse coord for ESHKC130-07: cannot unpack non-iterable NoneType object
  Warning: Could not parse coord for ESHKC131-07: cannot unpack non-iterable NoneType object
  Warning: Could not parse coord for ESHKC132-07: cannot unpack non-iterable NoneType object
  Warning: Could not parse coord for ESHKC136-07: cannot unpack non-iterable NoneType object
  Warning: Could not parse coord for ESHKC137-07: cannot unpack non-iterable NoneType object
  Warning: Could not parse coord for ESHKC138-07: cannot unpack non-iterable NoneType object
  Warning: Could not parse coord for ESHKC139-07: cannot unpack non-iterable NoneType object
  Warning: Could not parse coord for ESHKC140-07: cannot unpack non-iterable NoneType object
  Warning: Could not parse coord for ESHKC141-07: cannot unpack non-iterable NoneType object
  Warning: Could not parse coord for ESHKC142-07: cannot unpack non-iterable NoneType object
  Warning: Could not parse coord for ESHKC143-07: cannot unpack non-iterable NoneType object
  Warning: Could not parse coord for ESHKC144-07: cannot unpack non-iterable NoneType object
  Warning: Could not parse coord for ESHKC145-07: cannot unpack non-iterable NoneType object
  Warning: Could not parse coord for ESHKC146-07: cannot unpack non-iterable NoneType object
  Warning: Could not parse coord for ESHKC148-07: cannot unpack non-iterable NoneType object
  Warning: Could not parse coord for ESHKC150-07: cannot unpack non-iterable NoneType object
  Warning: Could not parse coord for ESHKC151-07: cannot unpack non-iterable NoneType object
  Warning: Could not parse coord for ESHKC157-07: cannot unpack non-iterable NoneType object
  Warning: Could not parse coord for ESHKC158-07: cannot unpack non-iterable NoneType object
  Warning: Could not parse coord for ESHKC159-07: cannot unpack non-iterable NoneType object
  Warning: Could not parse coord for ESHKC160-07: cannot unpack non-iterable NoneType object
  Warning: Could not parse coord for ESHKC161-07: cannot unpack non-iterable NoneType object
  Warning: Could not parse coord for ESHKC162-07: cannot unpack non-iterable NoneType object
  Warning: Could not parse coord for ESHKC163-07: cannot unpack non-iterable NoneType object
  Warning: Could not parse coord for ESHKC164-07: cannot unpack non-iterable NoneType object
  Warning: Could not parse coord for ESHKC165-07: cannot unpack non-iterable NoneType object
  Warning: Could not parse coord for ESHKC166-07: cannot unpack non-iterable NoneType object
  Warning: Could not parse coord for ESHKC167-07: cannot unpack non-iterable NoneType object
  Warning: Could not parse coord for ESHKC168-07: cannot unpack non-iterable NoneType object
  Warning: Could not parse coord for ESHKC169-07: cannot unpack non-iterable NoneType object
  Warning: Could not parse coord for ESHKC170-07: cannot unpack non-iterable NoneType object
  Warning: Could not parse coord for ESHKC171-07: cannot unpack non-iterable NoneType object
  Warning: Could not parse coord for ESHKC172-07: cannot unpack non-iterable NoneType object
  Warning: Could not parse coord for ESHKC173-07: cannot unpack non-iterable NoneType object
  Warning: Could not parse coord for ESHKC174-07: cannot unpack non-iterable NoneType object
  Warning: Could not parse coord for ESHKC175-07: cannot unpack non-iterable NoneType object
  Warning: Could not parse coord for ESHKC176-07: cannot unpack non-iterable NoneType object
  Warning: Could not parse coord for ESHKC178-07: cannot unpack non-iterable NoneType object
  Warning: Could not parse coord for ESHKC179-07: cannot unpack non-iterable NoneType object
  Warning: Could not parse coord for ESHKC181-07: cannot unpack non-iterable NoneType object
  Warning: Could not parse coord for ESHKC182-07: cannot unpack non-iterable NoneType object
  Warning: Could not parse coord for ESHKC184-07: cannot unpack non-iterable NoneType object
  Warning: Could not parse coord for ESHKC185-07: cannot unpack non-iterable NoneType object
  Warning: Could not parse coord for ESHKD085-07: cannot unpack non-iterable NoneType object
  Warning: Could not parse coord for ESHKD088-07: cannot unpack non-iterable NoneType object
  Warning: Could not parse coord for ESHKD089-07: cannot unpack non-iterable NoneType object
  Warning: Could not parse coord for ESHKD090-07: cannot unpack non-iterable NoneType object
  Warning: Could not parse coord for ESHKD092-07: cannot unpack non-iterable NoneType object
  Warning: Could not parse coord for ESHKD093-07: cannot unpack non-iterable NoneType object
  Warning: Could not parse coord for ESHKD105-07: cannot unpack non-iterable NoneType object
  Warning: Could not parse coord for ESHKD107-07: cannot unpack non-iterable NoneType object
  Warning: Could not parse coord for ESHKD108-07: cannot unpack non-iterable NoneType object
  Warning: Could not parse coord for ESHKD109-07: cannot unpack non-iterable NoneType object
  Warning: Could not parse coord for ESHKD110-07: cannot unpack non-iterable NoneType object
  Warning: Could not parse coord for EWKU069-07: cannot unpack non-iterable NoneType object
  Warning: Could not parse coord for EWKU070-07: cannot unpack non-iterable NoneType object
  Warning: Could not parse coord for EWTGS097-06: cannot unpack non-iterable NoneType object
  Warning: Could not parse coord for FLBAR148-17: cannot unpack non-iterable NoneType object
  Warning: Could not parse coord for FMS049-10: cannot unpack non-iterable NoneType object
  Warning: Could not parse coord for FMS050-10: cannot unpack non-iterable NoneType object
  Warning: Could not parse coord for FNZ465-06: cannot unpack non-iterable NoneType object
  Warning: Could not parse coord for FNZC308-09: cannot unpack non-iterable NoneType object
  Warning: Could not parse coord for FOA062-04: cannot unpack non-iterable NoneType object
  Warning: Could not parse coord for FOA064-04: cannot unpack non-iterable NoneType object
  Warning: Could not parse coord for FOA065-04: cannot unpack non-iterable NoneType object
  Warning: Could not parse coord for FOA066-04: cannot unpack non-iterable NoneType object
  Warning: Could not parse coord for FOA068-04: cannot unpack non-iterable NoneType object
  Warning: Could not parse coord for FOA069-04: cannot unpack non-iterable NoneType object
  Warning: Could not parse coord for FOA070-04: cannot unpack non-iterable NoneType object
  Warning: Could not parse coord for FOAE008-06: cannot unpack non-iterable NoneType object
  Warning: Could not parse coord for FOAE326-06: cannot unpack non-iterable NoneType object
  Warning: Could not parse coord for FOAE437-06: cannot unpack non-iterable NoneType object
  Warning: Could not parse coord for FOAE441-06: cannot unpack non-iterable NoneType object
  Warning: Could not parse coord for FOAE443-06: cannot unpack non-iterable NoneType object
  Warning: Could not parse coord for FOAF186-07: cannot unpack non-iterable NoneType object
  Warning: Could not parse coord for FOAG121-07: cannot unpack non-iterable NoneType object
  Warning: Could not parse coord for FOAI150-08: cannot unpack non-iterable NoneType object
  Warning: Could not parse coord for FOAI396-09: cannot unpack non-iterable NoneType object
  Warning: Could not parse coord for FOAI409-09: cannot unpack non-iterable NoneType object
  Warning: Could not parse coord for GBAAM10994-25: cannot unpack non-iterable NoneType object
  Warning: Could not parse coord for GBAAM11020-25: cannot unpack non-iterable NoneType object
  Warning: Could not parse coord for GBAAM11051-25: cannot unpack non-iterable NoneType object
  Warning: Could not parse coord for GBAAM11059-25: cannot unpack non-iterable NoneType object
  Warning: Could not parse coord for GBAAM11075-25: cannot unpack non-iterable NoneType object
  Warning: Could not parse coord for GBAAM11088-25: cannot unpack non-iterable NoneType object
  Warning: Could not parse coord for GBAAM11102-25: cannot unpack non-iterable NoneType object
  Warning: Could not parse coord for GBAAM11107-25: cannot unpack non-iterable NoneType object
  Warning: Could not parse coord for GBAAM11110-25: cannot unpack non-iterable NoneType object
  Warning: Could not parse coord for GBAAM11127-25: cannot unpack non-iterable NoneType object
  Warning: Could not parse coord for GBAAM14098-25: cannot unpack non-iterable NoneType object
  Warning: Could not parse coord for GBAAM14264-25: cannot unpack non-iterable NoneType object
  Warning: Could not parse coord for GBAAP14409-25: cannot unpack non-iterable NoneType object
  Warning: Could not parse coord for GBAAP14441-25: cannot unpack non-iterable NoneType object
  Warning: Could not parse coord for GBAAP14442-25: cannot unpack non-iterable NoneType object
  Warning: Could not parse coord for GBAAP14443-25: cannot unpack non-iterable NoneType object
  Warning: Could not parse coord for GBAAP14447-25: cannot unpack non-iterable NoneType object
  Warning: Could not parse coord for GBAAP14448-25: cannot unpack non-iterable NoneType object
  Warning: Could not parse coord for GBAAP14453-25: cannot unpack non-iterable NoneType object
  Warning: Could not parse coord for GBAAP14461-25: cannot unpack non-iterable NoneType object
  Warning: Could not parse coord for GBAAP14464-25: cannot unpack non-iterable NoneType object
  Warning: Could not parse coord for GBAAP14486-25: cannot unpack non-iterable NoneType object
  Warning: Could not parse coord for GBAAP14500-25: cannot unpack non-iterable NoneType object
  Warning: Could not parse coord for GBAAP14561-25: cannot unpack non-iterable NoneType object
  Warning: Could not parse coord for GBAAP14566-25: cannot unpack non-iterable NoneType object
  Warning: Could not parse coord for GBAAP14569-25: cannot unpack non-iterable NoneType object
  Warning: Could not parse coord for GBAAP14571-25: cannot unpack non-iterable NoneType object
  Warning: Could not parse coord for GBAAP14611-25: cannot unpack non-iterable NoneType object
  Warning: Could not parse coord for GBAAP14619-25: cannot unpack non-iterable NoneType object
  Warning: Could not parse coord for GBAAP14622-25: cannot unpack non-iterable NoneType object
  Warning: Could not parse coord for GBAAP15485-25: cannot unpack non-iterable NoneType object
  Warning: Could not parse coord for GBAAP15491-25: cannot unpack non-iterable NoneType object
  Warning: Could not parse coord for GBAAP16057-25: cannot unpack non-iterable NoneType object
  Warning: Could not parse coord for GBAAP6881-25: cannot unpack non-iterable NoneType object
  Warning: Could not parse coord for GBAAP6955-25: cannot unpack non-iterable NoneType object
  Warning: Could not parse coord for GBAAP9444-25: cannot unpack non-iterable NoneType object
  Warning: Could not parse coord for GBAAP9456-25: cannot unpack non-iterable NoneType object
  Warning: Could not parse coord for GBAAP9473-25: cannot unpack non-iterable NoneType object
  Warning: Could not parse coord for GBAAP9484-25: cannot unpack non-iterable NoneType object
  Warning: Could not parse coord for GBAAP9500-25: cannot unpack non-iterable NoneType object
  Warning: Could not parse coord for GBAAP9508-25: cannot unpack non-iterable NoneType object
  Warning: Could not parse coord for GBAAP9526-25: cannot unpack non-iterable NoneType object
  Warning: Could not parse coord for GBAAP9528-25: cannot unpack non-iterable NoneType object
  Warning: Could not parse coord for GBAAP9546-25: cannot unpack non-iterable NoneType object
  Warning: Could not parse coord for GBAAP9550-25: cannot unpack non-iterable NoneType object
  Warning: Could not parse coord for GBAAP9552-25: cannot unpack non-iterable NoneType object
  Warning: Could not parse coord for GBAAP9556-25: cannot unpack non-iterable NoneType object
  Warning: Could not parse coord for GBAAP9578-25: cannot unpack non-iterable NoneType object
  Warning: Could not parse coord for GBAAP9589-25: cannot unpack non-iterable NoneType object
  Warning: Could not parse coord for GBAAP9595-25: cannot unpack non-iterable NoneType object
  Warning: Could not parse coord for GBAAP9615-25: cannot unpack non-iterable NoneType object
  Warning: Could not parse coord for GBAAP9619-25: cannot unpack non-iterable NoneType object
  Warning: Could not parse coord for GBAAP9622-25: cannot unpack non-iterable NoneType object
  Warning: Could not parse coord for GBAAP9624-25: cannot unpack non-iterable NoneType object
  Warning: Could not parse coord for GBAAP9633-25: cannot unpack non-iterable NoneType object
  Warning: Could not parse coord for GBAAP9641-25: cannot unpack non-iterable NoneType object
  Warning: Could not parse coord for GBAAP9644-25: cannot unpack non-iterable NoneType object
  Warning: Could not parse coord for GBAAP9662-25: cannot unpack non-iterable NoneType object
  Warning: Could not parse coord for GBAAP9663-25: cannot unpack non-iterable NoneType object
  Warning: Could not parse coord for GBAAP9671-25: cannot unpack non-iterable NoneType object
  Warning: Could not parse coord for GBAAP9674-25: cannot unpack non-iterable NoneType object
  Warning: Could not parse coord for GBAAP9683-25: cannot unpack non-iterable NoneType object
  Warning: Could not parse coord for GBAAP9687-25: cannot unpack non-iterable NoneType object
  Warning: Could not parse coord for GBAAP9701-25: cannot unpack non-iterable NoneType object
  Warning: Could not parse coord for GBAAP9704-25: cannot unpack non-iterable NoneType object
  Warning: Could not parse coord for GBAAX13887-24: cannot unpack non-iterable NoneType object
  Warning: Could not parse coord for GBAAX2326-24: cannot unpack non-iterable NoneType object
  Warning: Could not parse coord for GBAAX2327-24: cannot unpack non-iterable NoneType object
  Warning: Could not parse coord for GBAAX2328-24: cannot unpack non-iterable NoneType object
  Warning: Could not parse coord for GBAAX2329-24: cannot unpack non-iterable NoneType object
  Warning: Could not parse coord for GBAAX2330-24: cannot unpack non-iterable NoneType object
  Warning: Could not parse coord for GBAAX2331-24: cannot unpack non-iterable NoneType object
  Warning: Could not parse coord for GBAAX55948-24: cannot unpack non-iterable NoneType object
  Warning: Could not parse coord for GBAAX57749-24: cannot unpack non-iterable NoneType object
  Warning: Could not parse coord for GBAAX57750-24: cannot unpack non-iterable NoneType object
  Warning: Could not parse coord for GBAAX57751-24: cannot unpack non-iterable NoneType object
  Warning: Could not parse coord for GBAAX57752-24: cannot unpack non-iterable NoneType object
  Warning: Could not parse coord for GBAAX65048-24: cannot unpack non-iterable NoneType object
  Warning: Could not parse coord for GBAAX65049-24: cannot unpack non-iterable NoneType object
  Warning: Could not parse coord for GBAAX65050-24: cannot unpack non-iterable NoneType object
  Warning: Could not parse coord for GBAAX69138-24: cannot unpack non-iterable NoneType object
  Warning: Could not parse coord for GBAAX8865-24: cannot unpack non-iterable NoneType object
  Warning: Could not parse coord for GBAAX8866-24: cannot unpack non-iterable NoneType object
  Warning: Could not parse coord for GBAAY25471-24: cannot unpack non-iterable NoneType object
  Warning: Could not parse coord for GBAAY31740-24: cannot unpack non-iterable NoneType object
  Warning: Could not parse coord for GBAAY31741-24: cannot unpack non-iterable NoneType object
  Warning: Could not parse coord for GBAAY31742-24: cannot unpack non-iterable NoneType object
  Warning: Could not parse coord for GBAAY31743-24: cannot unpack non-iterable NoneType object
  Warning: Could not parse coord for GBAAY31744-24: cannot unpack non-iterable NoneType object
  Warning: Could not parse coord for GBAAY31745-24: cannot unpack non-iterable NoneType object
  Warning: Could not parse coord for GBAAY31746-24: cannot unpack non-iterable NoneType object
  Warning: Could not parse coord for GBAAY31747-24: cannot unpack non-iterable NoneType object
  Warning: Could not parse coord for GBAAY31748-24: cannot unpack non-iterable NoneType object
  Warning: Could not parse coord for GBAAY31749-24: cannot unpack non-iterable NoneType object
  Warning: Could not parse coord for GBAAY31750-24: cannot unpack non-iterable NoneType object
  Warning: Could not parse coord for GBAAY31751-24: cannot unpack non-iterable NoneType object
  Warning: Could not parse coord for GBAAY31752-24: cannot unpack non-iterable NoneType object
  Warning: Could not parse coord for GBAAY31753-24: cannot unpack non-iterable NoneType object
  Warning: Could not parse coord for GBAAY31754-24: cannot unpack non-iterable NoneType object
  Warning: Could not parse coord for GBAAY31755-24: cannot unpack non-iterable NoneType object
  Warning: Could not parse coord for GBAAY31756-24: cannot unpack non-iterable NoneType object
  Warning: Could not parse coord for GBAAY31757-24: cannot unpack non-iterable NoneType object
  Warning: Could not parse coord for GBAAY31758-24: cannot unpack non-iterable NoneType object
  Warning: Could not parse coord for GBAAY31759-24: cannot unpack non-iterable NoneType object
  Warning: Could not parse coord for GBAAY31760-24: cannot unpack non-iterable NoneType object
  Warning: Could not parse coord for GBAAY31761-24: cannot unpack non-iterable NoneType object
  Warning: Could not parse coord for GBAAY31762-24: cannot unpack non-iterable NoneType object
  Warning: Could not parse coord for GBAAY31763-24: cannot unpack non-iterable NoneType object
  Warning: Could not parse coord for GBAAY31764-24: cannot unpack non-iterable NoneType object
  Warning: Could not parse coord for GBAAY31765-24: cannot unpack non-iterable NoneType object
  Warning: Could not parse coord for GBAAY31766-24: cannot unpack non-iterable NoneType object
  Warning: Could not parse coord for GBAAY31767-24: cannot unpack non-iterable NoneType object
  Warning: Could not parse coord for GBAAY31768-24: cannot unpack non-iterable NoneType object
  Warning: Could not parse coord for GBAAY31769-24: cannot unpack non-iterable NoneType object
  Warning: Could not parse coord for GBAAY31770-24: cannot unpack non-iterable NoneType object
  Warning: Could not parse coord for GBAAY31771-24: cannot unpack non-iterable NoneType object
  Warning: Could not parse coord for GBAAY31772-24: cannot unpack non-iterable NoneType object
  Warning: Could not parse coord for GBAAY31773-24: cannot unpack non-iterable NoneType object
  Warning: Could not parse coord for GBAAY31774-24: cannot unpack non-iterable NoneType object
  Warning: Could not parse coord for GBAAY31775-24: cannot unpack non-iterable NoneType object
  Warning: Could not parse coord for GBAAY31776-24: cannot unpack non-iterable NoneType object
  Warning: Could not parse coord for GBAAY31777-24: cannot unpack non-iterable NoneType object
  Warning: Could not parse coord for GBAAY31778-24: cannot unpack non-iterable NoneType object
  Warning: Could not parse coord for GBAAY31779-24: cannot unpack non-iterable NoneType object
  Warning: Could not parse coord for GBAAY31780-24: cannot unpack non-iterable NoneType object
  Warning: Could not parse coord for GBAAY31781-24: cannot unpack non-iterable NoneType object
  Warning: Could not parse coord for GBAAY31782-24: cannot unpack non-iterable NoneType object
  Warning: Could not parse coord for GBAAY31783-24: cannot unpack non-iterable NoneType object
  Warning: Could not parse coord for GBAAY31784-24: cannot unpack non-iterable NoneType object
  Warning: Could not parse coord for GBAAY31785-24: cannot unpack non-iterable NoneType object
  Warning: Could not parse coord for GBAAY31786-24: cannot unpack non-iterable NoneType object
  Warning: Could not parse coord for GBAAY31787-24: cannot unpack non-iterable NoneType object
  Warning: Could not parse coord for GBAAY31788-24: cannot unpack non-iterable NoneType object
  Warning: Could not parse coord for GBAAY31789-24: cannot unpack non-iterable NoneType object
  Warning: Could not parse coord for GBAAY31790-24: cannot unpack non-iterable NoneType object
  Warning: Could not parse coord for GBAAY31791-24: cannot unpack non-iterable NoneType object
  Warning: Could not parse coord for GBAAY31792-24: cannot unpack non-iterable NoneType object
  Warning: Could not parse coord for GBAAY31793-24: cannot unpack non-iterable NoneType object
  Warning: Could not parse coord for GBAAY31794-24: cannot unpack non-iterable NoneType object
  Warning: Could not parse coord for GBAAY31795-24: cannot unpack non-iterable NoneType object
  Warning: Could not parse coord for GBAAY31796-24: cannot unpack non-iterable NoneType object
  Warning: Could not parse coord for GBAAY31797-24: cannot unpack non-iterable NoneType object
  Warning: Could not parse coord for GBAAY31798-24: cannot unpack non-iterable NoneType object
  Warning: Could not parse coord for GBAAY31799-24: cannot unpack non-iterable NoneType object
  Warning: Could not parse coord for GBAAY31800-24: cannot unpack non-iterable NoneType object
  Warning: Could not parse coord for GBAAY31801-24: cannot unpack non-iterable NoneType object
  Warning: Could not parse coord for GBAAY31802-24: cannot unpack non-iterable NoneType object
  Warning: Could not parse coord for GBAAY31803-24: cannot unpack non-iterable NoneType object
  Warning: Could not parse coord for GBAAY31804-24: cannot unpack non-iterable NoneType object
  Warning: Could not parse coord for GBAAY31805-24: cannot unpack non-iterable NoneType object
  Warning: Could not parse coord for GBAAY31806-24: cannot unpack non-iterable NoneType object
  Warning: Could not parse coord for GBAAY31807-24: cannot unpack non-iterable NoneType object
  Warning: Could not parse coord for GBAAY31808-24: cannot unpack non-iterable NoneType object
  Warning: Could not parse coord for GBAAY31809-24: cannot unpack non-iterable NoneType object
  Warning: Could not parse coord for GBAAY31810-24: cannot unpack non-iterable NoneType object
  Warning: Could not parse coord for GBAAY31811-24: cannot unpack non-iterable NoneType object
  Warning: Could not parse coord for GBAAY31812-24: cannot unpack non-iterable NoneType object
  Warning: Could not parse coord for GBAAY31813-24: cannot unpack non-iterable NoneType object
  Warning: Could not parse coord for GBAAY31814-24: cannot unpack non-iterable NoneType object
  Warning: Could not parse coord for GBAAY31815-24: cannot unpack non-iterable NoneType object
  Warning: Could not parse coord for GBAAY31816-24: cannot unpack non-iterable NoneType object
  Warning: Could not parse coord for GBAAY31817-24: cannot unpack non-iterable NoneType object
  Warning: Could not parse coord for GBAAY31818-24: cannot unpack non-iterable NoneType object
  Warning: Could not parse coord for GBAAY31819-24: cannot unpack non-iterable NoneType object
  Warning: Could not parse coord for GBAAY31820-24: cannot unpack non-iterable NoneType object
  Warning: Could not parse coord for GBAAY31821-24: cannot unpack non-iterable NoneType object
  Warning: Could not parse coord for GBAAY31822-24: cannot unpack non-iterable NoneType object
  Warning: Could not parse coord for GBAAY31823-24: cannot unpack non-iterable NoneType object
  Warning: Could not parse coord for GBAAY31824-24: cannot unpack non-iterable NoneType object
  Warning: Could not parse coord for GBAAY31825-24: cannot unpack non-iterable NoneType object
  Warning: Could not parse coord for GBAAY31826-24: cannot unpack non-iterable NoneType object
  Warning: Could not parse coord for GBAAY31827-24: cannot unpack non-iterable NoneType object
  Warning: Could not parse coord for GBAAY31828-24: cannot unpack non-iterable NoneType object
  Warning: Could not parse coord for GBAAY31829-24: cannot unpack non-iterable NoneType object
  Warning: Could not parse coord for GBAAY31830-24: cannot unpack non-iterable NoneType object
  Warning: Could not parse coord for GBAAY31831-24: cannot unpack non-iterable NoneType object
  Warning: Could not parse coord for GBAAY31832-24: cannot unpack non-iterable NoneType object
  Warning: Could not parse coord for GBAAY31833-24: cannot unpack non-iterable NoneType object
  Warning: Could not parse coord for GBAAY31834-24: cannot unpack non-iterable NoneType object
  Warning: Could not parse coord for GBAAY31835-24: cannot unpack non-iterable NoneType object
  Warning: Could not parse coord for GBAAY31836-24: cannot unpack non-iterable NoneType object
  Warning: Could not parse coord for GBAAY31837-24: cannot unpack non-iterable NoneType object
  Warning: Could not parse coord for GBAAY31838-24: cannot unpack non-iterable NoneType object
  Warning: Could not parse coord for GBAAY31839-24: cannot unpack non-iterable NoneType object
  Warning: Could not parse coord for GBAAY31840-24: cannot unpack non-iterable NoneType object
  Warning: Could not parse coord for GBAAY31841-24: cannot unpack non-iterable NoneType object
  Warning: Could not parse coord for GBAAY31842-24: cannot unpack non-iterable NoneType object
  Warning: Could not parse coord for GBAAY31843-24: cannot unpack non-iterable NoneType object
  Warning: Could not parse coord for GBAAY31844-24: cannot unpack non-iterable NoneType object
  Warning: Could not parse coord for GBAAY31845-24: cannot unpack non-iterable NoneType object
  Warning: Could not parse coord for GBAAY31846-24: cannot unpack non-iterable NoneType object
  Warning: Could not parse coord for GBAAY31847-24: cannot unpack non-iterable NoneType object
  Warning: Could not parse coord for GBAAY31848-24: cannot unpack non-iterable NoneType object
  Warning: Could not parse coord for GBAAY31849-24: cannot unpack non-iterable NoneType object
  Warning: Could not parse coord for GBAAY31850-24: cannot unpack non-iterable NoneType object
  Warning: Could not parse coord for GBAAY31851-24: cannot unpack non-iterable NoneType object
  Warning: Could not parse coord for GBAAY31852-24: cannot unpack non-iterable NoneType object
  Warning: Could not parse coord for GBAAY31853-24: cannot unpack non-iterable NoneType object
  Warning: Could not parse coord for GBAAY31854-24: cannot unpack non-iterable NoneType object
  Warning: Could not parse coord for GBAAY31855-24: cannot unpack non-iterable NoneType object
  Warning: Could not parse coord for GBAAY31856-24: cannot unpack non-iterable NoneType object
  Warning: Could not parse coord for GBAAY31857-24: cannot unpack non-iterable NoneType object
  Warning: Could not parse coord for GBAAY31858-24: cannot unpack non-iterable NoneType object
  Warning: Could not parse coord for GBAAY31859-24: cannot unpack non-iterable NoneType object
  Warning: Could not parse coord for GBAAY31860-24: cannot unpack non-iterable NoneType object
  Warning: Could not parse coord for GBAAY31861-24: cannot unpack non-iterable NoneType object
  Warning: Could not parse coord for GBAAY31862-24: cannot unpack non-iterable NoneType object
  Warning: Could not parse coord for GBAAY31863-24: cannot unpack non-iterable NoneType object
  Warning: Could not parse coord for GBAAY31864-24: cannot unpack non-iterable NoneType object
  Warning: Could not parse coord for GBAAY31865-24: cannot unpack non-iterable NoneType object
  Warning: Could not parse coord for GBAAY31866-24: cannot unpack non-iterable NoneType object
  Warning: Could not parse coord for GBAAY31867-24: cannot unpack non-iterable NoneType object
  Warning: Could not parse coord for GBAAY31868-24: cannot unpack non-iterable NoneType object
  Warning: Could not parse coord for GBAAY31869-24: cannot unpack non-iterable NoneType object
  Warning: Could not parse coord for GBAAY31870-24: cannot unpack non-iterable NoneType object
  Warning: Could not parse coord for GBAAY31871-24: cannot unpack non-iterable NoneType object
  Warning: Could not parse coord for GBAAY31872-24: cannot unpack non-iterable NoneType object
  Warning: Could not parse coord for GBAAY31873-24: cannot unpack non-iterable NoneType object
  Warning: Could not parse coord for GBAAY31874-24: cannot unpack non-iterable NoneType object
  Warning: Could not parse coord for GBAAY31875-24: cannot unpack non-iterable NoneType object
  Warning: Could not parse coord for GBAAY31876-24: cannot unpack non-iterable NoneType object
  Warning: Could not parse coord for GBAAY31877-24: cannot unpack non-iterable NoneType object
  Warning: Could not parse coord for GBAAY31878-24: cannot unpack non-iterable NoneType object
  Warning: Could not parse coord for GBAAY31879-24: cannot unpack non-iterable NoneType object
  Warning: Could not parse coord for GBAAY31880-24: cannot unpack non-iterable NoneType object
  Warning: Could not parse coord for GBAAY31881-24: cannot unpack non-iterable NoneType object
  Warning: Could not parse coord for GBAAY31882-24: cannot unpack non-iterable NoneType object
  Warning: Could not parse coord for GBAAY31883-24: cannot unpack non-iterable NoneType object
  Warning: Could not parse coord for GBAAY31884-24: cannot unpack non-iterable NoneType object
  Warning: Could not parse coord for GBAAY31885-24: cannot unpack non-iterable NoneType object
  Warning: Could not parse coord for GBAAY31886-24: cannot unpack non-iterable NoneType object
  Warning: Could not parse coord for GBAAY31887-24: cannot unpack non-iterable NoneType object
  Warning: Could not parse coord for GBAAY31888-24: cannot unpack non-iterable NoneType object
  Warning: Could not parse coord for GBAAY31889-24: cannot unpack non-iterable NoneType object
  Warning: Could not parse coord for GBAAY31890-24: cannot unpack non-iterable NoneType object
  Warning: Could not parse coord for GBAAY31891-24: cannot unpack non-iterable NoneType object
  Warning: Could not parse coord for GBAAY31892-24: cannot unpack non-iterable NoneType object
  Warning: Could not parse coord for GBAAY31893-24: cannot unpack non-iterable NoneType object
  Warning: Could not parse coord for GBAAY31894-24: cannot unpack non-iterable NoneType object
  Warning: Could not parse coord for GBAAY31895-24: cannot unpack non-iterable NoneType object
  Warning: Could not parse coord for GBAAY31896-24: cannot unpack non-iterable NoneType object
  Warning: Could not parse coord for GBAAY31897-24: cannot unpack non-iterable NoneType object
  Warning: Could not parse coord for GBAAY31898-24: cannot unpack non-iterable NoneType object
  Warning: Could not parse coord for GBAAY31899-24: cannot unpack non-iterable NoneType object
  Warning: Could not parse coord for GBAAY31900-24: cannot unpack non-iterable NoneType object
  Warning: Could not parse coord for GBAAY31901-24: cannot unpack non-iterable NoneType object
  Warning: Could not parse coord for GBAAY31902-24: cannot unpack non-iterable NoneType object
  Warning: Could not parse coord for GBAAY31903-24: cannot unpack non-iterable NoneType object
  Warning: Could not parse coord for GBAAY31904-24: cannot unpack non-iterable NoneType object
  Warning: Could not parse coord for GBAAY31905-24: cannot unpack non-iterable NoneType object
  Warning: Could not parse coord for GBAAY31906-24: cannot unpack non-iterable NoneType object
  Warning: Could not parse coord for GBAAY31907-24: cannot unpack non-iterable NoneType object
  Warning: Could not parse coord for GBAAY31908-24: cannot unpack non-iterable NoneType object
  Warning: Could not parse coord for GBAAY31909-24: cannot unpack non-iterable NoneType object
  Warning: Could not parse coord for GBAAY31910-24: cannot unpack non-iterable NoneType object
  Warning: Could not parse coord for GBAAY31911-24: cannot unpack non-iterable NoneType object
  Warning: Could not parse coord for GBAAY31912-24: cannot unpack non-iterable NoneType object
  Warning: Could not parse coord for GBAAY31913-24: cannot unpack non-iterable NoneType object
  Warning: Could not parse coord for GBAAY31914-24: cannot unpack non-iterable NoneType object
  Warning: Could not parse coord for GBAAY31915-24: cannot unpack non-iterable NoneType object
  Warning: Could not parse coord for GBAAY31916-24: cannot unpack non-iterable NoneType object
  Warning: Could not parse coord for GBAAY31917-24: cannot unpack non-iterable NoneType object
  Warning: Could not parse coord for GBAAY31918-24: cannot unpack non-iterable NoneType object
  Warning: Could not parse coord for GBAAY31919-24: cannot unpack non-iterable NoneType object
  Warning: Could not parse coord for GBAAY31920-24: cannot unpack non-iterable NoneType object
  Warning: Could not parse coord for GBAAY31921-24: cannot unpack non-iterable NoneType object
  Warning: Could not parse coord for GBAAY31922-24: cannot unpack non-iterable NoneType object
  Warning: Could not parse coord for GBAAY31923-24: cannot unpack non-iterable NoneType object
  Warning: Could not parse coord for GBAAY31924-24: cannot unpack non-iterable NoneType object
  Warning: Could not parse coord for GBAAY31925-24: cannot unpack non-iterable NoneType object
  Warning: Could not parse coord for GBAAY31926-24: cannot unpack non-iterable NoneType object
  Warning: Could not parse coord for GBAAY31927-24: cannot unpack non-iterable NoneType object
  Warning: Could not parse coord for GBAAY31928-24: cannot unpack non-iterable NoneType object
  Warning: Could not parse coord for GBAAY31929-24: cannot unpack non-iterable NoneType object
  Warning: Could not parse coord for GBAAY31930-24: cannot unpack non-iterable NoneType object
  Warning: Could not parse coord for GBAAY31931-24: cannot unpack non-iterable NoneType object
  Warning: Could not parse coord for GBAAY31932-24: cannot unpack non-iterable NoneType object
  Warning: Could not parse coord for GBAAY31933-24: cannot unpack non-iterable NoneType object
  Warning: Could not parse coord for GBAAY31934-24: cannot unpack non-iterable NoneType object
  Warning: Could not parse coord for GBAAY31935-24: cannot unpack non-iterable NoneType object
  Warning: Could not parse coord for GBAAY31936-24: cannot unpack non-iterable NoneType object
  Warning: Could not parse coord for GBAAY31937-24: cannot unpack non-iterable NoneType object
  Warning: Could not parse coord for GBAAY31938-24: cannot unpack non-iterable NoneType object
  Warning: Could not parse coord for GBAAY31939-24: cannot unpack non-iterable NoneType object
  Warning: Could not parse coord for GBAAY31940-24: cannot unpack non-iterable NoneType object
  Warning: Could not parse coord for GBAAY31941-24: cannot unpack non-iterable NoneType object
  Warning: Could not parse coord for GBAAY31942-24: cannot unpack non-iterable NoneType object
  Warning: Could not parse coord for GBAAY31943-24: cannot unpack non-iterable NoneType object
  Warning: Could not parse coord for GBAAY31944-24: cannot unpack non-iterable NoneType object
  Warning: Could not parse coord for GBAAY31945-24: cannot unpack non-iterable NoneType object
  Warning: Could not parse coord for GBAAY31946-24: cannot unpack non-iterable NoneType object
  Warning: Could not parse coord for GBAAY31947-24: cannot unpack non-iterable NoneType object
  Warning: Could not parse coord for GBAAY31948-24: cannot unpack non-iterable NoneType object
  Warning: Could not parse coord for GBAAY31949-24: cannot unpack non-iterable NoneType object
  Warning: Could not parse coord for GBAAY31950-24: cannot unpack non-iterable NoneType object
  Warning: Could not parse coord for GBAAY31951-24: cannot unpack non-iterable NoneType object
  Warning: Could not parse coord for GBAAY31952-24: cannot unpack non-iterable NoneType object
  Warning: Could not parse coord for GBAAY31953-24: cannot unpack non-iterable NoneType object
  Warning: Could not parse coord for GBAAY31954-24: cannot unpack non-iterable NoneType object
  Warning: Could not parse coord for GBAAY31955-24: cannot unpack non-iterable NoneType object
  Warning: Could not parse coord for GBAAY31956-24: cannot unpack non-iterable NoneType object
  Warning: Could not parse coord for GBAAY31957-24: cannot unpack non-iterable NoneType object
  Warning: Could not parse coord for GBAAY31958-24: cannot unpack non-iterable NoneType object
  Warning: Could not parse coord for GBAAY31959-24: cannot unpack non-iterable NoneType object
  Warning: Could not parse coord for GBAAY31960-24: cannot unpack non-iterable NoneType object
  Warning: Could not parse coord for GBAAY31961-24: cannot unpack non-iterable NoneType object
  Warning: Could not parse coord for GBAAY31962-24: cannot unpack non-iterable NoneType object
  Warning: Could not parse coord for GBAAY31963-24: cannot unpack non-iterable NoneType object
  Warning: Could not parse coord for GBAAY31964-24: cannot unpack non-iterable NoneType object
  Warning: Could not parse coord for GBAAY31965-24: cannot unpack non-iterable NoneType object
  Warning: Could not parse coord for GBAAY31966-24: cannot unpack non-iterable NoneType object
  Warning: Could not parse coord for GBAAY31967-24: cannot unpack non-iterable NoneType object
  Warning: Could not parse coord for GBAAY31968-24: cannot unpack non-iterable NoneType object
  Warning: Could not parse coord for GBAAY31969-24: cannot unpack non-iterable NoneType object
  Warning: Could not parse coord for GBAAY31970-24: cannot unpack non-iterable NoneType object
  Warning: Could not parse coord for GBAAY31971-24: cannot unpack non-iterable NoneType object
  Warning: Could not parse coord for GBAAY31972-24: cannot unpack non-iterable NoneType object
  Warning: Could not parse coord for GBAAY31973-24: cannot unpack non-iterable NoneType object
  Warning: Could not parse coord for GBAAY31974-24: cannot unpack non-iterable NoneType object
  Warning: Could not parse coord for GBAAY31975-24: cannot unpack non-iterable NoneType object
  Warning: Could not parse coord for GBAAY31976-24: cannot unpack non-iterable NoneType object
  Warning: Could not parse coord for GBAAY31977-24: cannot unpack non-iterable NoneType object
  Warning: Could not parse coord for GBAAY31978-24: cannot unpack non-iterable NoneType object
  Warning: Could not parse coord for GBAAY31979-24: cannot unpack non-iterable NoneType object
  Warning: Could not parse coord for GBAAY31980-24: cannot unpack non-iterable NoneType object
  Warning: Could not parse coord for GBAAY31981-24: cannot unpack non-iterable NoneType object
  Warning: Could not parse coord for GBAAY31982-24: cannot unpack non-iterable NoneType object
  Warning: Could not parse coord for GBAAY31983-24: cannot unpack non-iterable NoneType object
  Warning: Could not parse coord for GBAAY31984-24: cannot unpack non-iterable NoneType object
  Warning: Could not parse coord for GBAAY31985-24: cannot unpack non-iterable NoneType object
  Warning: Could not parse coord for GBAAY31986-24: cannot unpack non-iterable NoneType object
  Warning: Could not parse coord for GBAAY31987-24: cannot unpack non-iterable NoneType object
  Warning: Could not parse coord for GBAAY31988-24: cannot unpack non-iterable NoneType object
  Warning: Could not parse coord for GBAAY31989-24: cannot unpack non-iterable NoneType object
  Warning: Could not parse coord for GBAAY31990-24: cannot unpack non-iterable NoneType object
  Warning: Could not parse coord for GBAAY31991-24: cannot unpack non-iterable NoneType object
  Warning: Could not parse coord for GBAAY31992-24: cannot unpack non-iterable NoneType object
  Warning: Could not parse coord for GBAAY31993-24: cannot unpack non-iterable NoneType object
  Warning: Could not parse coord for GBAAY31994-24: cannot unpack non-iterable NoneType object
  Warning: Could not parse coord for GBAAY31995-24: cannot unpack non-iterable NoneType object
  Warning: Could not parse coord for GBAAY31996-24: cannot unpack non-iterable NoneType object
  Warning: Could not parse coord for GBAAY31997-24: cannot unpack non-iterable NoneType object
  Warning: Could not parse coord for GBAAY31998-24: cannot unpack non-iterable NoneType object
  Warning: Could not parse coord for GBAAY31999-24: cannot unpack non-iterable NoneType object
  Warning: Could not parse coord for GBAAY32000-24: cannot unpack non-iterable NoneType object
  Warning: Could not parse coord for GBAAY32001-24: cannot unpack non-iterable NoneType object
  Warning: Could not parse coord for GBAAY32002-24: cannot unpack non-iterable NoneType object
  Warning: Could not parse coord for GBAAY32003-24: cannot unpack non-iterable NoneType object
  Warning: Could not parse coord for GBAAY32004-24: cannot unpack non-iterable NoneType object
  Warning: Could not parse coord for GBAAY32005-24: cannot unpack non-iterable NoneType object
  Warning: Could not parse coord for GBAAY32006-24: cannot unpack non-iterable NoneType object
  Warning: Could not parse coord for GBAAY32007-24: cannot unpack non-iterable NoneType object
  Warning: Could not parse coord for GBAAY32008-24: cannot unpack non-iterable NoneType object
  Warning: Could not parse coord for GBAAY32009-24: cannot unpack non-iterable NoneType object
  Warning: Could not parse coord for GBAAY32010-24: cannot unpack non-iterable NoneType object
  Warning: Could not parse coord for GBAAY32011-24: cannot unpack non-iterable NoneType object
  Warning: Could not parse coord for GBAAY32012-24: cannot unpack non-iterable NoneType object
  Warning: Could not parse coord for GBAAY32013-24: cannot unpack non-iterable NoneType object
  Warning: Could not parse coord for GBAAY32014-24: cannot unpack non-iterable NoneType object
  Warning: Could not parse coord for GBAAY32015-24: cannot unpack non-iterable NoneType object
  Warning: Could not parse coord for GBAAY32016-24: cannot unpack non-iterable NoneType object
  Warning: Could not parse coord for GBAAY32017-24: cannot unpack non-iterable NoneType object
  Warning: Could not parse coord for GBAAY32018-24: cannot unpack non-iterable NoneType object
  Warning: Could not parse coord for GBAAY32019-24: cannot unpack non-iterable NoneType object
  Warning: Could not parse coord for GBAAY32020-24: cannot unpack non-iterable NoneType object
  Warning: Could not parse coord for GBAAY32021-24: cannot unpack non-iterable NoneType object
  Warning: Could not parse coord for GBAAY32022-24: cannot unpack non-iterable NoneType object
  Warning: Could not parse coord for GBAAY32023-24: cannot unpack non-iterable NoneType object
  Warning: Could not parse coord for GBAAY32024-24: cannot unpack non-iterable NoneType object
  Warning: Could not parse coord for GBAAY32025-24: cannot unpack non-iterable NoneType object
  Warning: Could not parse coord for GBAAY32026-24: cannot unpack non-iterable NoneType object
  Warning: Could not parse coord for GBAAY32027-24: cannot unpack non-iterable NoneType object
  Warning: Could not parse coord for GBAAY32028-24: cannot unpack non-iterable NoneType object
  Warning: Could not parse coord for GBAAY32029-24: cannot unpack non-iterable NoneType object
  Warning: Could not parse coord for GBAAY32030-24: cannot unpack non-iterable NoneType object
  Warning: Could not parse coord for GBAAY32031-24: cannot unpack non-iterable NoneType object
  Warning: Could not parse coord for GBAAY32032-24: cannot unpack non-iterable NoneType object
  Warning: Could not parse coord for GBAAY32033-24: cannot unpack non-iterable NoneType object
  Warning: Could not parse coord for GBAAY32034-24: cannot unpack non-iterable NoneType object
  Warning: Could not parse coord for GBAAY32035-24: cannot unpack non-iterable NoneType object
  Warning: Could not parse coord for GBAAY32036-24: cannot unpack non-iterable NoneType object
  Warning: Could not parse coord for GBAAY32037-24: cannot unpack non-iterable NoneType object
  Warning: Could not parse coord for GBAAY32038-24: cannot unpack non-iterable NoneType object
  Warning: Could not parse coord for GBAAY32039-24: cannot unpack non-iterable NoneType object
  Warning: Could not parse coord for GBAAY32040-24: cannot unpack non-iterable NoneType object
  Warning: Could not parse coord for GBAAY32041-24: cannot unpack non-iterable NoneType object
  Warning: Could not parse coord for GBAAY32042-24: cannot unpack non-iterable NoneType object
  Warning: Could not parse coord for GBAAY32043-24: cannot unpack non-iterable NoneType object
  Warning: Could not parse coord for GBAAY32044-24: cannot unpack non-iterable NoneType object
  Warning: Could not parse coord for GBAAY32045-24: cannot unpack non-iterable NoneType object
  Warning: Could not parse coord for GBAAY32046-24: cannot unpack non-iterable NoneType object
  Warning: Could not parse coord for GBAAY32047-24: cannot unpack non-iterable NoneType object
  Warning: Could not parse coord for GBAAY32048-24: cannot unpack non-iterable NoneType object
  Warning: Could not parse coord for GBAAY32049-24: cannot unpack non-iterable NoneType object
  Warning: Could not parse coord for GBAAY32050-24: cannot unpack non-iterable NoneType object
  Warning: Could not parse coord for GBAAY32051-24: cannot unpack non-iterable NoneType object
  Warning: Could not parse coord for GBAAY32052-24: cannot unpack non-iterable NoneType object
  Warning: Could not parse coord for GBAAY32053-24: cannot unpack non-iterable NoneType object
  Warning: Could not parse coord for GBAAY32054-24: cannot unpack non-iterable NoneType object
  Warning: Could not parse coord for GBAAY32055-24: cannot unpack non-iterable NoneType object
  Warning: Could not parse coord for GBAAY32056-24: cannot unpack non-iterable NoneType object
  Warning: Could not parse coord for GBAAY32057-24: cannot unpack non-iterable NoneType object
  Warning: Could not parse coord for GBAAY32058-24: cannot unpack non-iterable NoneType object
  Warning: Could not parse coord for GBAAY32059-24: cannot unpack non-iterable NoneType object
  Warning: Could not parse coord for GBAAY32060-24: cannot unpack non-iterable NoneType object
  Warning: Could not parse coord for GBAAY32061-24: cannot unpack non-iterable NoneType object
  Warning: Could not parse coord for GBAAY32062-24: cannot unpack non-iterable NoneType object
  Warning: Could not parse coord for GBAAY32063-24: cannot unpack non-iterable NoneType object
  Warning: Could not parse coord for GBAAY32064-24: cannot unpack non-iterable NoneType object
  Warning: Could not parse coord for GBAAY32065-24: cannot unpack non-iterable NoneType object
  Warning: Could not parse coord for GBAAY32066-24: cannot unpack non-iterable NoneType object
  Warning: Could not parse coord for GBAAY32067-24: cannot unpack non-iterable NoneType object
  Warning: Could not parse coord for GBAAY32068-24: cannot unpack non-iterable NoneType object
  Warning: Could not parse coord for GBAAY32069-24: cannot unpack non-iterable NoneType object
  Warning: Could not parse coord for GBAAY32070-24: cannot unpack non-iterable NoneType object
  Warning: Could not parse coord for GBAAY32071-24: cannot unpack non-iterable NoneType object
  Warning: Could not parse coord for GBAAY32072-24: cannot unpack non-iterable NoneType object
  Warning: Could not parse coord for GBAAY32073-24: cannot unpack non-iterable NoneType object
  Warning: Could not parse coord for GBAAY32074-24: cannot unpack non-iterable NoneType object
  Warning: Could not parse coord for GBAAY32075-24: cannot unpack non-iterable NoneType object
  Warning: Could not parse coord for GBAAY32076-24: cannot unpack non-iterable NoneType object
  Warning: Could not parse coord for GBAAY32077-24: cannot unpack non-iterable NoneType object
  Warning: Could not parse coord for GBAAY32078-24: cannot unpack non-iterable NoneType object
  Warning: Could not parse coord for GBAAY32079-24: cannot unpack non-iterable NoneType object
  Warning: Could not parse coord for GBAAY32080-24: cannot unpack non-iterable NoneType object
  Warning: Could not parse coord for GBAAY32081-24: cannot unpack non-iterable NoneType object
  Warning: Could not parse coord for GBAAY32082-24: cannot unpack non-iterable NoneType object
  Warning: Could not parse coord for GBAAY32083-24: cannot unpack non-iterable NoneType object
  Warning: Could not parse coord for GBAAY32084-24: cannot unpack non-iterable NoneType object
  Warning: Could not parse coord for GBAAY50769-24: cannot unpack non-iterable NoneType object
  Warning: Could not parse coord for GBAAY50770-24: cannot unpack non-iterable NoneType object
  Warning: Could not parse coord for GBAAY50771-24: cannot unpack non-iterable NoneType object
  Warning: Could not parse coord for GBAAY50772-24: cannot unpack non-iterable NoneType object
  Warning: Could not parse coord for GBAAY50773-24: cannot unpack non-iterable NoneType object
  Warning: Could not parse coord for GBAAY50774-24: cannot unpack non-iterable NoneType object
  Warning: Could not parse coord for GBAAY50775-24: cannot unpack non-iterable NoneType object
  Warning: Could not parse coord for GBAAY50776-24: cannot unpack non-iterable NoneType object
  Warning: Could not parse coord for GBAAY50777-24: cannot unpack non-iterable NoneType object
  Warning: Could not parse coord for GBAAY50778-24: cannot unpack non-iterable NoneType object
  Warning: Could not parse coord for GBAAY50779-24: cannot unpack non-iterable NoneType object
  Warning: Could not parse coord for GBAAY50780-24: cannot unpack non-iterable NoneType object
  Warning: Could not parse coord for GBAAY50781-24: cannot unpack non-iterable NoneType object
  Warning: Could not parse coord for GBAAY50782-24: cannot unpack non-iterable NoneType object
  Warning: Could not parse coord for GBAAY50783-24: cannot unpack non-iterable NoneType object
  Warning: Could not parse coord for GBAAY50784-24: cannot unpack non-iterable NoneType object
  Warning: Could not parse coord for GBAAY50785-24: cannot unpack non-iterable NoneType object
  Warning: Could not parse coord for GBAAY50786-24: cannot unpack non-iterable NoneType object
  Warning: Could not parse coord for GBAAY50787-24: cannot unpack non-iterable NoneType object
  Warning: Could not parse coord for GBAAY50788-24: cannot unpack non-iterable NoneType object
  Warning: Could not parse coord for GBAAY50789-24: cannot unpack non-iterable NoneType object
  Warning: Could not parse coord for GBAAY50790-24: cannot unpack non-iterable NoneType object
  Warning: Could not parse coord for GBAAY50791-24: cannot unpack non-iterable NoneType object
  Warning: Could not parse coord for GBAAY50792-24: cannot unpack non-iterable NoneType object
  Warning: Could not parse coord for GBAAY50793-24: cannot unpack non-iterable NoneType object
  Warning: Could not parse coord for GBAAY50794-24: cannot unpack non-iterable NoneType object
  Warning: Could not parse coord for GBAAY50795-24: cannot unpack non-iterable NoneType object
  Warning: Could not parse coord for GBAAY50796-24: cannot unpack non-iterable NoneType object
  Warning: Could not parse coord for GBAAY50797-24: cannot unpack non-iterable NoneType object
  Warning: Could not parse coord for GBAAY50798-24: cannot unpack non-iterable NoneType object
  Warning: Could not parse coord for GBAAY50799-24: cannot unpack non-iterable NoneType object
  Warning: Could not parse coord for GBAAY50800-24: cannot unpack non-iterable NoneType object
  Warning: Could not parse coord for GBAAY50801-24: cannot unpack non-iterable NoneType object
  Warning: Could not parse coord for GBAAY50802-24: cannot unpack non-iterable NoneType object
  Warning: Could not parse coord for GBAAY50803-24: cannot unpack non-iterable NoneType object
  Warning: Could not parse coord for GBAAY50804-24: cannot unpack non-iterable NoneType object
  Warning: Could not parse coord for GBAAY50805-24: cannot unpack non-iterable NoneType object
  Warning: Could not parse coord for GBAAY60475-24: cannot unpack non-iterable NoneType object
  Warning: Could not parse coord for GBAAY60476-24: cannot unpack non-iterable NoneType object
  Warning: Could not parse coord for GBAAY60477-24: cannot unpack non-iterable NoneType object
  Warning: Could not parse coord for GBAAY60478-24: cannot unpack non-iterable NoneType object
  Warning: Could not parse coord for GBAAY60479-24: cannot unpack non-iterable NoneType object
  Warning: Could not parse coord for GBAAY60480-24: cannot unpack non-iterable NoneType object
  Warning: Could not parse coord for GBAAY60481-24: cannot unpack non-iterable NoneType object
  Warning: Could not parse coord for GBAAY60482-24: cannot unpack non-iterable NoneType object
  Warning: Could not parse coord for GBAAY60483-24: cannot unpack non-iterable NoneType object
  Warning: Could not parse coord for GBAAY60484-24: cannot unpack non-iterable NoneType object
  Warning: Could not parse coord for GBAAY60485-24: cannot unpack non-iterable NoneType object
  Warning: Could not parse coord for GBAAY60486-24: cannot unpack non-iterable NoneType object
  Warning: Could not parse coord for GBAAY60487-24: cannot unpack non-iterable NoneType object
  Warning: Could not parse coord for GBAAY60488-24: cannot unpack non-iterable NoneType object
  Warning: Could not parse coord for GBAAY60489-24: cannot unpack non-iterable NoneType object
  Warning: Could not parse coord for GBAAY60490-24: cannot unpack non-iterable NoneType object
  Warning: Could not parse coord for GBAAY60491-24: cannot unpack non-iterable NoneType object
  Warning: Could not parse coord for GBAAY60492-24: cannot unpack non-iterable NoneType object
  Warning: Could not parse coord for GBAAY60493-24: cannot unpack non-iterable NoneType object
  Warning: Could not parse coord for GBAAY60494-24: cannot unpack non-iterable NoneType object
  Warning: Could not parse coord for GBAAY60495-24: cannot unpack non-iterable NoneType object
  Warning: Could not parse coord for GBAAY60496-24: cannot unpack non-iterable NoneType object
  Warning: Could not parse coord for GBAAY63915-24: cannot unpack non-iterable NoneType object
  Warning: Could not parse coord for GBAAY63916-24: cannot unpack non-iterable NoneType object
  Warning: Could not parse coord for GBAAZ1548-24: cannot unpack non-iterable NoneType object
  Warning: Could not parse coord for GBAAZ1549-24: cannot unpack non-iterable NoneType object
  Warning: Could not parse coord for GBAAZ19486-24: cannot unpack non-iterable NoneType object
  Warning: Could not parse coord for GBAAZ2551-24: cannot unpack non-iterable NoneType object
  Warning: Could not parse coord for GBAAZ2552-24: cannot unpack non-iterable NoneType object
  Warning: Could not parse coord for GBAAZ2553-24: cannot unpack non-iterable NoneType object
  Warning: Could not parse coord for GBAAZ30225-24: cannot unpack non-iterable NoneType object
  Warning: Could not parse coord for GBAAZ41302-24: cannot unpack non-iterable NoneType object
  Warning: Could not parse coord for GBAAZ6507-24: cannot unpack non-iterable NoneType object
  Warning: Could not parse coord for GBAAZ6509-24: cannot unpack non-iterable NoneType object
  Warning: Could not parse coord for GBGC10105-09: cannot unpack non-iterable NoneType object
  Warning: Could not parse coord for GBGC10316-10: cannot unpack non-iterable NoneType object
  Warning: Could not parse coord for GBGC10317-10: cannot unpack non-iterable NoneType object
  Warning: Could not parse coord for GBGC10318-10: cannot unpack non-iterable NoneType object
  Warning: Could not parse coord for GBGC10319-10: cannot unpack non-iterable NoneType object
  Warning: Could not parse coord for GBGC10320-10: cannot unpack non-iterable NoneType object
  Warning: Could not parse coord for GBGC10321-10: cannot unpack non-iterable NoneType object
  Warning: Could not parse coord for GBGC10322-10: cannot unpack non-iterable NoneType object
  Warning: Could not parse coord for GBGC10323-10: cannot unpack non-iterable NoneType object
  Warning: Could not parse coord for GBGC10324-10: cannot unpack non-iterable NoneType object
  Warning: Could not parse coord for GBGC10377-11: cannot unpack non-iterable NoneType object
  Warning: Could not parse coord for GBGC10379-11: cannot unpack non-iterable NoneType object
  Warning: Could not parse coord for GBGC10381-11: cannot unpack non-iterable NoneType object
  Warning: Could not parse coord for GBGC11780-13: cannot unpack non-iterable NoneType object
  Warning: Could not parse coord for GBGC18212-19: cannot unpack non-iterable NoneType object
  Warning: Could not parse coord for GBGC18213-19: cannot unpack non-iterable NoneType object
  Warning: Could not parse coord for GBGC18214-19: cannot unpack non-iterable NoneType object
  Warning: Could not parse coord for GBGC18218-19: cannot unpack non-iterable NoneType object
  Warning: Could not parse coord for GBGC18224-19: cannot unpack non-iterable NoneType object
  Warning: Could not parse coord for GBGC18226-19: cannot unpack non-iterable NoneType object
  Warning: Could not parse coord for GBGC18231-19: cannot unpack non-iterable NoneType object
  Warning: Could not parse coord for GBGC18233-19: cannot unpack non-iterable NoneType object
  Warning: Could not parse coord for GBGC18234-19: cannot unpack non-iterable NoneType object
  Warning: Could not parse coord for GBGC18237-19: cannot unpack non-iterable NoneType object
  Warning: Could not parse coord for GBGC18239-19: cannot unpack non-iterable NoneType object
  Warning: Could not parse coord for GBGC18240-19: cannot unpack non-iterable NoneType object
  Warning: Could not parse coord for GBGC18242-19: cannot unpack non-iterable NoneType object
  Warning: Could not parse coord for GBGC7740-09: cannot unpack non-iterable NoneType object
  Warning: Could not parse coord for GBGC9638-09: cannot unpack non-iterable NoneType object
  Warning: Could not parse coord for GBMNA14230-19: cannot unpack non-iterable NoneType object
  Warning: Could not parse coord for GBMNA14231-19: cannot unpack non-iterable NoneType object
  Warning: Could not parse coord for GBMNA14232-19: cannot unpack non-iterable NoneType object
  Warning: Could not parse coord for GBMNA14233-19: cannot unpack non-iterable NoneType object
  Warning: Could not parse coord for GBMNA14234-19: cannot unpack non-iterable NoneType object
  Warning: Could not parse coord for GBMNA14235-19: cannot unpack non-iterable NoneType object
  Warning: Could not parse coord for GBMNA14236-19: cannot unpack non-iterable NoneType object
  Warning: Could not parse coord for GBMNA14237-19: cannot unpack non-iterable NoneType object
  Warning: Could not parse coord for GBMNA14238-19: cannot unpack non-iterable NoneType object
  Warning: Could not parse coord for GBMNA14239-19: cannot unpack non-iterable NoneType object
  Warning: Could not parse coord for GBMNA14240-19: cannot unpack non-iterable NoneType object
  Warning: Could not parse coord for GBMNA14241-19: cannot unpack non-iterable NoneType object
  Warning: Could not parse coord for GBMNB11075-20: cannot unpack non-iterable NoneType object
  Warning: Could not parse coord for GBMNB11076-20: cannot unpack non-iterable NoneType object
  Warning: Could not parse coord for GBMNB5502-20: cannot unpack non-iterable NoneType object
  Warning: Could not parse coord for GBMNB5519-20: cannot unpack non-iterable NoneType object
  Warning: Could not parse coord for GBMNB5521-20: cannot unpack non-iterable NoneType object
  Warning: Could not parse coord for GBMNC58393-20: cannot unpack non-iterable NoneType object
  Warning: Could not parse coord for GBMNC58394-20: cannot unpack non-iterable NoneType object
  Warning: Could not parse coord for GBMNC58395-20: cannot unpack non-iterable NoneType object
  Warning: Could not parse coord for GBMNC58396-20: cannot unpack non-iterable NoneType object
  Warning: Could not parse coord for GBMNC58397-20: cannot unpack non-iterable NoneType object
  Warning: Could not parse coord for GBMNC58398-20: cannot unpack non-iterable NoneType object
  Warning: Could not parse coord for GBMNC58399-20: cannot unpack non-iterable NoneType object
  Warning: Could not parse coord for GBMNC58400-20: cannot unpack non-iterable NoneType object
  Warning: Could not parse coord for GBMNC58401-20: cannot unpack non-iterable NoneType object
  Warning: Could not parse coord for GBMNC58402-20: cannot unpack non-iterable NoneType object
  Warning: Could not parse coord for GBMNC58403-20: cannot unpack non-iterable NoneType object
  Warning: Could not parse coord for GBMNC58404-20: cannot unpack non-iterable NoneType object
  Warning: Could not parse coord for GBMNC58405-20: cannot unpack non-iterable NoneType object
  Warning: Could not parse coord for GBMNC58406-20: cannot unpack non-iterable NoneType object
  Warning: Could not parse coord for GBMNC58407-20: cannot unpack non-iterable NoneType object
  Warning: Could not parse coord for GBMNC58408-20: cannot unpack non-iterable NoneType object
  Warning: Could not parse coord for GBMNC58409-20: cannot unpack non-iterable NoneType object
  Warning: Could not parse coord for GBMNC58410-20: cannot unpack non-iterable NoneType object
  Warning: Could not parse coord for GBMNC58411-20: cannot unpack non-iterable NoneType object
  Warning: Could not parse coord for GBMNC58412-20: cannot unpack non-iterable NoneType object
  Warning: Could not parse coord for GBMNC58413-20: cannot unpack non-iterable NoneType object
  Warning: Could not parse coord for GBMNC58414-20: cannot unpack non-iterable NoneType object
  Warning: Could not parse coord for GBMNC58415-20: cannot unpack non-iterable NoneType object
  Warning: Could not parse coord for GBMNC58416-20: cannot unpack non-iterable NoneType object
  Warning: Could not parse coord for GBMNC58417-20: cannot unpack non-iterable NoneType object
  Warning: Could not parse coord for GBMNC58418-20: cannot unpack non-iterable NoneType object
  Warning: Could not parse coord for GBMNC58419-20: cannot unpack non-iterable NoneType object
  Warning: Could not parse coord for GBMNC58420-20: cannot unpack non-iterable NoneType object
  Warning: Could not parse coord for GBMNC58421-20: cannot unpack non-iterable NoneType object
  Warning: Could not parse coord for GBMNC58422-20: cannot unpack non-iterable NoneType object
  Warning: Could not parse coord for GBMNC58423-20: cannot unpack non-iterable NoneType object
  Warning: Could not parse coord for GBMNC58424-20: cannot unpack non-iterable NoneType object
  Warning: Could not parse coord for GBMNC58425-20: cannot unpack non-iterable NoneType object
  Warning: Could not parse coord for GBMNC58426-20: cannot unpack non-iterable NoneType object
  Warning: Could not parse coord for GBMNC58427-20: cannot unpack non-iterable NoneType object
  Warning: Could not parse coord for GBMNC58428-20: cannot unpack non-iterable NoneType object
  Warning: Could not parse coord for GBMNC58429-20: cannot unpack non-iterable NoneType object
  Warning: Could not parse coord for GBMNC58430-20: cannot unpack non-iterable NoneType object
  Warning: Could not parse coord for GBMNC58431-20: cannot unpack non-iterable NoneType object
  Warning: Could not parse coord for GBMNC58432-20: cannot unpack non-iterable NoneType object
  Warning: Could not parse coord for GBMNC58433-20: cannot unpack non-iterable NoneType object
  Warning: Could not parse coord for GBMNC58434-20: cannot unpack non-iterable NoneType object
  Warning: Could not parse coord for GBMNC58435-20: cannot unpack non-iterable NoneType object
  Warning: Could not parse coord for GBMNC58436-20: cannot unpack non-iterable NoneType object
  Warning: Could not parse coord for GBMNC58437-20: cannot unpack non-iterable NoneType object
  Warning: Could not parse coord for GBMNC58438-20: cannot unpack non-iterable NoneType object
  Warning: Could not parse coord for GBMNC58439-20: cannot unpack non-iterable NoneType object
  Warning: Could not parse coord for GBMNC58440-20: cannot unpack non-iterable NoneType object
  Warning: Could not parse coord for GBMNC58441-20: cannot unpack non-iterable NoneType object
  Warning: Could not parse coord for GBMNC58442-20: cannot unpack non-iterable NoneType object
  Warning: Could not parse coord for GBMNC58443-20: cannot unpack non-iterable NoneType object
  Warning: Could not parse coord for GBMNC58444-20: cannot unpack non-iterable NoneType object
  Warning: Could not parse coord for GBMNC58445-20: cannot unpack non-iterable NoneType object
  Warning: Could not parse coord for GBMNC58446-20: cannot unpack non-iterable NoneType object
  Warning: Could not parse coord for GBMNC58447-20: cannot unpack non-iterable NoneType object
  Warning: Could not parse coord for GBMNC58448-20: cannot unpack non-iterable NoneType object
  Warning: Could not parse coord for GBMNC58449-20: cannot unpack non-iterable NoneType object
  Warning: Could not parse coord for GBMNC58450-20: cannot unpack non-iterable NoneType object
  Warning: Could not parse coord for GBMNC58451-20: cannot unpack non-iterable NoneType object
  Warning: Could not parse coord for GBMNC58452-20: cannot unpack non-iterable NoneType object
  Warning: Could not parse coord for GBMNC58453-20: cannot unpack non-iterable NoneType object
  Warning: Could not parse coord for GBMNC58454-20: cannot unpack non-iterable NoneType object
  Warning: Could not parse coord for GBMNC58455-20: cannot unpack non-iterable NoneType object
  Warning: Could not parse coord for GBMNC58456-20: cannot unpack non-iterable NoneType object
  Warning: Could not parse coord for GBMNC58457-20: cannot unpack non-iterable NoneType object
  Warning: Could not parse coord for GBMNC58458-20: cannot unpack non-iterable NoneType object
  Warning: Could not parse coord for GBMNC58459-20: cannot unpack non-iterable NoneType object
  Warning: Could not parse coord for GBMNC58460-20: cannot unpack non-iterable NoneType object
  Warning: Could not parse coord for GBMNC58461-20: cannot unpack non-iterable NoneType object
  Warning: Could not parse coord for GBMNC58462-20: cannot unpack non-iterable NoneType object
  Warning: Could not parse coord for GBMNC58463-20: cannot unpack non-iterable NoneType object
  Warning: Could not parse coord for GBMNC58464-20: cannot unpack non-iterable NoneType object
  Warning: Could not parse coord for GBMNC58465-20: cannot unpack non-iterable NoneType object
  Warning: Could not parse coord for GBMNC58466-20: cannot unpack non-iterable NoneType object
  Warning: Could not parse coord for GBMNC58467-20: cannot unpack non-iterable NoneType object
  Warning: Could not parse coord for GBMNC58468-20: cannot unpack non-iterable NoneType object
  Warning: Could not parse coord for GBMNC58469-20: cannot unpack non-iterable NoneType object
  Warning: Could not parse coord for GBMNC58470-20: cannot unpack non-iterable NoneType object
  Warning: Could not parse coord for GBMNC58471-20: cannot unpack non-iterable NoneType object
  Warning: Could not parse coord for GBMNC58472-20: cannot unpack non-iterable NoneType object
  Warning: Could not parse coord for GBMNC58473-20: cannot unpack non-iterable NoneType object
  Warning: Could not parse coord for GBMNC58474-20: cannot unpack non-iterable NoneType object
  Warning: Could not parse coord for GBMNC58475-20: cannot unpack non-iterable NoneType object
  Warning: Could not parse coord for GBMNC58476-20: cannot unpack non-iterable NoneType object
  Warning: Could not parse coord for GBMNC58477-20: cannot unpack non-iterable NoneType object
  Warning: Could not parse coord for GBMNC58478-20: cannot unpack non-iterable NoneType object
  Warning: Could not parse coord for GBMNC58479-20: cannot unpack non-iterable NoneType object
  Warning: Could not parse coord for GBMNC58480-20: cannot unpack non-iterable NoneType object
  Warning: Could not parse coord for GBMNC58481-20: cannot unpack non-iterable NoneType object
  Warning: Could not parse coord for GBMNC58482-20: cannot unpack non-iterable NoneType object
  Warning: Could not parse coord for GBMNC58483-20: cannot unpack non-iterable NoneType object
  Warning: Could not parse coord for GBMNC58484-20: cannot unpack non-iterable NoneType object
  Warning: Could not parse coord for GBMNC58485-20: cannot unpack non-iterable NoneType object
  Warning: Could not parse coord for GBMNC58486-20: cannot unpack non-iterable NoneType object
  Warning: Could not parse coord for GBMNC58487-20: cannot unpack non-iterable NoneType object
  Warning: Could not parse coord for GBMNC58488-20: cannot unpack non-iterable NoneType object
  Warning: Could not parse coord for GBMNC58489-20: cannot unpack non-iterable NoneType object
  Warning: Could not parse coord for GBMNC58490-20: cannot unpack non-iterable NoneType object
  Warning: Could not parse coord for GBMNC58491-20: cannot unpack non-iterable NoneType object
  Warning: Could not parse coord for GBMNC58492-20: cannot unpack non-iterable NoneType object
  Warning: Could not parse coord for GBMNC58493-20: cannot unpack non-iterable NoneType object
  Warning: Could not parse coord for GBMNC58494-20: cannot unpack non-iterable NoneType object
  Warning: Could not parse coord for GBMNC58495-20: cannot unpack non-iterable NoneType object
  Warning: Could not parse coord for GBMNC58496-20: cannot unpack non-iterable NoneType object
  Warning: Could not parse coord for GBMNC58497-20: cannot unpack non-iterable NoneType object
  Warning: Could not parse coord for GBMNC58498-20: cannot unpack non-iterable NoneType object
  Warning: Could not parse coord for GBMNC58499-20: cannot unpack non-iterable NoneType object
  Warning: Could not parse coord for GBMNC58500-20: cannot unpack non-iterable NoneType object
  Warning: Could not parse coord for GBMNC58501-20: cannot unpack non-iterable NoneType object
  Warning: Could not parse coord for GBMNC58502-20: cannot unpack non-iterable NoneType object
  Warning: Could not parse coord for GBMNC58503-20: cannot unpack non-iterable NoneType object
  Warning: Could not parse coord for GBMNC58504-20: cannot unpack non-iterable NoneType object
  Warning: Could not parse coord for GBMNC58505-20: cannot unpack non-iterable NoneType object
  Warning: Could not parse coord for GBMNC58506-20: cannot unpack non-iterable NoneType object
  Warning: Could not parse coord for GBMNC58507-20: cannot unpack non-iterable NoneType object
  Warning: Could not parse coord for GBMNC58508-20: cannot unpack non-iterable NoneType object
  Warning: Could not parse coord for GBMNC58509-20: cannot unpack non-iterable NoneType object
  Warning: Could not parse coord for GBMNC58510-20: cannot unpack non-iterable NoneType object
  Warning: Could not parse coord for GBMNC58511-20: cannot unpack non-iterable NoneType object
  Warning: Could not parse coord for GBMNC58512-20: cannot unpack non-iterable NoneType object
  Warning: Could not parse coord for GBMNC58513-20: cannot unpack non-iterable NoneType object
  Warning: Could not parse coord for GBMNC58514-20: cannot unpack non-iterable NoneType object
  Warning: Could not parse coord for GBMNC58515-20: cannot unpack non-iterable NoneType object
  Warning: Could not parse coord for GBMNC58516-20: cannot unpack non-iterable NoneType object
  Warning: Could not parse coord for GBMNC58517-20: cannot unpack non-iterable NoneType object
  Warning: Could not parse coord for GBMNC58518-20: cannot unpack non-iterable NoneType object
  Warning: Could not parse coord for GBMNC58519-20: cannot unpack non-iterable NoneType object
  Warning: Could not parse coord for GBMNC58520-20: cannot unpack non-iterable NoneType object
  Warning: Could not parse coord for GBMNC58521-20: cannot unpack non-iterable NoneType object
  Warning: Could not parse coord for GBMNC58522-20: cannot unpack non-iterable NoneType object
  Warning: Could not parse coord for GBMNC58523-20: cannot unpack non-iterable NoneType object
  Warning: Could not parse coord for GBMNC58524-20: cannot unpack non-iterable NoneType object
  Warning: Could not parse coord for GBMNC58525-20: cannot unpack non-iterable NoneType object
  Warning: Could not parse coord for GBMNC58526-20: cannot unpack non-iterable NoneType object
  Warning: Could not parse coord for GBMNC58527-20: cannot unpack non-iterable NoneType object
  Warning: Could not parse coord for GBMNC58528-20: cannot unpack non-iterable NoneType object
  Warning: Could not parse coord for GBMNC58600-20: cannot unpack non-iterable NoneType object
  Warning: Could not parse coord for GBMNC58601-20: cannot unpack non-iterable NoneType object
  Warning: Could not parse coord for GBMNC58602-20: cannot unpack non-iterable NoneType object
  Warning: Could not parse coord for GBMNC58603-20: cannot unpack non-iterable NoneType object
  Warning: Could not parse coord for GBMNC58604-20: cannot unpack non-iterable NoneType object
  Warning: Could not parse coord for GBMNC58605-20: cannot unpack non-iterable NoneType object
  Warning: Could not parse coord for GBMNC58606-20: cannot unpack non-iterable NoneType object
  Warning: Could not parse coord for GBMNC58607-20: cannot unpack non-iterable NoneType object
  Warning: Could not parse coord for GBMNC58608-20: cannot unpack non-iterable NoneType object
  Warning: Could not parse coord for GBMNC58609-20: cannot unpack non-iterable NoneType object
  Warning: Could not parse coord for GBMNC58610-20: cannot unpack non-iterable NoneType object
  Warning: Could not parse coord for GBMNC58611-20: cannot unpack non-iterable NoneType object
  Warning: Could not parse coord for GBMNC58612-20: cannot unpack non-iterable NoneType object
  Warning: Could not parse coord for GBMNC58613-20: cannot unpack non-iterable NoneType object
  Warning: Could not parse coord for GBMNC58614-20: cannot unpack non-iterable NoneType object
  Warning: Could not parse coord for GBMNC58615-20: cannot unpack non-iterable NoneType object
  Warning: Could not parse coord for GBMNC58616-20: cannot unpack non-iterable NoneType object
  Warning: Could not parse coord for GBMNC58617-20: cannot unpack non-iterable NoneType object
  Warning: Could not parse coord for GBMNC58618-20: cannot unpack non-iterable NoneType object
  Warning: Could not parse coord for GBMNC58619-20: cannot unpack non-iterable NoneType object
  Warning: Could not parse coord for GBMNC58620-20: cannot unpack non-iterable NoneType object
  Warning: Could not parse coord for GBMNC58621-20: cannot unpack non-iterable NoneType object
  Warning: Could not parse coord for GBMNC58622-20: cannot unpack non-iterable NoneType object
  Warning: Could not parse coord for GBMNC58623-20: cannot unpack non-iterable NoneType object
  Warning: Could not parse coord for GBMNC58624-20: cannot unpack non-iterable NoneType object
  Warning: Could not parse coord for GBMNC58625-20: cannot unpack non-iterable NoneType object
  Warning: Could not parse coord for GBMNC58626-20: cannot unpack non-iterable NoneType object
  Warning: Could not parse coord for GBMNC58627-20: cannot unpack non-iterable NoneType object
  Warning: Could not parse coord for GBMNC58628-20: cannot unpack non-iterable NoneType object
  Warning: Could not parse coord for GBMNC58629-20: cannot unpack non-iterable NoneType object
  Warning: Could not parse coord for GBMNC58630-20: cannot unpack non-iterable NoneType object
  Warning: Could not parse coord for GBMNC58631-20: cannot unpack non-iterable NoneType object
  Warning: Could not parse coord for GBMNC58632-20: cannot unpack non-iterable NoneType object
  Warning: Could not parse coord for GBMNC58633-20: cannot unpack non-iterable NoneType object
  Warning: Could not parse coord for GBMNC58634-20: cannot unpack non-iterable NoneType object
  Warning: Could not parse coord for GBMNC58635-20: cannot unpack non-iterable NoneType object
  Warning: Could not parse coord for GBMNC58636-20: cannot unpack non-iterable NoneType object
  Warning: Could not parse coord for GBMNC58637-20: cannot unpack non-iterable NoneType object
  Warning: Could not parse coord for GBMNC58736-20: cannot unpack non-iterable NoneType object
  Warning: Could not parse coord for GBMNC58737-20: cannot unpack non-iterable NoneType object
  Warning: Could not parse coord for GBMNC58738-20: cannot unpack non-iterable NoneType object
  Warning: Could not parse coord for GBMNC58739-20: cannot unpack non-iterable NoneType object
  Warning: Could not parse coord for GBMNC58740-20: cannot unpack non-iterable NoneType object
  Warning: Could not parse coord for GBMNC58741-20: cannot unpack non-iterable NoneType object
  Warning: Could not parse coord for GBMNC58742-20: cannot unpack non-iterable NoneType object
  Warning: Could not parse coord for GBMNC58743-20: cannot unpack non-iterable NoneType object
  Warning: Could not parse coord for GBMNC58744-20: cannot unpack non-iterable NoneType object
  Warning: Could not parse coord for GBMNC59348-20: cannot unpack non-iterable NoneType object
  Warning: Could not parse coord for GBMNC59353-20: cannot unpack non-iterable NoneType object
  Warning: Could not parse coord for GBMNC59369-20: cannot unpack non-iterable NoneType object
  Warning: Could not parse coord for GBMNC59496-20: cannot unpack non-iterable NoneType object
  Warning: Could not parse coord for GBMNC60043-20: cannot unpack non-iterable NoneType object
  Warning: Could not parse coord for GBMND3414-21: cannot unpack non-iterable NoneType object
  Warning: Could not parse coord for GBMND3415-21: cannot unpack non-iterable NoneType object
  Warning: Could not parse coord for GBMND3416-21: cannot unpack non-iterable NoneType object
  Warning: Could not parse coord for GBMND3417-21: cannot unpack non-iterable NoneType object
  Warning: Could not parse coord for GBMND3418-21: cannot unpack non-iterable NoneType object
  Warning: Could not parse coord for GBMND3419-21: cannot unpack non-iterable NoneType object
  Warning: Could not parse coord for GBMND3420-21: cannot unpack non-iterable NoneType object
  Warning: Could not parse coord for GBMND3421-21: cannot unpack non-iterable NoneType object
  Warning: Could not parse coord for GBMND3422-21: cannot unpack non-iterable NoneType object
  Warning: Could not parse coord for GBMND3423-21: cannot unpack non-iterable NoneType object
  Warning: Could not parse coord for GBMND3424-21: cannot unpack non-iterable NoneType object
  Warning: Could not parse coord for GBMND3425-21: cannot unpack non-iterable NoneType object
  Warning: Could not parse coord for GBMND3426-21: cannot unpack non-iterable NoneType object
  Warning: Could not parse coord for GBMND3427-21: cannot unpack non-iterable NoneType object
  Warning: Could not parse coord for GBMND3428-21: cannot unpack non-iterable NoneType object
  Warning: Could not parse coord for GBMND3429-21: cannot unpack non-iterable NoneType object
  Warning: Could not parse coord for GBMND3430-21: cannot unpack non-iterable NoneType object
  Warning: Could not parse coord for GBMND3431-21: cannot unpack non-iterable NoneType object
  Warning: Could not parse coord for GBMND3432-21: cannot unpack non-iterable NoneType object
  Warning: Could not parse coord for GBMND3433-21: cannot unpack non-iterable NoneType object
  Warning: Could not parse coord for GBMND3434-21: cannot unpack non-iterable NoneType object
  Warning: Could not parse coord for GBMND3435-21: cannot unpack non-iterable NoneType object
  Warning: Could not parse coord for GBMND3436-21: cannot unpack non-iterable NoneType object
  Warning: Could not parse coord for GBMND3437-21: cannot unpack non-iterable NoneType object
  Warning: Could not parse coord for GBMND3438-21: cannot unpack non-iterable NoneType object
  Warning: Could not parse coord for GBMND3439-21: cannot unpack non-iterable NoneType object
  Warning: Could not parse coord for GBMND3440-21: cannot unpack non-iterable NoneType object
  Warning: Could not parse coord for GBMND3441-21: cannot unpack non-iterable NoneType object
  Warning: Could not parse coord for GBMND3442-21: cannot unpack non-iterable NoneType object
  Warning: Could not parse coord for GBMND3443-21: cannot unpack non-iterable NoneType object
  Warning: Could not parse coord for GBMND3444-21: cannot unpack non-iterable NoneType object
  Warning: Could not parse coord for GBMND3445-21: cannot unpack non-iterable NoneType object
  Warning: Could not parse coord for GBMND3446-21: cannot unpack non-iterable NoneType object
  Warning: Could not parse coord for GBMND3447-21: cannot unpack non-iterable NoneType object
  Warning: Could not parse coord for GBMND3448-21: cannot unpack non-iterable NoneType object
  Warning: Could not parse coord for GBMND3449-21: cannot unpack non-iterable NoneType object
  Warning: Could not parse coord for GBMND3450-21: cannot unpack non-iterable NoneType object
  Warning: Could not parse coord for GBMND3451-21: cannot unpack non-iterable NoneType object
  Warning: Could not parse coord for GBMND3452-21: cannot unpack non-iterable NoneType object
  Warning: Could not parse coord for GBMND3453-21: cannot unpack non-iterable NoneType object
  Warning: Could not parse coord for GBMND3454-21: cannot unpack non-iterable NoneType object
  Warning: Could not parse coord for GBMND3455-21: cannot unpack non-iterable NoneType object
  Warning: Could not parse coord for GBMND3456-21: cannot unpack non-iterable NoneType object
  Warning: Could not parse coord for GBMND3457-21: cannot unpack non-iterable NoneType object
  Warning: Could not parse coord for GBMND3458-21: cannot unpack non-iterable NoneType object
  Warning: Could not parse coord for GBMND3459-21: cannot unpack non-iterable NoneType object
  Warning: Could not parse coord for GBMND3460-21: cannot unpack non-iterable NoneType object
  Warning: Could not parse coord for GBMND3461-21: cannot unpack non-iterable NoneType object
  Warning: Could not parse coord for GBMND3462-21: cannot unpack non-iterable NoneType object
  Warning: Could not parse coord for GBMND3463-21: cannot unpack non-iterable NoneType object
  Warning: Could not parse coord for GBMND3464-21: cannot unpack non-iterable NoneType object
  Warning: Could not parse coord for GBMND3465-21: cannot unpack non-iterable NoneType object
  Warning: Could not parse coord for GBMND3466-21: cannot unpack non-iterable NoneType object
  Warning: Could not parse coord for GBMND3467-21: cannot unpack non-iterable NoneType object
  Warning: Could not parse coord for GBMND3468-21: cannot unpack non-iterable NoneType object
  Warning: Could not parse coord for GBMND3469-21: cannot unpack non-iterable NoneType object
  Warning: Could not parse coord for GBMND3470-21: cannot unpack non-iterable NoneType object
  Warning: Could not parse coord for GBMND3471-21: cannot unpack non-iterable NoneType object
  Warning: Could not parse coord for GBMND3472-21: cannot unpack non-iterable NoneType object
  Warning: Could not parse coord for GBMND3473-21: cannot unpack non-iterable NoneType object
  Warning: Could not parse coord for GBMND3474-21: cannot unpack non-iterable NoneType object
  Warning: Could not parse coord for GBMND3475-21: cannot unpack non-iterable NoneType object
  Warning: Could not parse coord for GBMND3476-21: cannot unpack non-iterable NoneType object
  Warning: Could not parse coord for GBMND3477-21: cannot unpack non-iterable NoneType object
  Warning: Could not parse coord for GBMND3478-21: cannot unpack non-iterable NoneType object
  Warning: Could not parse coord for GBMND3479-21: cannot unpack non-iterable NoneType object
  Warning: Could not parse coord for GBMND3480-21: cannot unpack non-iterable NoneType object
  Warning: Could not parse coord for GBMND3481-21: cannot unpack non-iterable NoneType object
  Warning: Could not parse coord for GBMND3482-21: cannot unpack non-iterable NoneType object
  Warning: Could not parse coord for GBMND3483-21: cannot unpack non-iterable NoneType object
  Warning: Could not parse coord for GBMND3484-21: cannot unpack non-iterable NoneType object
  Warning: Could not parse coord for GBMND3485-21: cannot unpack non-iterable NoneType object
  Warning: Could not parse coord for GBMND3486-21: cannot unpack non-iterable NoneType object
  Warning: Could not parse coord for GBMND3487-21: cannot unpack non-iterable NoneType object
  Warning: Could not parse coord for GBMND3488-21: cannot unpack non-iterable NoneType object
  Warning: Could not parse coord for GBMND3489-21: cannot unpack non-iterable NoneType object
  Warning: Could not parse coord for GBMND3490-21: cannot unpack non-iterable NoneType object
  Warning: Could not parse coord for GBMND3491-21: cannot unpack non-iterable NoneType object
  Warning: Could not parse coord for GBMND3492-21: cannot unpack non-iterable NoneType object
  Warning: Could not parse coord for GBMND3493-21: cannot unpack non-iterable NoneType object
  Warning: Could not parse coord for GBMND3494-21: cannot unpack non-iterable NoneType object
  Warning: Could not parse coord for GBMND3495-21: cannot unpack non-iterable NoneType object
  Warning: Could not parse coord for GBMND3496-21: cannot unpack non-iterable NoneType object
  Warning: Could not parse coord for GBMND3497-21: cannot unpack non-iterable NoneType object
  Warning: Could not parse coord for GBMND3498-21: cannot unpack non-iterable NoneType object
  Warning: Could not parse coord for GBMND3499-21: cannot unpack non-iterable NoneType object
  Warning: Could not parse coord for GBMND3500-21: cannot unpack non-iterable NoneType object
  Warning: Could not parse coord for GBMND3501-21: cannot unpack non-iterable NoneType object
  Warning: Could not parse coord for GBMND3502-21: cannot unpack non-iterable NoneType object
  Warning: Could not parse coord for GBMND3503-21: cannot unpack non-iterable NoneType object
  Warning: Could not parse coord for GBMND72928-21: cannot unpack non-iterable NoneType object
  Warning: Could not parse coord for GBMND72929-21: cannot unpack non-iterable NoneType object
  Warning: Could not parse coord for GBMND72930-21: cannot unpack non-iterable NoneType object
  Warning: Could not parse coord for GBMND72931-21: cannot unpack non-iterable NoneType object
  Warning: Could not parse coord for GBMND72932-21: cannot unpack non-iterable NoneType object
  Warning: Could not parse coord for GBMND72933-21: cannot unpack non-iterable NoneType object
  Warning: Could not parse coord for GBMND72934-21: cannot unpack non-iterable NoneType object
  Warning: Could not parse coord for GBMND72935-21: cannot unpack non-iterable NoneType object
  Warning: Could not parse coord for GBMND72936-21: cannot unpack non-iterable NoneType object
  Warning: Could not parse coord for GBMND72937-21: cannot unpack non-iterable NoneType object
  Warning: Could not parse coord for GBMND72938-21: cannot unpack non-iterable NoneType object
  Warning: Could not parse coord for GBMNE35451-21: cannot unpack non-iterable NoneType object
  Warning: Could not parse coord for GBMNF42695-22: cannot unpack non-iterable NoneType object
  Warning: Could not parse coord for GBMNF42696-22: cannot unpack non-iterable NoneType object
  Warning: Could not parse coord for GBMNF42697-22: cannot unpack non-iterable NoneType object
  Warning: Could not parse coord for GBMNF42698-22: cannot unpack non-iterable NoneType object
  Warning: Could not parse coord for GBMNF42699-22: cannot unpack non-iterable NoneType object
  Warning: Could not parse coord for GBMNF42700-22: cannot unpack non-iterable NoneType object
  Warning: Could not parse coord for GBMNF42701-22: cannot unpack non-iterable NoneType object
  Warning: Could not parse coord for GBMTG2882-16: cannot unpack non-iterable NoneType object
  Warning: Could not parse coord for GBMTG3852-16: cannot unpack non-iterable NoneType object
  Warning: Could not parse coord for GBMTG3854-16: cannot unpack non-iterable NoneType object
  Warning: Could not parse coord for GBMTG3855-16: cannot unpack non-iterable NoneType object
  Warning: Could not parse coord for GBMTG3857-16: cannot unpack non-iterable NoneType object
  Warning: Could not parse coord for GBMTG3859-16: cannot unpack non-iterable NoneType object
  Warning: Could not parse coord for GBMTG4731-16: cannot unpack non-iterable NoneType object
  Warning: Could not parse coord for GBMTG4853-16: cannot unpack non-iterable NoneType object
  Warning: Could not parse coord for GBMTG4854-16: cannot unpack non-iterable NoneType object
  Warning: Could not parse coord for GBMTG4856-16: cannot unpack non-iterable NoneType object
  Warning: Could not parse coord for GBMTG4857-16: cannot unpack non-iterable NoneType object
  Warning: Could not parse coord for GMSHK068-11: cannot unpack non-iterable NoneType object
  Warning: Could not parse coord for GMSHK069-11: cannot unpack non-iterable NoneType object
  Warning: Could not parse coord for GMSHK070-11: cannot unpack non-iterable NoneType object
  Warning: Could not parse coord for GMSHK080-11: cannot unpack non-iterable NoneType object
  Warning: Could not parse coord for GMSHK081-11: cannot unpack non-iterable NoneType object
  Warning: Could not parse coord for GMSHK087-12: cannot unpack non-iterable NoneType object
  Warning: Could not parse coord for GMSHK088-12: cannot unpack non-iterable NoneType object
  Warning: Could not parse coord for GMSHK089-12: cannot unpack non-iterable NoneType object
  Warning: Could not parse coord for GMSHK090-12: cannot unpack non-iterable NoneType object
  Warning: Could not parse coord for GMSHK091-12: cannot unpack non-iterable NoneType object
  Warning: Could not parse coord for IRREK006-08: cannot unpack non-iterable NoneType object
  Warning: Could not parse coord for IRREK007-08: cannot unpack non-iterable NoneType object
  Warning: Could not parse coord for IRREK018-08: cannot unpack non-iterable NoneType object
  Warning: Could not parse coord for IRREK026-08: cannot unpack non-iterable NoneType object
  Warning: Could not parse coord for IRREK027-08: cannot unpack non-iterable NoneType object
  Warning: Could not parse coord for IRREK028-08: cannot unpack non-iterable NoneType object
  Warning: Could not parse coord for IRREK030-08: cannot unpack non-iterable NoneType object
  Warning: Could not parse coord for IRREK032-08: cannot unpack non-iterable NoneType object
  Warning: Could not parse coord for IRREK058-08: cannot unpack non-iterable NoneType object
  Warning: Could not parse coord for IRREK059-08: cannot unpack non-iterable NoneType object
  Warning: Could not parse coord for IRREK060-08: cannot unpack non-iterable NoneType object
  Warning: Could not parse coord for IRREK093-08: cannot unpack non-iterable NoneType object
  Warning: Could not parse coord for IRREK099-08: cannot unpack non-iterable NoneType object
  Warning: Could not parse coord for IRREK160-08: cannot unpack non-iterable NoneType object
  Warning: Could not parse coord for IRREK172-08: cannot unpack non-iterable NoneType object
  Warning: Could not parse coord for IRREK212-08: cannot unpack non-iterable NoneType object
  Warning: Could not parse coord for IRREK347-08: cannot unpack non-iterable NoneType object
  Warning: Could not parse coord for IRREK419-08: cannot unpack non-iterable NoneType object
  Warning: Could not parse coord for IRREK421-08: cannot unpack non-iterable NoneType object
  Warning: Could not parse coord for IRREK422-08: cannot unpack non-iterable NoneType object
  Warning: Could not parse coord for IRREK654-08: cannot unpack non-iterable NoneType object
  Warning: Could not parse coord for IRREK655-08: cannot unpack non-iterable NoneType object
  Warning: Could not parse coord for IRREK661-08: cannot unpack non-iterable NoneType object
  Warning: Could not parse coord for IRREK683-08: cannot unpack non-iterable NoneType object
  Warning: Could not parse coord for IRREK684-08: cannot unpack non-iterable NoneType object
  Warning: Could not parse coord for IRREK703-08: cannot unpack non-iterable NoneType object
  Warning: Could not parse coord for IRREK705-08: cannot unpack non-iterable NoneType object
  Warning: Could not parse coord for IRREK706-08: cannot unpack non-iterable NoneType object
  Warning: Could not parse coord for IRREK708-08: cannot unpack non-iterable NoneType object
  Warning: Could not parse coord for IRREK723-08: cannot unpack non-iterable NoneType object
  Warning: Could not parse coord for IRREK724-08: cannot unpack non-iterable NoneType object
  Warning: Could not parse coord for IRREK728-08: cannot unpack non-iterable NoneType object
  Warning: Could not parse coord for IRREK730-08: cannot unpack non-iterable NoneType object
  Warning: Could not parse coord for IRREK745-08: cannot unpack non-iterable NoneType object
  Warning: Could not parse coord for IRREK775-08: cannot unpack non-iterable NoneType object
  Warning: Could not parse coord for IRREK776-08: cannot unpack non-iterable NoneType object
  Warning: Could not parse coord for IRREK792-08: cannot unpack non-iterable NoneType object
  Warning: Could not parse coord for IRREK832-08: cannot unpack non-iterable NoneType object
  Warning: Could not parse coord for IRREK833-08: cannot unpack non-iterable NoneType object
  Warning: Could not parse coord for IRREK836-08: cannot unpack non-iterable NoneType object
  Warning: Could not parse coord for IRREK837-08: cannot unpack non-iterable NoneType object
  Warning: Could not parse coord for IRREK840-08: cannot unpack non-iterable NoneType object
  Warning: Could not parse coord for IRREK853-08: cannot unpack non-iterable NoneType object
  Warning: Could not parse coord for IRREK857-08: cannot unpack non-iterable NoneType object
  Warning: Could not parse coord for IRREK877-08: cannot unpack non-iterable NoneType object
  Warning: Could not parse coord for IRREK878-08: cannot unpack non-iterable NoneType object
  Warning: Could not parse coord for IRREK879-08: cannot unpack non-iterable NoneType object
  Warning: Could not parse coord for IRREK880-08: cannot unpack non-iterable NoneType object
  Warning: Could not parse coord for IRREK881-08: cannot unpack non-iterable NoneType object
  Warning: Could not parse coord for IRREK914-08: cannot unpack non-iterable NoneType object
  Warning: Could not parse coord for IRREK915-08: cannot unpack non-iterable NoneType object
  Warning: Could not parse coord for IRREK916-08: cannot unpack non-iterable NoneType object
  Warning: Could not parse coord for IRREK917-08: cannot unpack non-iterable NoneType object
  Warning: Could not parse coord for IRREK918-08: cannot unpack non-iterable NoneType object
  Warning: Could not parse coord for IRREK919-08: cannot unpack non-iterable NoneType object
  Warning: Could not parse coord for IRREK920-08: cannot unpack non-iterable NoneType object
  Warning: Could not parse coord for IRREK921-08: cannot unpack non-iterable NoneType object
  Warning: Could not parse coord for IRREK929-08: cannot unpack non-iterable NoneType object
  Warning: Could not parse coord for IRREK931-08: cannot unpack non-iterable NoneType object
  Warning: Could not parse coord for IRREK936-08: cannot unpack non-iterable NoneType object
  Warning: Could not parse coord for IRREK937-08: cannot unpack non-iterable NoneType object
  Warning: Could not parse coord for KAM061-08: cannot unpack non-iterable NoneType object
  Warning: Could not parse coord for KAM085-08: cannot unpack non-iterable NoneType object
  Warning: Could not parse coord for KERRI001-08: cannot unpack non-iterable NoneType object
  Warning: Could not parse coord for KERRI005-08: cannot unpack non-iterable NoneType object
  Warning: Could not parse coord for KERRI007-08: cannot unpack non-iterable NoneType object
  Warning: Could not parse coord for KERRI009-08: cannot unpack non-iterable NoneType object
  Warning: Could not parse coord for KERRI012-08: cannot unpack non-iterable NoneType object
  Warning: Could not parse coord for KERRI013-08: cannot unpack non-iterable NoneType object
  Warning: Could not parse coord for KERRI015-08: cannot unpack non-iterable NoneType object
  Warning: Could not parse coord for KERRI016-08: cannot unpack non-iterable NoneType object
  Warning: Could not parse coord for KERRI017-08: cannot unpack non-iterable NoneType object
  Warning: Could not parse coord for KERRI018-08: cannot unpack non-iterable NoneType object
  Warning: Could not parse coord for KERRI019-08: cannot unpack non-iterable NoneType object
  Warning: Could not parse coord for KERRI020-08: cannot unpack non-iterable NoneType object
  Warning: Could not parse coord for KERRI022-08: cannot unpack non-iterable NoneType object
  Warning: Could not parse coord for KERRI023-08: cannot unpack non-iterable NoneType object
  Warning: Could not parse coord for KERRI026-08: cannot unpack non-iterable NoneType object
  Warning: Could not parse coord for KERRI027-08: cannot unpack non-iterable NoneType object
  Warning: Could not parse coord for KERRI032-08: cannot unpack non-iterable NoneType object
  Warning: Could not parse coord for KERRI035-08: cannot unpack non-iterable NoneType object
  Warning: Could not parse coord for KERRI037-08: cannot unpack non-iterable NoneType object
  Warning: Could not parse coord for KERRI038-08: cannot unpack non-iterable NoneType object
  Warning: Could not parse coord for KERRI043-08: cannot unpack non-iterable NoneType object
  Warning: Could not parse coord for KERRI045-08: cannot unpack non-iterable NoneType object
  Warning: Could not parse coord for KERRI047-08: cannot unpack non-iterable NoneType object
  Warning: Could not parse coord for KERRI052-08: cannot unpack non-iterable NoneType object
  Warning: Could not parse coord for KERRI057-08: cannot unpack non-iterable NoneType object
  Warning: Could not parse coord for KERRI059-08: cannot unpack non-iterable NoneType object
  Warning: Could not parse coord for KERRI061-08: cannot unpack non-iterable NoneType object
  Warning: Could not parse coord for KERRI067-08: cannot unpack non-iterable NoneType object
  Warning: Could not parse coord for KERRI070-08: cannot unpack non-iterable NoneType object
  Warning: Could not parse coord for KERRI073-08: cannot unpack non-iterable NoneType object
  Warning: Could not parse coord for KERRI076-08: cannot unpack non-iterable NoneType object
  Warning: Could not parse coord for KERRI077-08: cannot unpack non-iterable NoneType object
  Warning: Could not parse coord for KERRI078-08: cannot unpack non-iterable NoneType object
  Warning: Could not parse coord for KERRI080-08: cannot unpack non-iterable NoneType object
  Warning: Could not parse coord for KERRI084-08: cannot unpack non-iterable NoneType object
  Warning: Could not parse coord for KERRI086-08: cannot unpack non-iterable NoneType object
  Warning: Could not parse coord for KERRI087-08: cannot unpack non-iterable NoneType object
  Warning: Could not parse coord for KERRI089-08: cannot unpack non-iterable NoneType object
  Warning: Could not parse coord for KERRI093-08: cannot unpack non-iterable NoneType object
  Warning: Could not parse coord for KERRI094-08: cannot unpack non-iterable NoneType object
  Warning: Could not parse coord for KERRI208-08: cannot unpack non-iterable NoneType object
  Warning: Could not parse coord for KERRI209-08: cannot unpack non-iterable NoneType object
  Warning: Could not parse coord for KERRI210-08: cannot unpack non-iterable NoneType object
  Warning: Could not parse coord for KERRI216-08: cannot unpack non-iterable NoneType object
  Warning: Could not parse coord for KERRI218-08: cannot unpack non-iterable NoneType object
  Warning: Could not parse coord for KERRI219-08: cannot unpack non-iterable NoneType object
  Warning: Could not parse coord for KERRI221-08: cannot unpack non-iterable NoneType object
  Warning: Could not parse coord for KERRI224-08: cannot unpack non-iterable NoneType object
  Warning: Could not parse coord for KERRI225-08: cannot unpack non-iterable NoneType object
  Warning: Could not parse coord for KERRI232-08: cannot unpack non-iterable NoneType object
  Warning: Could not parse coord for KERRI234-08: cannot unpack non-iterable NoneType object
  Warning: Could not parse coord for KERRI236-08: cannot unpack non-iterable NoneType object
  Warning: Could not parse coord for KERRI247-08: cannot unpack non-iterable NoneType object
  Warning: Could not parse coord for KERRI253-08: cannot unpack non-iterable NoneType object
  Warning: Could not parse coord for KERRI254-08: cannot unpack non-iterable NoneType object
  Warning: Could not parse coord for KERRI255-08: cannot unpack non-iterable NoneType object
  Warning: Could not parse coord for KERRI256-08: cannot unpack non-iterable NoneType object
  Warning: Could not parse coord for KERRI259-08: cannot unpack non-iterable NoneType object
  Warning: Could not parse coord for KERRI264-08: cannot unpack non-iterable NoneType object
  Warning: Could not parse coord for KERRI368-08: cannot unpack non-iterable NoneType object
  Warning: Could not parse coord for KERRI369-08: cannot unpack non-iterable NoneType object
  Warning: Could not parse coord for KERRI371-08: cannot unpack non-iterable NoneType object
  Warning: Could not parse coord for KERRI375-08: cannot unpack non-iterable NoneType object
  Warning: Could not parse coord for KERRI377-08: cannot unpack non-iterable NoneType object
  Warning: Could not parse coord for KERRI408-08: cannot unpack non-iterable NoneType object
  Warning: Could not parse coord for KERRI412-08: cannot unpack non-iterable NoneType object
  Warning: Could not parse coord for KERRI418-08: cannot unpack non-iterable NoneType object
  Warning: Could not parse coord for KERRI419-08: cannot unpack non-iterable NoneType object
  Warning: Could not parse coord for KERRI420-08: cannot unpack non-iterable NoneType object
  Warning: Could not parse coord for KERRI446-08: cannot unpack non-iterable NoneType object
  Warning: Could not parse coord for KERRI615-08: cannot unpack non-iterable NoneType object
  Warning: Could not parse coord for KERRI616-08: cannot unpack non-iterable NoneType object
  Warning: Could not parse coord for KERRI617-08: cannot unpack non-iterable NoneType object
  Warning: Could not parse coord for KERRI618-08: cannot unpack non-iterable NoneType object
  Warning: Could not parse coord for KERRI619-08: cannot unpack non-iterable NoneType object
  Warning: Could not parse coord for KERRI620-08: cannot unpack non-iterable NoneType object
  Warning: Could not parse coord for KERRI622-08: cannot unpack non-iterable NoneType object
  Warning: Could not parse coord for KERRI623-08: cannot unpack non-iterable NoneType object
  Warning: Could not parse coord for KERRI629-08: cannot unpack non-iterable NoneType object
  Warning: Could not parse coord for KERRI631-08: cannot unpack non-iterable NoneType object
  Warning: Could not parse coord for KERRI635-08: cannot unpack non-iterable NoneType object
  Warning: Could not parse coord for KERRI636-08: cannot unpack non-iterable NoneType object
  Warning: Could not parse coord for KERRI637-08: cannot unpack non-iterable NoneType object
  Warning: Could not parse coord for KERRI647-08: cannot unpack non-iterable NoneType object
  Warning: Could not parse coord for KERRI657-08: cannot unpack non-iterable NoneType object
  Warning: Could not parse coord for KERRI658-08: cannot unpack non-iterable NoneType object
  Warning: Could not parse coord for KERRI659-08: cannot unpack non-iterable NoneType object
  Warning: Could not parse coord for KERRI708-08: cannot unpack non-iterable NoneType object
  Warning: Could not parse coord for KERRI724-08: cannot unpack non-iterable NoneType object
  Warning: Could not parse coord for KERRI727-08: cannot unpack non-iterable NoneType object
  Warning: Could not parse coord for KERRI752-08: cannot unpack non-iterable NoneType object
  Warning: Could not parse coord for KERRI757-08: cannot unpack non-iterable NoneType object
  Warning: Could not parse coord for KERRI766-08: cannot unpack non-iterable NoneType object
  Warning: Could not parse coord for KERRI903-08: cannot unpack non-iterable NoneType object
  Warning: Could not parse coord for KERRI919-08: cannot unpack non-iterable NoneType object
  Warning: Could not parse coord for KERRI926-08: cannot unpack non-iterable NoneType object
  Warning: Could not parse coord for KERRI927-08: cannot unpack non-iterable NoneType object
  Warning: Could not parse coord for KERRI936-08: cannot unpack non-iterable NoneType object
  Warning: Could not parse coord for KERRI937-08: cannot unpack non-iterable NoneType object
  Warning: Could not parse coord for KERRI938-08: cannot unpack non-iterable NoneType object
  Warning: Could not parse coord for KERRI949-08: cannot unpack non-iterable NoneType object
  Warning: Could not parse coord for KERRI950-08: cannot unpack non-iterable NoneType object
  Warning: Could not parse coord for LTSM034-12: cannot unpack non-iterable NoneType object
  Warning: Could not parse coord for MFSP1924-11: cannot unpack non-iterable NoneType object
  Warning: Could not parse coord for MFSP1925-11: cannot unpack non-iterable NoneType object
  Warning: Could not parse coord for MFSP1926-11: cannot unpack non-iterable NoneType object
  Warning: Could not parse coord for MFSP1927-11: cannot unpack non-iterable NoneType object
  Warning: Could not parse coord for MFSP1928-11: cannot unpack non-iterable NoneType object
  Warning: Could not parse coord for NOSMF005-08: cannot unpack non-iterable NoneType object
  Warning: Could not parse coord for NOSMF007-08: cannot unpack non-iterable NoneType object
  Warning: Could not parse coord for NOSMF008-08: cannot unpack non-iterable NoneType object
  Warning: Could not parse coord for NOSMF017-08: cannot unpack non-iterable NoneType object
  Warning: Could not parse coord for NOSMF036-08: cannot unpack non-iterable NoneType object
  Warning: Could not parse coord for NOSMF038-08: cannot unpack non-iterable NoneType object
  Warning: Could not parse coord for NOSMF039-08: cannot unpack non-iterable NoneType object
  Warning: Could not parse coord for NOSMF040-08: cannot unpack non-iterable NoneType object
  Warning: Could not parse coord for NOSMF041-08: cannot unpack non-iterable NoneType object
  Warning: Could not parse coord for NOSMF043-08: cannot unpack non-iterable NoneType object
  Warning: Could not parse coord for NOSMF044-08: cannot unpack non-iterable NoneType object
  Warning: Could not parse coord for PHANT003-08: cannot unpack non-iterable NoneType object
  Warning: Could not parse coord for PHANT004-08: cannot unpack non-iterable NoneType object
  Warning: Could not parse coord for PHANT009-08: cannot unpack non-iterable NoneType object
  Warning: Could not parse coord for PHANT012-08: cannot unpack non-iterable NoneType object
  Warning: Could not parse coord for PHANT013-08: cannot unpack non-iterable NoneType object
  Warning: Could not parse coord for PHANT018-08: cannot unpack non-iterable NoneType object
  Warning: Could not parse coord for PHANT020-08: cannot unpack non-iterable NoneType object
  Warning: Could not parse coord for PHANT028-08: cannot unpack non-iterable NoneType object
  Warning: Could not parse coord for PHANT029-08: cannot unpack non-iterable NoneType object
  Warning: Could not parse coord for PHANT033-08: cannot unpack non-iterable NoneType object
  Warning: Could not parse coord for PHANT035-08: cannot unpack non-iterable NoneType object
  Warning: Could not parse coord for PHANT036-08: cannot unpack non-iterable NoneType object
  Warning: Could not parse coord for PHANT037-08: cannot unpack non-iterable NoneType object
  Warning: Could not parse coord for PHANT039-08: cannot unpack non-iterable NoneType object
  Warning: Could not parse coord for PHANT040-08: cannot unpack non-iterable NoneType object
  Warning: Could not parse coord for PHANT041-08: cannot unpack non-iterable NoneType object
  Warning: Could not parse coord for PHANT042-08: cannot unpack non-iterable NoneType object
  Warning: Could not parse coord for PHANT043-08: cannot unpack non-iterable NoneType object
  Warning: Could not parse coord for PHANT046-08: cannot unpack non-iterable NoneType object
  Warning: Could not parse coord for PHANT047-08: cannot unpack non-iterable NoneType object
  Warning: Could not parse coord for PHANT049-08: cannot unpack non-iterable NoneType object
  Warning: Could not parse coord for PHANT051-08: cannot unpack non-iterable NoneType object
  Warning: Could not parse coord for PHANT052-08: cannot unpack non-iterable NoneType object
  Warning: Could not parse coord for PHANT053-08: cannot unpack non-iterable NoneType object
  Warning: Could not parse coord for PHANT055-08: cannot unpack non-iterable NoneType object
  Warning: Could not parse coord for PHANT056-08: cannot unpack non-iterable NoneType object
  Warning: Could not parse coord for PHANT058-08: cannot unpack non-iterable NoneType object
  Warning: Could not parse coord for PHANT060-08: cannot unpack non-iterable NoneType object
  Warning: Could not parse coord for PHANT061-08: cannot unpack non-iterable NoneType object
  Warning: Could not parse coord for PHANT066-08: cannot unpack non-iterable NoneType object
  Warning: Could not parse coord for PHANT067-08: cannot unpack non-iterable NoneType object
  Warning: Could not parse coord for PHANT076-08: cannot unpack non-iterable NoneType object
  Warning: Could not parse coord for PHANT080-08: cannot unpack non-iterable NoneType object
  Warning: Could not parse coord for PHANT081-08: cannot unpack non-iterable NoneType object
  Warning: Could not parse coord for PHANT085-08: cannot unpack non-iterable NoneType object
  Warning: Could not parse coord for PHANT089-08: cannot unpack non-iterable NoneType object
  Warning: Could not parse coord for PHANT090-08: cannot unpack non-iterable NoneType object
  Warning: Could not parse coord for PHANT091-08: cannot unpack non-iterable NoneType object
  Warning: Could not parse coord for PHANT093-08: cannot unpack non-iterable NoneType object
  Warning: Could not parse coord for PHANT094-08: cannot unpack non-iterable NoneType object
  Warning: Could not parse coord for PHANT095-08: cannot unpack non-iterable NoneType object
  Warning: Could not parse coord for PHANT097-08: cannot unpack non-iterable NoneType object
  Warning: Could not parse coord for PHANT098-08: cannot unpack non-iterable NoneType object
  Warning: Could not parse coord for PHANT099-08: cannot unpack non-iterable NoneType object
  Warning: Could not parse coord for PHANT100-08: cannot unpack non-iterable NoneType object
  Warning: Could not parse coord for PHANT101-08: cannot unpack non-iterable NoneType object
  Warning: Could not parse coord for PHANT102-08: cannot unpack non-iterable NoneType object
  Warning: Could not parse coord for PHANT103-08: cannot unpack non-iterable NoneType object
  Warning: Could not parse coord for PHANT104-08: cannot unpack non-iterable NoneType object
  Warning: Could not parse coord for PHANT105-08: cannot unpack non-iterable NoneType object
  Warning: Could not parse coord for PHANT109-08: cannot unpack non-iterable NoneType object
  Warning: Could not parse coord for PHANT110-08: cannot unpack non-iterable NoneType object
  Warning: Could not parse coord for PHANT111-08: cannot unpack non-iterable NoneType object
  Warning: Could not parse coord for PHANT112-08: cannot unpack non-iterable NoneType object
  Warning: Could not parse coord for PHANT113-08: cannot unpack non-iterable NoneType object
  Warning: Could not parse coord for PHANT115-08: cannot unpack non-iterable NoneType object
  Warning: Could not parse coord for PHANT116-08: cannot unpack non-iterable NoneType object
  Warning: Could not parse coord for PHANT117-08: cannot unpack non-iterable NoneType object
  Warning: Could not parse coord for PHANT132-08: cannot unpack non-iterable NoneType object
  Warning: Could not parse coord for PHANT133-08: cannot unpack non-iterable NoneType object
  Warning: Could not parse coord for PHANT134-08: cannot unpack non-iterable NoneType object
  Warning: Could not parse coord for PHANT135-08: cannot unpack non-iterable NoneType object
  Warning: Could not parse coord for PHANT138-08: cannot unpack non-iterable NoneType object
  Warning: Could not parse coord for PHANT139-08: cannot unpack non-iterable NoneType object
  Warning: Could not parse coord for PHANT142-08: cannot unpack non-iterable NoneType object
  Warning: Could not parse coord for PHANT147-08: cannot unpack non-iterable NoneType object
  Warning: Could not parse coord for PHANT153-08: cannot unpack non-iterable NoneType object
  Warning: Could not parse coord for PHANT174-08: cannot unpack non-iterable NoneType object
  Warning: Could not parse coord for PHANT181-08: cannot unpack non-iterable NoneType object
  Warning: Could not parse coord for PHANT188-08: cannot unpack non-iterable NoneType object
  Warning: Could not parse coord for PHANT189-08: cannot unpack non-iterable NoneType object
  Warning: Could not parse coord for PHANT191-08: cannot unpack non-iterable NoneType object
  Warning: Could not parse coord for PHANT192-08: cannot unpack non-iterable NoneType object
  Warning: Could not parse coord for PHANT193-08: cannot unpack non-iterable NoneType object
  Warning: Could not parse coord for PHANT198-08: cannot unpack non-iterable NoneType object
  Warning: Could not parse coord for PHANT205-08: cannot unpack non-iterable NoneType object
  Warning: Could not parse coord for PHANT206-08: cannot unpack non-iterable NoneType object
  Warning: Could not parse coord for PHANT207-08: cannot unpack non-iterable NoneType object
  Warning: Could not parse coord for PHANT209-08: cannot unpack non-iterable NoneType object
  Warning: Could not parse coord for PHANT210-08: cannot unpack non-iterable NoneType object
  Warning: Could not parse coord for PHANT211-08: cannot unpack non-iterable NoneType object
  Warning: Could not parse coord for PHANT212-08: cannot unpack non-iterable NoneType object
  Warning: Could not parse coord for PHANT213-08: cannot unpack non-iterable NoneType object
  Warning: Could not parse coord for PHANT215-08: cannot unpack non-iterable NoneType object
  Warning: Could not parse coord for PHANT217-08: cannot unpack non-iterable NoneType object
  Warning: Could not parse coord for PHANT218-08: cannot unpack non-iterable NoneType object
  Warning: Could not parse coord for PHANT225-08: cannot unpack non-iterable NoneType object
  Warning: Could not parse coord for PHANT227-08: cannot unpack non-iterable NoneType object
  Warning: Could not parse coord for PHANT228-08: cannot unpack non-iterable NoneType object
  Warning: Could not parse coord for PHANT231-08: cannot unpack non-iterable NoneType object
  Warning: Could not parse coord for PHANT232-08: cannot unpack non-iterable NoneType object
  Warning: Could not parse coord for PHANT233-08: cannot unpack non-iterable NoneType object
  Warning: Could not parse coord for PHANT234-08: cannot unpack non-iterable NoneType object
  Warning: Could not parse coord for PHANT235-08: cannot unpack non-iterable NoneType object
  Warning: Could not parse coord for PHANT236-08: cannot unpack non-iterable NoneType object
  Warning: Could not parse coord for PHANT237-08: cannot unpack non-iterable NoneType object
  Warning: Could not parse coord for PHANT239-08: cannot unpack non-iterable NoneType object
  Warning: Could not parse coord for PHANT244-08: cannot unpack non-iterable NoneType object
  Warning: Could not parse coord for PHANT246-08: cannot unpack non-iterable NoneType object
  Warning: Could not parse coord for PHANT247-08: cannot unpack non-iterable NoneType object
  Warning: Could not parse coord for PHANT251-08: cannot unpack non-iterable NoneType object
  Warning: Could not parse coord for PHANT254-08: cannot unpack non-iterable NoneType object
  Warning: Could not parse coord for PHANT255-08: cannot unpack non-iterable NoneType object
  Warning: Could not parse coord for PHANT256-08: cannot unpack non-iterable NoneType object
  Warning: Could not parse coord for PHANT257-08: cannot unpack non-iterable NoneType object
  Warning: Could not parse coord for PHANT259-08: cannot unpack non-iterable NoneType object
  Warning: Could not parse coord for PHANT260-08: cannot unpack non-iterable NoneType object
  Warning: Could not parse coord for PHANT261-08: cannot unpack non-iterable NoneType object
  Warning: Could not parse coord for PHANT262-08: cannot unpack non-iterable NoneType object
  Warning: Could not parse coord for PHANT263-08: cannot unpack non-iterable NoneType object
  Warning: Could not parse coord for PHANT264-08: cannot unpack non-iterable NoneType object
  Warning: Could not parse coord for PHANT267-08: cannot unpack non-iterable NoneType object
  Warning: Could not parse coord for PHANT270-08: cannot unpack non-iterable NoneType object
  Warning: Could not parse coord for PHANT278-08: cannot unpack non-iterable NoneType object
  Warning: Could not parse coord for PHANT282-08: cannot unpack non-iterable NoneType object
  Warning: Could not parse coord for PHANT288-08: cannot unpack non-iterable NoneType object
  Warning: Could not parse coord for PHANT289-08: cannot unpack non-iterable NoneType object
  Warning: Could not parse coord for PHANT290-08: cannot unpack non-iterable NoneType object
  Warning: Could not parse coord for PHANT291-08: cannot unpack non-iterable NoneType object
  Warning: Could not parse coord for PHANT292-08: cannot unpack non-iterable NoneType object
  Warning: Could not parse coord for PHANT293-08: cannot unpack non-iterable NoneType object
  Warning: Could not parse coord for PHANT297-08: cannot unpack non-iterable NoneType object
  Warning: Could not parse coord for PHANT298-08: cannot unpack non-iterable NoneType object
  Warning: Could not parse coord for PHANT299-08: cannot unpack non-iterable NoneType object
  Warning: Could not parse coord for PHANT300-08: cannot unpack non-iterable NoneType object
  Warning: Could not parse coord for PHANT301-08: cannot unpack non-iterable NoneType object
  Warning: Could not parse coord for PHANT303-08: cannot unpack non-iterable NoneType object
  Warning: Could not parse coord for PHANT304-08: cannot unpack non-iterable NoneType object
  Warning: Could not parse coord for PHANT305-08: cannot unpack non-iterable NoneType object
  Warning: Could not parse coord for PHANT306-08: cannot unpack non-iterable NoneType object
  Warning: Could not parse coord for PHANT308-08: cannot unpack non-iterable NoneType object
  Warning: Could not parse coord for PHANT310-08: cannot unpack non-iterable NoneType object
  Warning: Could not parse coord for PHANT313-08: cannot unpack non-iterable NoneType object
  Warning: Could not parse coord for PHANT315-08: cannot unpack non-iterable NoneType object
  Warning: Could not parse coord for PHANT316-08: cannot unpack non-iterable NoneType object
  Warning: Could not parse coord for PHANT317-08: cannot unpack non-iterable NoneType object
  Warning: Could not parse coord for PHANT318-08: cannot unpack non-iterable NoneType object
  Warning: Could not parse coord for PHANT319-08: cannot unpack non-iterable NoneType object
  Warning: Could not parse coord for PHANT320-08: cannot unpack non-iterable NoneType object
  Warning: Could not parse coord for PHANT321-08: cannot unpack non-iterable NoneType object
  Warning: Could not parse coord for PHANT322-08: cannot unpack non-iterable NoneType object
  Warning: Could not parse coord for PHANT324-08: cannot unpack non-iterable NoneType object
  Warning: Could not parse coord for PHANT326-08: cannot unpack non-iterable NoneType object
  Warning: Could not parse coord for PHANT338-08: cannot unpack non-iterable NoneType object
  Warning: Could not parse coord for PHANT339-08: cannot unpack non-iterable NoneType object
  Warning: Could not parse coord for PHANT343-08: cannot unpack non-iterable NoneType object
  Warning: Could not parse coord for PHANT346-08: cannot unpack non-iterable NoneType object
  Warning: Could not parse coord for PHANT356-08: cannot unpack non-iterable NoneType object
  Warning: Could not parse coord for PHANT357-08: cannot unpack non-iterable NoneType object
  Warning: Could not parse coord for PHANT358-08: cannot unpack non-iterable NoneType object
  Warning: Could not parse coord for PHANT360-08: cannot unpack non-iterable NoneType object
  Warning: Could not parse coord for PHANT365-08: cannot unpack non-iterable NoneType object
  Warning: Could not parse coord for PHANT366-08: cannot unpack non-iterable NoneType object
  Warning: Could not parse coord for PHANT372-08: cannot unpack non-iterable NoneType object
  Warning: Could not parse coord for PHANT373-08: cannot unpack non-iterable NoneType object
  Warning: Could not parse coord for PHANT374-08: cannot unpack non-iterable NoneType object
  Warning: Could not parse coord for PHANT376-08: cannot unpack non-iterable NoneType object
  Warning: Could not parse coord for PHANT377-08: cannot unpack non-iterable NoneType object
  Warning: Could not parse coord for PHANT378-08: cannot unpack non-iterable NoneType object
  Warning: Could not parse coord for PHANT379-08: cannot unpack non-iterable NoneType object
  Warning: Could not parse coord for PHANT401-08: cannot unpack non-iterable NoneType object
  Warning: Could not parse coord for PHANT402-08: cannot unpack non-iterable NoneType object
  Warning: Could not parse coord for PHANT443-08: cannot unpack non-iterable NoneType object
  Warning: Could not parse coord for PHANT446-08: cannot unpack non-iterable NoneType object
  Warning: Could not parse coord for PHANT476-08: cannot unpack non-iterable NoneType object
  Warning: Could not parse coord for PHANT503-08: cannot unpack non-iterable NoneType object
  Warning: Could not parse coord for PHANT504-08: cannot unpack non-iterable NoneType object
  Warning: Could not parse coord for PHANT505-08: cannot unpack non-iterable NoneType object
  Warning: Could not parse coord for PHANT506-08: cannot unpack non-iterable NoneType object
  Warning: Could not parse coord for PHANT523-08: cannot unpack non-iterable NoneType object
  Warning: Could not parse coord for PHANT524-08: cannot unpack non-iterable NoneType object
  Warning: Could not parse coord for PHANT525-08: cannot unpack non-iterable NoneType object
  Warning: Could not parse coord for PHANT531-08: cannot unpack non-iterable NoneType object
  Warning: Could not parse coord for PHANT532-08: cannot unpack non-iterable NoneType object
  Warning: Could not parse coord for PHANT538-08: cannot unpack non-iterable NoneType object
  Warning: Could not parse coord for PHANT539-08: cannot unpack non-iterable NoneType object
  Warning: Could not parse coord for PHANT542-08: cannot unpack non-iterable NoneType object
  Warning: Could not parse coord for PHANT545-08: cannot unpack non-iterable NoneType object
  Warning: Could not parse coord for PHANT546-08: cannot unpack non-iterable NoneType object
  Warning: Could not parse coord for PHANT547-08: cannot unpack non-iterable NoneType object
  Warning: Could not parse coord for PHANT548-08: cannot unpack non-iterable NoneType object
  Warning: Could not parse coord for PHANT549-08: cannot unpack non-iterable NoneType object
  Warning: Could not parse coord for PHANT550-08: cannot unpack non-iterable NoneType object
  Warning: Could not parse coord for PHANT551-08: cannot unpack non-iterable NoneType object
  Warning: Could not parse coord for PHANT560-08: cannot unpack non-iterable NoneType object
  Warning: Could not parse coord for PHANT561-08: cannot unpack non-iterable NoneType object
  Warning: Could not parse coord for PHANT562-08: cannot unpack non-iterable NoneType object
  Warning: Could not parse coord for PHANT565-08: cannot unpack non-iterable NoneType object
  Warning: Could not parse coord for PHANT566-08: cannot unpack non-iterable NoneType object
  Warning: Could not parse coord for PHANT567-08: cannot unpack non-iterable NoneType object
  Warning: Could not parse coord for PHANT568-08: cannot unpack non-iterable NoneType object
  Warning: Could not parse coord for PHANT569-08: cannot unpack non-iterable NoneType object
  Warning: Could not parse coord for PHANT722-08: cannot unpack non-iterable NoneType object
  Warning: Could not parse coord for PHANT731-08: cannot unpack non-iterable NoneType object
  Warning: Could not parse coord for PHANT738-08: cannot unpack non-iterable NoneType object
  Warning: Could not parse coord for PHANT739-08: cannot unpack non-iterable NoneType object
  Warning: Could not parse coord for PHANT740-08: cannot unpack non-iterable NoneType object
  Warning: Could not parse coord for PHANT741-08: cannot unpack non-iterable NoneType object
  Warning: Could not parse coord for PHANT746-08: cannot unpack non-iterable NoneType object
  Warning: Could not parse coord for PHANT748-08: cannot unpack non-iterable NoneType object
  Warning: Could not parse coord for PHANT753-08: cannot unpack non-iterable NoneType object
  Warning: Could not parse coord for PHANT765-08: cannot unpack non-iterable NoneType object
  Warning: Could not parse coord for PHANT768-08: cannot unpack non-iterable NoneType object
  Warning: Could not parse coord for PHANT769-08: cannot unpack non-iterable NoneType object
  Warning: Could not parse coord for PHANT770-08: cannot unpack non-iterable NoneType object
  Warning: Could not parse coord for PHANT772-08: cannot unpack non-iterable NoneType object
  Warning: Could not parse coord for PHANT786-08: cannot unpack non-iterable NoneType object
  Warning: Could not parse coord for PHANT788-08: cannot unpack non-iterable NoneType object
  Warning: Could not parse coord for PHANT805-08: cannot unpack non-iterable NoneType object
  Warning: Could not parse coord for PHANT867-08: cannot unpack non-iterable NoneType object
  Warning: Could not parse coord for PHANT881-08: cannot unpack non-iterable NoneType object
  Warning: Could not parse coord for PHANT920-08: cannot unpack non-iterable NoneType object
  Warning: Could not parse coord for PHANT931-08: cannot unpack non-iterable NoneType object
  Warning: Could not parse coord for PHANT933-08: cannot unpack non-iterable NoneType object
  Warning: Could not parse coord for PHANT937-08: cannot unpack non-iterable NoneType object
  Warning: Could not parse coord for PHANT940-08: cannot unpack non-iterable NoneType object
  Warning: Could not parse coord for PHANT941-08: cannot unpack non-iterable NoneType object
  Warning: Could not parse coord for PRIS017-24: cannot unpack non-iterable NoneType object
  Warning: Could not parse coord for PRIS024-24: cannot unpack non-iterable NoneType object
  Warning: Could not parse coord for SDP331068-16: cannot unpack non-iterable NoneType object
  Warning: Could not parse coord for SOPNG043-18: cannot unpack non-iterable NoneType object
  Warning: Could not parse coord for SOPNG044-18: cannot unpack non-iterable NoneType object
  Warning: Could not parse coord for SOPNG045-18: cannot unpack non-iterable NoneType object
  Warning: Could not parse coord for SOPNG048-18: cannot unpack non-iterable NoneType object
  Warning: Could not parse coord for SOPNG054-18: cannot unpack non-iterable NoneType object
  Warning: Could not parse coord for SOPNG059-18: cannot unpack non-iterable NoneType object
  Warning: Could not parse coord for SOPNG062-18: cannot unpack non-iterable NoneType object
  Warning: Could not parse coord for SOPNG063-18: cannot unpack non-iterable NoneType object
  Warning: Could not parse coord for SOPNG064-18: cannot unpack non-iterable NoneType object
  Warning: Could not parse coord for SOPNG089-18: cannot unpack non-iterable NoneType object
  Warning: Could not parse coord for SOPNG091-18: cannot unpack non-iterable NoneType object
  Warning: Could not parse coord for ZSIV312-23: cannot unpack non-iterable NoneType object
  Warning: Could not parse coord for ZSIWF170-23: cannot unpack non-iterable NoneType object
  Warning: Could not parse coord for ZSIWF171-23: cannot unpack non-iterable NoneType object
  Warning: Could not parse coord for ZSIWF172-23: cannot unpack non-iterable NoneType object
  Warning: Could not parse coord for ZSIWF173-23: cannot unpack non-iterable NoneType object
  Warning: Could not parse coord for ZSIWF175-23: cannot unpack non-iterable NoneType object
✓ Parsed coordinates for 402 samples

Coordinate ranges:
  Latitude: -34.42 to 43.87
  Longitude: -149.86 to 155.83

✓ Saved filtered data: tests/Carcharhinus_output/02_filtered_metadata.tsv

======================================================================
  STEP 4: Assign Ocean Basins
======================================================================
✓ GOaS shapefile found: /Users/stesmith/Documents/depredation/boldgenotyper/GOaS_v1_20211214/goas_v01.shp
Loading GOaS data...
[2025-11-04 07:37:59] INFO: Loading GOaS shapefile from: /Users/stesmith/Documents/depredation/boldgenotyper/GOaS_v1_20211214/goas_v01.shp
[2025-11-04 07:38:28] INFO: Loaded 10 ocean basins from GOaS shapefile
✓ Loaded 10 ocean regions

Assigning ocean basins...
[2025-11-04 07:38:28] INFO: Creating point geometries from coordinates
[2025-11-04 07:38:28] INFO: Creating point geometries for 402/2590 samples with coordinates
[2025-11-04 07:38:29] INFO: Performing spatial join for 402/2590 samples with valid coordinates
[2025-11-04 07:38:29] INFO: Spatial join results: 270 assigned to basins, 132 outside all basins
[2025-11-04 07:38:29] WARNING: 32.8% of coordinates fall outside GOaS basins. This may indicate terrestrial coordinates or incomplete basin coverage.
[2025-11-04 07:38:29] INFO: Assigned 2320 samples to 'Unknown' basin (no coordinates or outside all basins)
✓ Parsed coordinate rows carried into basins: 402
 Unknown basin count: 2320 / 2590

✓ Ocean basin assignments:
  Unknown: 2320 samples
  Indian Ocean: 116 samples
  North Atlantic Ocean: 49 samples
  South China and Easter Archipelagic Seas: 45 samples
  South Pacific Ocean: 39 samples
  North Pacific Ocean: 14 samples
  Mediterranean Region: 4 samples
  South Atlantic Ocean: 3 samples

✓ Saved data with basins: tests/Carcharhinus_output/03_with_ocean_basins.tsv

======================================================================
  STEP 5: Generate FASTA File
======================================================================
Organism name: Carcharhinus
  Warning: Skipping COFPL064-16: Sequence too short (93 < 100)
  Warning: Skipping DSFSE877-08: Invalid characters: {'K', 'R'}
  Warning: Skipping DSMIS328-12: Sequence too short (6 < 100)
  Warning: Skipping DSMIS342-12: Sequence too short (6 < 100)
  Warning: Skipping EGRYR028-07: Invalid characters: {'M'}
  Warning: Skipping FOA068-04: Invalid characters: {'S'}
  Warning: Skipping FOAI163-08: Invalid characters: {'K'}
  Warning: Skipping FOAI166-08: Invalid characters: {'Y'}
  Warning: Skipping FTW748-09: Invalid characters: {'B'}
  Warning: Skipping GBAAP9546-25: Invalid characters: {'S'}
  Warning: Skipping GBGC18214-19: Invalid characters: {'K', 'R'}
  Warning: Skipping GBGC18226-19: Invalid characters: {'R'}
  Warning: Skipping GBGC18233-19: Invalid characters: {'K', 'R'}
  Warning: Skipping GBGC18234-19: Invalid characters: {'K', 'R'}
  Warning: Skipping GBGC18237-19: Invalid characters: {'S'}
  Warning: Skipping GBMNF42699-22: Invalid characters: {'K'}
  Warning: Skipping IRREK032-08: Invalid characters: {'Y'}
  Warning: Skipping IRREK878-08: Invalid characters: {'Y'}
  Warning: Skipping KERRI013-08: Invalid characters: {'K'}
  Warning: Skipping KERRI089-08: Invalid characters: {'R'}
  Warning: Skipping KERRI412-08: Invalid characters: {'S'}
  Warning: Skipping PHANT020-08: Invalid characters: {'K'}
  Warning: Skipping PHANT055-08: Invalid characters: {'Y'}
  Warning: Skipping PHANT089-08: Invalid characters: {'Y'}
  Warning: Skipping PHANT132-08: Invalid characters: {'R'}
  Warning: Skipping PHANT546-08: Invalid characters: {'W'}
  Warning: Skipping PHANT566-08: Invalid characters: {'Y'}
  Warning: Skipping PHANT738-08: Invalid characters: {'S'}
  Warning: Skipping PHANT740-08: Invalid characters: {'S', 'Y'}
  Warning: Skipping PHANT753-08: Invalid characters: {'S'}
  Warning: Skipping SOPNG079-18: Invalid characters: {'K'}
  Warning: Skipping SOPNG086-18: Invalid characters: {'Y'}

✓ Created 2558 FASTA records

Sequence length statistics:
  Min: 214 bp
  Max: 1590 bp
  Mean: 780.7 bp

✓ Saved FASTA: tests/Carcharhinus_output/Carcharhinus.fasta

======================================================================
  STEP 6: Dereplicate Sequences (Clustering)
======================================================================
Input: 2558 sequences
Clustering threshold: 0.01 (99% identity)

Running sequence alignment and clustering...
This may take a few minutes depending on dataset size...
[2025-11-04 07:38:30] INFO: Running MAFFT alignment: mafft --auto tests/Carcharhinus_output/Carcharhinus.fasta
[2025-11-04 07:39:39] INFO: MAFFT alignment completed: tests/Carcharhinus_output/dereplication/Carcharhinus_aligned.fasta
[2025-11-04 07:39:39] INFO: Running trimAl: trimal -in tests/Carcharhinus_output/dereplication/Carcharhinus_aligned.fasta -out tests/Carcharhinus_output/dereplication/Carcharhinus_trimmed.fasta -automated1
[2025-11-04 07:40:12] INFO: trimAl completed: tests/Carcharhinus_output/dereplication/Carcharhinus_trimmed.fasta
[2025-11-04 07:40:12] INFO: Calculating pairwise distances for 2558 sequences
[2025-11-04 07:49:48] INFO: Distance calculation complete: 3270403 pairwise distances
[2025-11-04 07:49:48] INFO: Clustering sequences with average linkage, threshold=0.01
[2025-11-04 07:49:49] INFO: Clustering complete: 85 clusters formed

✓ Identified 85 unique genotypes

Genotype clusters:
 consensus_c10_n9: 1554 bp
 consensus_c11_n99: 1554 bp
 consensus_c12_n1: 1554 bp
 consensus_c13_n1: 1554 bp
 consensus_c14_n1: 1554 bp
 consensus_c15_n1: 1554 bp
 consensus_c16_n61: 1554 bp
 consensus_c17_n65: 1554 bp
 consensus_c18_n1: 1554 bp
 consensus_c19_n1: 1554 bp
 consensus_c1_n2: 1554 bp
 consensus_c20_n129: 1554 bp
 consensus_c21_n466: 1554 bp
 consensus_c22_n1: 1554 bp
 consensus_c23_n1: 1554 bp
 consensus_c24_n2: 1554 bp
 consensus_c25_n1: 1554 bp
 consensus_c26_n8: 1554 bp
 consensus_c27_n2: 1554 bp
 consensus_c28_n201: 1554 bp
 consensus_c29_n5: 1554 bp
 consensus_c2_n4: 1554 bp
 consensus_c30_n1: 1554 bp
 consensus_c31_n1: 1554 bp
 consensus_c32_n1: 1554 bp
 consensus_c33_n1: 1554 bp
 consensus_c34_n1: 1554 bp
 consensus_c35_n1: 1554 bp
 consensus_c36_n1: 1554 bp
 consensus_c37_n1: 1554 bp
 consensus_c38_n1: 1554 bp
 consensus_c39_n31: 1554 bp
 consensus_c3_n1: 1554 bp
 consensus_c40_n1: 1554 bp
 consensus_c41_n14: 1554 bp
 consensus_c42_n21: 1554 bp
 consensus_c43_n1: 1554 bp
 consensus_c44_n39: 1554 bp
 consensus_c45_n50: 1554 bp
 consensus_c46_n33: 1554 bp
 consensus_c47_n156: 1554 bp
 consensus_c48_n1: 1554 bp
 consensus_c49_n1: 1554 bp
 consensus_c4_n2: 1554 bp
 consensus_c50_n1: 1554 bp
 consensus_c51_n2: 1554 bp
 consensus_c52_n69: 1554 bp
 consensus_c53_n25: 1554 bp
 consensus_c54_n65: 1554 bp
 consensus_c55_n1: 1554 bp
 consensus_c56_n1: 1554 bp
 consensus_c57_n31: 1554 bp
 consensus_c58_n111: 1554 bp
 consensus_c59_n1: 1554 bp
 consensus_c5_n1: 1554 bp
 consensus_c60_n1: 1554 bp
 consensus_c61_n2: 1554 bp
 consensus_c62_n3: 1554 bp
 consensus_c63_n2: 1554 bp
 consensus_c64_n213: 1554 bp
 consensus_c65_n1: 1554 bp
 consensus_c66_n1: 1554 bp
 consensus_c67_n1: 1554 bp
 consensus_c68_n1: 1554 bp
 consensus_c69_n34: 1554 bp
 consensus_c6_n1: 1554 bp
 consensus_c70_n67: 1554 bp
 consensus_c71_n1: 1554 bp
 consensus_c72_n430: 1554 bp
 consensus_c73_n1: 1554 bp
 consensus_c74_n1: 1554 bp
 consensus_c75_n1: 1554 bp
 consensus_c76_n1: 1554 bp
 consensus_c77_n1: 1554 bp
 consensus_c78_n1: 1554 bp
 consensus_c79_n1: 1554 bp
 consensus_c7_n1: 1554 bp
 consensus_c80_n1: 1554 bp
 consensus_c81_n1: 1554 bp
 consensus_c82_n1: 1554 bp
 consensus_c83_n1: 1554 bp
 consensus_c84_n6: 1554 bp
 consensus_c85_n3: 1554 bp
 consensus_c8_n40: 1554 bp
 consensus_c9_n9: 1554 bp

✓ Saved consensus sequences: tests/Carcharhinus_output/Carcharhinus_consensus.fasta

======================================================================
  STEP 7: Assign Samples to Genotypes
======================================================================
Assigning 2590 samples to 85 genotypes...
Minimum identity threshold: 0.8
[2025-11-04 07:49:55] INFO: ======================================================================
[2025-11-04 07:49:55] INFO: Starting genotype assignment workflow
[2025-11-04 07:49:55] INFO: ======================================================================
[2025-11-04 07:49:55] INFO: Using edlib for fast edit distance calculation
[2025-11-04 07:49:55] INFO: Step 1/6: Loading metadata from tests/Carcharhinus_output/02_filtered_metadata.tsv
[2025-11-04 07:49:55] INFO: Loaded 2590 samples from metadata
[2025-11-04 07:49:55] INFO: Step 2/6: Loading consensus sequences from tests/Carcharhinus_output/Carcharhinus_consensus.fasta
[2025-11-04 07:49:55] INFO: Read 85 sequences from tests/Carcharhinus_output/Carcharhinus_consensus.fasta
[2025-11-04 07:49:55] INFO: Loaded 85 consensus groups
[2025-11-04 07:49:55] INFO: Step 3/6: Loading raw sequences from tests/Carcharhinus_output/Carcharhinus.fasta
[2025-11-04 07:49:55] INFO: Read 2558 sequences from tests/Carcharhinus_output/Carcharhinus.fasta
[2025-11-04 07:49:55] INFO: Extracted 2558 unique processids from FASTA
[2025-11-04 07:49:55] INFO: Step 4/6: Preparing assignment tasks
[2025-11-04 07:49:55] INFO: Prepared 2590 assignment tasks
[2025-11-04 07:49:55] INFO: Step 5/6: Assigning genotypes (using 2 processes)
[2025-11-04 07:49:58] INFO: Logging to file: tests/test_run.log
[2025-11-04 07:49:58] INFO: Logging to file: tests/test_run.log
[2025-11-04 07:50:17] INFO: Completed genotype assignment for 2590 samples
[2025-11-04 07:50:17] INFO: Step 6/6: Writing outputs
[2025-11-04 07:50:17] INFO: Wrote updated metadata to tests/Carcharhinus_output/Carcharhinus_with_genotypes.tsv
[2025-11-04 07:50:17] INFO: Wrote diagnostics to tests/Carcharhinus_output/Carcharhinus_diagnostics.csv
[2025-11-04 07:50:17] INFO: ======================================================================
[2025-11-04 07:50:17] INFO: Genotype assignment summary:
[2025-11-04 07:50:17] INFO:   Total samples: 2590
[2025-11-04 07:50:17] INFO:   Successfully assigned: 452 (17.5%)
[2025-11-04 07:50:17] INFO:   Unassigned: 2138 (82.5%)
[2025-11-04 07:50:17] INFO:     - No sequence in FASTA: 32
[2025-11-04 07:50:17] INFO:     - Below identity threshold: 2106
[2025-11-04 07:50:17] INFO:   Diagnostic flags:
[2025-11-04 07:50:17] INFO:     - Ties (ambiguous): 2096
[2025-11-04 07:50:17] INFO:     - Low confidence: 0
[2025-11-04 07:50:17] INFO: ======================================================================
/Users/stesmith/Documents/depredation/boldgenotyper/boldgenotyper/utils.py:1258: FutureWarning: DataFrameGroupBy.apply operated on the grouping columns. This behavior is deprecated, and in a future version of pandas the grouping columns will be excluded from the operation. Either pass `include_groups=False` to exclude the groupings or explicitly select the grouping columns after groupby to silence this warning.
  .apply(_choose_series)

✓ Genotype assignments:
  consensus_c21_n466: 348 samples
  consensus_c47_n156: 45 samples
  consensus_c64_n213: 26 samples
  consensus_c70_n67: 3 samples
  consensus_c52_n69: 3 samples
  consensus_c69_n34: 3 samples
  consensus_c58_n111: 3 samples
  consensus_c28_n201: 3 samples
  consensus_c11_n99: 3 samples
  consensus_c54_n65: 2 samples
  consensus_c45_n50: 2 samples
  consensus_c8_n40: 2 samples
  consensus_c72_n430: 2 samples
  consensus_c57_n31: 2 samples
  consensus_c42_n21: 2 samples
  consensus_c71_n1: 1 samples
  consensus_c46_n33: 1 samples
  consensus_c44_n39: 1 samples

⚠ Warning: 2138 samples unassigned (below identity threshold or no sequence)

Assignment stats: {'total': 2590, 'assigned': 452, 'unassigned': 2138, 'no_sequence': 32, 'below_threshold': 2106, 'ties': 2096, 'low_confidence': 0}
✓ Saved annotated metadata: tests/Carcharhinus_output/Carcharhinus_with_genotypes.tsv
✓ Saved diagnostics: tests/Carcharhinus_output/Carcharhinus_diagnostics.csv

======================================================================
  STEP 7.5: Assign Taxonomy to Consensus Groups
======================================================================
✓ Saved updated genotypes with taxonomy: tests/Carcharhinus_output/Carcharhinus_with_genotypes.tsv
✓ Species tallies by group: tests/Carcharhinus_output/Carcharhinus_species_by_consensus.csv
✓ Chosen assignments per group: tests/Carcharhinus_output/Carcharhinus_consensus_taxonomy.csv

======================================================================
  STEP 8: Summary Statistics
======================================================================

======================================================================
Pipeline Summary for Carcharhinus
======================================================================

Input:
  Total samples in TSV: 3061
  Samples with valid coordinates after filtering: 2590
  Unique genotypes identified: 85

Genotype Distribution:
  consensus_c21_n466: 348 (13.4%)
  consensus_c47_n156: 45 (1.7%)
  consensus_c64_n213: 26 (1.0%)
  consensus_c70_n67: 3 (0.1%)
  consensus_c52_n69: 3 (0.1%)
  consensus_c69_n34: 3 (0.1%)
  consensus_c58_n111: 3 (0.1%)
  consensus_c28_n201: 3 (0.1%)
  consensus_c11_n99: 3 (0.1%)
  consensus_c54_n65: 2 (0.1%)
  consensus_c45_n50: 2 (0.1%)
  consensus_c8_n40: 2 (0.1%)
  consensus_c72_n430: 2 (0.1%)
  consensus_c57_n31: 2 (0.1%)
  consensus_c42_n21: 2 (0.1%)
  consensus_c71_n1: 1 (0.0%)
  consensus_c46_n33: 1 (0.0%)
  consensus_c44_n39: 1 (0.0%)

Coordinate Coverage:
  Parsed lat/lon for: 402 / 2590 (15.5%)
  Latitude range:  -34.42 to 43.87
  Longitude range: -149.86 to 155.83

Ocean Basin Distribution:
  Unknown: 2320 samples
  Indian Ocean: 116 samples
  North Atlantic Ocean: 49 samples
  South China and Easter Archipelagic Seas: 45 samples
  South Pacific Ocean: 39 samples
  North Pacific Ocean: 14 samples
  Mediterranean Region: 4 samples
  South Atlantic Ocean: 3 samples

Genotype × Ocean Basin (top 10 rows):
ocean_basin         Unknown  Indian Ocean  North Atlantic Ocean  South China and Easter Archipelagic Seas  South Pacific Ocean  North Pacific Ocean  Mediterranean Region  South Atlantic Ocean
consensus_group                                                                                                                                                                                
Unassigned             1872           112                    49                                        45                   39                   14                     4                     3
consensus_c21_n466      348             0                     0                                         0                    0                    0                     0                     0
consensus_c47_n156       45             0                     0                                         0                    0                    0                     0                     0
consensus_c64_n213       26             0                     0                                         0                    0                    0                     0                     0
consensus_c70_n67         1             2                     0                                         0                    0                    0                     0                     0
consensus_c69_n34         1             2                     0                                         0                    0                    0                     0                     0
consensus_c58_n111        3             0                     0                                         0                    0                    0                     0                     0
consensus_c11_n99         3             0                     0                                         0                    0                    0                     0                     0
consensus_c52_n69         3             0                     0                                         0                    0                    0                     0                     0
consensus_c28_n201        3             0                     0                                         0                    0                    0                     0                     0

GenotypeSP x Ocean Basin (top 10 rows):
ocean_basin                             Unknown  Indian Ocean  North Atlantic Ocean  South China and Easter Archipelagic Seas  South Pacific Ocean  North Pacific Ocean  Mediterranean Region  South Atlantic Ocean
consensus_group_sp                                                                                                                                                                                                 
Unassigned                                 1872           112                    49                                        45                   39                   14                     4                     3
Carcharhinus leucas c21_n466                348             0                     0                                         0                    0                    0                     0                     0
Carcharhinus obscurus c47_n156               45             0                     0                                         0                    0                    0                     0                     0
Carcharhinus plumbeus c64_n213               26             0                     0                                         0                    0                    0                     0                     0
Carcharhinus amblyrhynchoides c28_n201        3             0                     0                                         0                    0                    0                     0                     0
Carcharhinus albimarginatus c69_n34           1             2                     0                                         0                    0                    0                     0                     0
Carcharhinus sorrah c11_n99                   3             0                     0                                         0                    0                    0                     0                     0
Carcharhinus amblyrhynchos c70_n67            1             2                     0                                         0                    0                    0                     0                     0
Carcharhinus longimanus c52_n69               3             0                     0                                         0                    0                    0                     0                     0
Carcharhinus brevipinna c58_n111              3             0                     0                                         0                    0                    0                     0                     0

Per-basin assignment summary (saved): tests/Carcharhinus_output/Carcharhinus_basin_summary.csv

Output Files:
  ✓ tests/Carcharhinus_output/01_parsed_metadata.tsv
  ✓ tests/Carcharhinus_output/02_filtered_metadata.tsv
  ✓ tests/Carcharhinus_output/03_with_ocean_basins.tsv
  ✓ tests/Carcharhinus_output/Carcharhinus.fasta
  ✓ tests/Carcharhinus_output/Carcharhinus_consensus.fasta
  ✓ tests/Carcharhinus_output/Carcharhinus_with_genotypes.tsv
  ✓ tests/Carcharhinus_output/Carcharhinus_diagnostics.csv
  ✓ tests/Carcharhinus_output/Carcharhinus_species_by_consensus.csv
  ✓ tests/Carcharhinus_output/Carcharhinus_consensus_taxonomy.csv
  ✓ tests/Carcharhinus_output/Carcharhinus_annotated.csv
  ✓ tests/Carcharhinus_output/Carcharhinus_genotype_by_basin.csv
  ✓ tests/Carcharhinus_output/Carcharhinus_genotypeSP_by_basin.csv
  ✓ tests/Carcharhinus_output/Carcharhinus_basin_summary.csv

======================================================================
✓ Pipeline test completed successfully!
======================================================================

